2026-01-04 18:57:27 - app - ERROR - 解密密钥未设置
2026-01-04 18:57:27 - app - WARNING - 配置解密失败,返回空配置
2026-01-04 18:57:27 - app - ERROR - 夸克API配置未加载,请联系管理员获取配置
2026-01-04 18:57:27 - app - INFO - 许可证管理器初始化完成,服务器: http://license.22l2.com
2026-01-04 18:57:27 - app - INFO - 检查数据库...
2026-01-04 18:57:27 - app - INFO - 数据库检查完成
2026-01-04 18:57:27 - app - INFO - 清理异常中断的任务状态...
2026-01-04 18:57:27 - app - INFO - 升级管理器初始化完成,许可证服务器: http://license.22l2.com
2026-01-04 18:57:27 - app - INFO - Flask应用创建成功
2026-01-04 18:57:27 - app - INFO - 静态文件目录: C:\Data\夸克转存\client\frontend
2026-01-04 18:57:27 - app - INFO - 启动任务调度服务...
2026-01-04 18:57:27 - app - INFO - 检查被中断的影视下载任务...
2026-01-04 18:57:27 - app - INFO - 没有需要恢复的影视下载任务
2026-01-04 18:57:27 - app - INFO - 账期生成循环已启动
2026-01-04 18:57:27 - app - INFO - 账期生成线程已启动
2026-01-04 18:57:27 - app - INFO - 开始生成 2026-01-04 的任务账期
2026-01-04 18:57:27 - app - INFO - 任务执行循环已启动
2026-01-04 18:57:27 - app - INFO - 任务执行线程已启动
2026-01-04 18:57:27 - app - INFO - ✅ 生成完成，共创建 0 条待执行记录
2026-01-04 18:57:27 - app - INFO - 日志清理循环已启动
2026-01-04 18:57:27 - app - INFO - 日志清理线程已启动
2026-01-04 18:57:27 - app - INFO - 下次生成账期时间: 2026-01-05 00:00:00, 等待 18153 秒
2026-01-04 18:57:27 - app - INFO - 下次日志清理时间: 2026-01-05 02:00:00
2026-01-04 18:57:27 - app - INFO - 启动Flask服务: http://0.0.0.0:8520
2026-01-05 09:09:05 - app - INFO - 开始生成 2026-01-05 的任务账期
2026-01-05 09:09:05 - app - INFO - ✅ 生成完成，共创建 0 条待执行记录
2026-01-05 09:09:05 - app - INFO - 下次生成账期时间: 2026-01-06 00:00:00, 等待 53455 秒
