2026-01-13 19:47:40 - app - INFO - 许可证管理器初始化完成,服务器: http://license.22l2.com
2026-01-13 19:47:40 - app - INFO - 初始化许可证管理器...
2026-01-13 19:47:41 - app - INFO - 解密密钥设置成功
2026-01-13 19:47:41 - app - INFO - 解密密钥获取成功
2026-01-13 19:47:41 - app - INFO - 解密密钥获取成功，配置已就绪
2026-01-13 19:47:41 - app - INFO - 配置解密成功
2026-01-13 19:47:41 - app - INFO - 夸克API配置加载成功
2026-01-13 19:47:41 - app - INFO - 夸克API配置加载完成
2026-01-13 19:47:41 - app - INFO - 检查数据库...
2026-01-13 19:47:42 - app - INFO - 数据库检查完成
2026-01-13 19:47:42 - app - INFO - 检查数据库迁移...
2026-01-13 19:47:42 - app - INFO - 数据库迁移检查完成
2026-01-13 19:47:42 - app - INFO - 清理异常中断的任务状态...
2026-01-13 19:47:42 - app - INFO - 升级管理器初始化完成
2026-01-13 19:47:42 - app - INFO - Flask应用创建成功
2026-01-13 19:47:42 - app - INFO - 静态文件目录: C:\Data\夸克转存\client\frontend
2026-01-13 19:47:42 - app - INFO - 启动任务调度服务...
2026-01-13 19:47:43 - app - INFO - 检查被中断的影视下载任务...
2026-01-13 19:47:43 - app - INFO - 没有需要恢复的影视下载任务
2026-01-13 19:47:43 - app - INFO - 账期生成循环已启动
2026-01-13 19:47:43 - app - INFO - 账期生成线程已启动
2026-01-13 19:47:43 - app - INFO - 开始生成 2026-01-13 的任务账期
2026-01-13 19:47:43 - app - INFO - 任务执行循环已启动
2026-01-13 19:47:43 - app - INFO - 任务执行线程已启动
2026-01-13 19:47:43 - app - INFO - 跳过一次性执行任务: 测试
2026-01-13 19:47:43 - app - INFO - 日志清理循环已启动
2026-01-13 19:47:43 - app - INFO - 日志清理线程已启动
2026-01-13 19:47:43 - app - INFO - 跳过一次性执行任务: 小城大事
2026-01-13 19:47:43 - app - INFO - 下次日志清理时间: 2026-01-14 02:00:00
2026-01-13 19:47:43 - app - INFO - ✅ 生成完成，共创建 0 条待执行记录
2026-01-13 19:47:43 - app - INFO - 启动Flask服务: http://0.0.0.0:8520
2026-01-13 19:47:43 - app - INFO - 下次生成账期时间: 2026-01-14 00:00:00, 等待 15137 秒
2026-01-13 19:47:56 - app - INFO - 许可证管理器初始化完成,服务器: http://license.22l2.com
2026-01-13 19:47:56 - app - INFO - 初始化许可证管理器...
2026-01-13 19:47:57 - app - INFO - 解密密钥设置成功
2026-01-13 19:47:57 - app - INFO - 解密密钥获取成功
2026-01-13 19:47:57 - app - INFO - 解密密钥获取成功，配置已就绪
2026-01-13 19:47:57 - app - INFO - 配置解密成功
2026-01-13 19:47:57 - app - INFO - 夸克API配置加载成功
2026-01-13 19:47:57 - app - INFO - 夸克API配置加载完成
2026-01-13 19:47:57 - app - INFO - 检查数据库...
2026-01-13 19:47:57 - app - INFO - 数据库检查完成
2026-01-13 19:47:57 - app - INFO - 检查数据库迁移...
2026-01-13 19:47:57 - app - INFO - 数据库迁移检查完成
2026-01-13 19:47:57 - app - INFO - 清理异常中断的任务状态...
2026-01-13 19:47:57 - app - INFO - 升级管理器初始化完成
2026-01-13 19:47:57 - app - INFO - Flask应用创建成功
2026-01-13 19:47:57 - app - INFO - 静态文件目录: C:\Data\夸克转存\client\frontend
2026-01-13 19:47:57 - app - INFO - 启动任务调度服务...
2026-01-13 19:47:57 - app - INFO - 检查被中断的影视下载任务...
2026-01-13 19:47:57 - app - INFO - 没有需要恢复的影视下载任务
2026-01-13 19:47:57 - app - INFO - 账期生成循环已启动
2026-01-13 19:47:57 - app - INFO - 账期生成线程已启动
2026-01-13 19:47:57 - app - INFO - 开始生成 2026-01-13 的任务账期
2026-01-13 19:47:57 - app - INFO - 任务执行循环已启动
2026-01-13 19:47:57 - app - INFO - 任务执行线程已启动
2026-01-13 19:47:57 - app - INFO - 日志清理循环已启动
2026-01-13 19:47:57 - app - INFO - 日志清理线程已启动
2026-01-13 19:47:57 - app - INFO - 下次日志清理时间: 2026-01-14 02:00:00
2026-01-13 19:47:57 - app - INFO - 启动Flask服务: http://0.0.0.0:8520
2026-01-13 19:47:57 - app - INFO - 跳过一次性执行任务: 测试
2026-01-13 19:47:57 - app - INFO - 跳过一次性执行任务: 小城大事
2026-01-13 19:47:57 - app - INFO - ✅ 生成完成，共创建 0 条待执行记录
2026-01-13 19:47:57 - app - INFO - 下次生成账期时间: 2026-01-14 00:00:00, 等待 15123 秒
2026-01-13 19:48:02 - app - INFO - 用户登录成功: admin, session_id: N/A
2026-01-13 19:48:03 - app - INFO - 检查登录状态, session内容: {'_permanent': True, 'user_id': 1, 'username': 'admin'}, cookies: ImmutableMultiDict([('session', 'eyJfcGVybWFuZW50Ijp0cnVlLCJ1c2VyX2lkIjoxLCJ1c2VybmFtZSI6ImFkbWluIn0.aWYw8w.qNnmgR0MFdij76XyKvMGolE5YQY')])
2026-01-13 19:48:03 - app - INFO - 检查登录状态, session内容: {'_permanent': True, 'user_id': 1, 'username': 'admin'}, cookies: ImmutableMultiDict([('session', 'eyJfcGVybWFuZW50Ijp0cnVlLCJ1c2VyX2lkIjoxLCJ1c2VybmFtZSI6ImFkbWluIn0.aWYw8w.qNnmgR0MFdij76XyKvMGolE5YQY')])
2026-01-13 19:48:06 - app - INFO - 检查更新: 当前版本 2.1.3
2026-01-13 19:48:15 - app - INFO - 检查更新成功: {'has_update': False, 'message': '当前已是最新版本'}
2026-01-13 19:48:17 - app - INFO - 许可证管理器初始化完成,服务器: http://license.22l2.com
2026-01-13 19:48:17 - app - INFO - 初始化许可证管理器...
2026-01-13 19:48:18 - app - INFO - 解密密钥设置成功
2026-01-13 19:48:18 - app - INFO - 解密密钥获取成功
2026-01-13 19:48:18 - app - INFO - 解密密钥获取成功，配置已就绪
2026-01-13 19:48:18 - app - INFO - 配置解密成功
2026-01-13 19:48:18 - app - INFO - 夸克API配置加载成功
2026-01-13 19:48:18 - app - INFO - 夸克API配置加载完成
2026-01-13 19:48:18 - app - INFO - 检查数据库...
2026-01-13 19:48:18 - app - INFO - 数据库检查完成
2026-01-13 19:48:18 - app - INFO - 检查数据库迁移...
2026-01-13 19:48:18 - app - INFO - 数据库迁移检查完成
2026-01-13 19:48:18 - app - INFO - 清理异常中断的任务状态...
2026-01-13 19:48:18 - app - INFO - 升级管理器初始化完成
2026-01-13 19:48:18 - app - INFO - Flask应用创建成功
2026-01-13 19:48:18 - app - INFO - 静态文件目录: C:\Data\夸克转存\client\frontend
2026-01-13 19:48:18 - app - INFO - 启动任务调度服务...
2026-01-13 19:48:18 - app - INFO - 检查被中断的影视下载任务...
2026-01-13 19:48:18 - app - INFO - 没有需要恢复的影视下载任务
2026-01-13 19:48:18 - app - INFO - 账期生成循环已启动
2026-01-13 19:48:18 - app - INFO - 账期生成线程已启动
2026-01-13 19:48:18 - app - INFO - 开始生成 2026-01-13 的任务账期
2026-01-13 19:48:18 - app - INFO - 任务执行循环已启动
2026-01-13 19:48:18 - app - INFO - 任务执行线程已启动
2026-01-13 19:48:18 - app - INFO - 日志清理循环已启动
2026-01-13 19:48:18 - app - INFO - 日志清理线程已启动
2026-01-13 19:48:18 - app - INFO - 下次日志清理时间: 2026-01-14 02:00:00
2026-01-13 19:48:18 - app - INFO - 启动Flask服务: http://0.0.0.0:8520
2026-01-13 19:48:18 - app - INFO - 跳过一次性执行任务: 测试
2026-01-13 19:48:18 - app - INFO - 跳过一次性执行任务: 小城大事
2026-01-13 19:48:18 - app - INFO - ✅ 生成完成，共创建 0 条待执行记录
2026-01-13 19:48:18 - app - INFO - 下次生成账期时间: 2026-01-14 00:00:00, 等待 15101 秒
2026-01-13 19:48:20 - app - ERROR - 检查解析限制失败: no such table: daily_usage_stats
2026-01-13 19:48:20 - app - INFO - 读取官网信息，平台: tencent, URL: https://v.qq.com/x/cover/mzc00200znyfa5u/j41012uun85.html?traceid=12_360&no_refer=1
2026-01-13 19:48:20 - app - INFO - 开始读取腾讯视频，URL: https://v.qq.com/x/cover/mzc00200znyfa5u/j41012uun85.html?traceid=12_360&no_refer=1, CID: mzc00200znyfa5u
2026-01-13 19:48:20 - app - INFO - 获取腾讯视频详情，cid: mzc00200znyfa5u
2026-01-13 19:48:31 - app - INFO - 从share_info API获取到视频标题: 现在就出发 第3季
2026-01-13 19:48:31 - app - INFO - 发现 2 个分页tab
2026-01-13 19:48:31 - app - INFO - 提取到businessInfo: video_category=3
2026-01-13 19:48:31 - app - INFO - 首次请求获取到 27 集
2026-01-13 19:48:31 - app - INFO - 获取第 2 个tab的剧集 (31-47集)...
2026-01-13 19:48:31 - app - INFO - Tab 2 获取到 13 集新剧集
2026-01-13 19:48:31 - app - INFO - 已获取所有剧集，共 40 集
2026-01-13 19:48:31 - app - INFO - 开始识别视频类型，平台: tencent
2026-01-13 19:48:31 - app - INFO - 腾讯视频类型识别: category=3, type=综艺
2026-01-13 19:48:31 - app - INFO - 识别视频类型: 综艺
2026-01-14 09:10:53 - app - INFO - 开始生成 2026-01-14 的任务账期
2026-01-14 09:10:53 - app - INFO - 跳过一次性执行任务: 测试
2026-01-14 09:10:53 - app - INFO - 跳过一次性执行任务: 小城大事
2026-01-14 09:10:53 - app - INFO - ✅ 生成完成，共创建 0 条待执行记录
2026-01-14 09:10:53 - app - INFO - 下次生成账期时间: 2026-01-15 00:00:00, 等待 53346 秒
2026-01-14 09:11:18 - app - INFO - 开始生成 2026-01-14 的任务账期
2026-01-14 09:11:18 - app - INFO - 跳过一次性执行任务: 测试
2026-01-14 09:11:18 - app - INFO - 跳过一次性执行任务: 小城大事
2026-01-14 09:11:18 - app - INFO - ✅ 生成完成，共创建 0 条待执行记录
2026-01-14 09:11:18 - app - INFO - 下次生成账期时间: 2026-01-15 00:00:00, 等待 53322 秒
2026-01-14 14:51:33 - app - INFO - 开始清理超过 30 天的调度日志
2026-01-14 14:51:33 - app - INFO - 没有需要清理的调度日志
2026-01-14 14:51:33 - app - INFO - 下次日志清理时间: 2026-01-15 02:00:00
2026-01-14 14:51:33 - app - INFO - 开始清理超过 30 天的调度日志
2026-01-14 14:51:33 - app - INFO - 没有需要清理的调度日志
2026-01-14 14:51:33 - app - INFO - 下次日志清理时间: 2026-01-15 02:00:00
2026-01-15 09:07:42 - app - INFO - 开始生成 2026-01-15 的任务账期
2026-01-15 09:07:42 - app - INFO - 跳过一次性执行任务: 测试
2026-01-15 09:07:42 - app - INFO - 跳过一次性执行任务: 小城大事
2026-01-15 09:07:42 - app - INFO - ✅ 生成完成，共创建 0 条待执行记录
2026-01-15 09:07:42 - app - INFO - 下次生成账期时间: 2026-01-16 00:00:00, 等待 53537 秒
2026-01-15 09:08:18 - app - INFO - 开始生成 2026-01-15 的任务账期
2026-01-15 09:08:18 - app - INFO - 跳过一次性执行任务: 测试
2026-01-15 09:08:18 - app - INFO - 跳过一次性执行任务: 小城大事
2026-01-15 09:08:18 - app - INFO - ✅ 生成完成，共创建 0 条待执行记录
2026-01-15 09:08:18 - app - INFO - 下次生成账期时间: 2026-01-16 00:00:00, 等待 53502 秒
2026-01-15 09:59:42 - app - INFO - 检查登录状态, session内容: {}, cookies: ImmutableMultiDict([])
2026-01-15 09:59:50 - app - INFO - 检查登录状态, session内容: {}, cookies: ImmutableMultiDict([])
2026-01-15 09:59:50 - app - INFO - 检查登录状态, session内容: {}, cookies: ImmutableMultiDict([])
2026-01-15 09:59:55 - app - INFO - 用户登录成功: admin, session_id: N/A
2026-01-15 09:59:55 - app - INFO - 检查登录状态, session内容: {'_permanent': True, 'user_id': 1, 'username': 'admin'}, cookies: ImmutableMultiDict([('session', 'eyJfcGVybWFuZW50Ijp0cnVlLCJ1c2VyX2lkIjoxLCJ1c2VybmFtZSI6ImFkbWluIn0.aWhKGw.G4QyvRv1Iw9ySmYFbFvINP3CFQ4')])
2026-01-15 09:59:55 - app - INFO - 检查登录状态, session内容: {'_permanent': True, 'user_id': 1, 'username': 'admin'}, cookies: ImmutableMultiDict([('session', 'eyJfcGVybWFuZW50Ijp0cnVlLCJ1c2VyX2lkIjoxLCJ1c2VybmFtZSI6ImFkbWluIn0.aWhKGw.G4QyvRv1Iw9ySmYFbFvINP3CFQ4')])
2026-01-15 09:59:58 - app - INFO - 检查更新: 当前版本 2.1.3
2026-01-15 10:00:07 - app - INFO - 检查更新成功: {'has_update': False, 'message': '当前已是最新版本'}
2026-01-15 10:00:07 - app - INFO - 配置解密成功
2026-01-15 10:00:10 - app - INFO - 解密密钥设置成功
2026-01-15 10:00:10 - app - INFO - 解密密钥获取成功
2026-01-15 10:00:11 - app - ERROR - 检查解析限制失败: no such table: daily_usage_stats
2026-01-15 10:00:11 - app - INFO - 读取官网信息，平台: iqiyi, URL: http://www.iqiyi.com/v_1fe78k91od4.html?vfm=f_191_360y&fv=p_09_01
2026-01-15 10:00:11 - app - INFO - 尝试从accelerator.js获取tvid: http://www.iqiyi.com/v_1fe78k91od4.html?vfm=f_191_360y&fv=p_09_01
2026-01-15 10:00:11 - app - INFO - 从accelerator.js中提取到tvid: 5346134565555700
2026-01-15 10:00:11 - app - INFO - 提取到tvid: 5346134565555700
2026-01-15 10:00:11 - app - INFO - 请求手机版页面获取channelId: http://m.iqiyi.com/v_1fe78k91od4.html?vfm=f_191_360y&fv=p_09_01
2026-01-15 10:00:11 - app - INFO - 从手机版页面提取到channelId: 6
2026-01-15 10:00:12 - app - INFO - 开始识别视频类型，平台: iqiyi
2026-01-15 10:00:12 - app - INFO - 爱奇艺类型识别: channelId=6, type=综艺
2026-01-15 10:00:12 - app - INFO - 识别视频类型: 综艺
