2026-01-07 15:12:17 - app - INFO - 许可证管理器初始化完成,服务器: http://license.22l2.com
2026-01-07 15:12:17 - app - INFO - 初始化许可证管理器...
2026-01-07 15:12:19 - app - INFO - 解密密钥设置成功
2026-01-07 15:12:19 - app - INFO - 解密密钥获取成功
2026-01-07 15:12:19 - app - INFO - 解密密钥获取成功，配置已就绪
2026-01-07 15:12:19 - app - WARNING - 加密配置文件不存在,使用默认配置
2026-01-07 15:12:19 - app - WARNING - 配置解密失败,返回空配置
2026-01-07 15:12:19 - app - ERROR - 夸克API配置未加载,请联系管理员获取配置
2026-01-07 15:12:19 - app - ERROR - 夸克API配置加载失败: 夸克API配置未加载,请联系管理员获取配置
2026-01-07 15:12:19 - app - INFO - 检查数据库...
2026-01-07 15:12:19 - app - INFO - 数据库检查完成
2026-01-07 15:12:19 - app - INFO - 清理异常中断的任务状态...
2026-01-07 15:12:19 - app - INFO - 升级管理器初始化完成,许可证服务器: http://license.22l2.com
2026-01-07 15:12:19 - app - INFO - Flask应用创建成功
2026-01-07 15:12:19 - app - INFO - 静态文件目录: C:\Data\夸克转存\client\frontend
2026-01-07 15:12:19 - app - INFO - 启动任务调度服务...
2026-01-07 15:12:19 - app - INFO - 解密密钥设置成功
2026-01-07 15:12:19 - app - INFO - 解密密钥获取成功
2026-01-07 15:12:19 - app - INFO - 解密密钥获取成功，配置已就绪
2026-01-07 15:12:19 - app - INFO - 配置解密成功
2026-01-07 15:12:19 - app - INFO - 夸克API配置加载成功
2026-01-07 15:12:19 - app - INFO - 夸克API配置加载完成
2026-01-07 15:12:19 - app - INFO - 检查数据库...
2026-01-07 15:12:19 - app - INFO - 数据库检查完成
2026-01-07 15:12:19 - app - INFO - 清理异常中断的任务状态...
2026-01-07 15:12:19 - app - INFO - 检查被中断的影视下载任务...
2026-01-07 15:12:19 - app - INFO - 没有需要恢复的影视下载任务
2026-01-07 15:12:19 - app - INFO - 账期生成循环已启动
2026-01-07 15:12:19 - app - INFO - 账期生成线程已启动
2026-01-07 15:12:19 - app - INFO - 开始生成 2026-01-07 的任务账期
2026-01-07 15:12:19 - app - INFO - 任务执行循环已启动
2026-01-07 15:12:19 - app - INFO - 任务执行线程已启动
2026-01-07 15:12:19 - app - INFO - 日志清理循环已启动
2026-01-07 15:12:19 - app - INFO - 日志清理线程已启动
2026-01-07 15:12:19 - app - INFO - 下次日志清理时间: 2026-01-08 02:00:00
2026-01-07 15:12:19 - app - INFO - 启动Flask服务: http://0.0.0.0:8520
2026-01-07 15:12:19 - app - INFO - ✅ 生成完成，共创建 0 条待执行记录
2026-01-07 15:12:19 - app - INFO - 下次生成账期时间: 2026-01-08 00:00:00, 等待 31660 秒
2026-01-07 15:12:19 - app - INFO - 升级管理器初始化完成,许可证服务器: http://license.22l2.com
2026-01-07 15:12:19 - app - INFO - Flask应用创建成功
2026-01-07 15:12:19 - app - INFO - 静态文件目录: C:\Data\夸克转存\client\frontend
2026-01-07 15:12:19 - app - INFO - 启动任务调度服务...
2026-01-07 15:12:19 - app - INFO - 检查被中断的影视下载任务...
2026-01-07 15:12:19 - app - INFO - 没有需要恢复的影视下载任务
2026-01-07 15:12:19 - app - INFO - 账期生成循环已启动
2026-01-07 15:12:19 - app - INFO - 账期生成线程已启动
2026-01-07 15:12:19 - app - INFO - 开始生成 2026-01-07 的任务账期
2026-01-07 15:12:19 - app - INFO - 任务执行循环已启动
2026-01-07 15:12:19 - app - INFO - 任务执行线程已启动
2026-01-07 15:12:19 - app - INFO - 日志清理循环已启动
2026-01-07 15:12:19 - app - INFO - 日志清理线程已启动
2026-01-07 15:12:19 - app - INFO - 下次日志清理时间: 2026-01-08 02:00:00
2026-01-07 15:12:19 - app - INFO - 启动Flask服务: http://0.0.0.0:8520
2026-01-07 15:12:19 - app - INFO - ✅ 生成完成，共创建 0 条待执行记录
2026-01-07 15:12:19 - app - INFO - 下次生成账期时间: 2026-01-08 00:00:00, 等待 31660 秒
2026-01-07 15:12:49 - app - INFO - 许可证管理器初始化完成,服务器: http://license.22l2.com
2026-01-07 15:12:49 - app - INFO - 许可证管理器初始化完成,服务器: http://license.22l2.com
2026-01-07 15:12:49 - app - INFO - 初始化许可证管理器...
2026-01-07 15:12:49 - app - INFO - 初始化许可证管理器...
2026-01-07 15:12:51 - app - INFO - 解密密钥设置成功
2026-01-07 15:12:51 - app - INFO - 解密密钥获取成功
2026-01-07 15:12:51 - app - INFO - 解密密钥获取成功，配置已就绪
2026-01-07 15:12:51 - app - WARNING - 加密配置文件不存在,使用默认配置
2026-01-07 15:12:51 - app - WARNING - 配置解密失败,返回空配置
2026-01-07 15:12:51 - app - ERROR - 夸克API配置未加载,请联系管理员获取配置
2026-01-07 15:12:51 - app - ERROR - 夸克API配置加载失败: 夸克API配置未加载,请联系管理员获取配置
2026-01-07 15:12:51 - app - INFO - 检查数据库...
2026-01-07 15:12:51 - app - INFO - 数据库检查完成
2026-01-07 15:12:51 - app - INFO - 清理异常中断的任务状态...
2026-01-07 15:12:51 - app - INFO - 升级管理器初始化完成,许可证服务器: http://license.22l2.com
2026-01-07 15:12:51 - app - INFO - Flask应用创建成功
2026-01-07 15:12:51 - app - INFO - 静态文件目录: C:\Data\夸克转存\client\frontend
2026-01-07 15:12:51 - app - INFO - 启动任务调度服务...
2026-01-07 15:12:51 - app - INFO - 检查被中断的影视下载任务...
2026-01-07 15:12:51 - app - INFO - 没有需要恢复的影视下载任务
2026-01-07 15:12:51 - app - INFO - 账期生成循环已启动
2026-01-07 15:12:51 - app - INFO - 账期生成线程已启动
2026-01-07 15:12:51 - app - INFO - 开始生成 2026-01-07 的任务账期
2026-01-07 15:12:51 - app - INFO - 任务执行循环已启动
2026-01-07 15:12:51 - app - INFO - 任务执行线程已启动
2026-01-07 15:12:51 - app - INFO - 日志清理循环已启动
2026-01-07 15:12:51 - app - INFO - 日志清理线程已启动
2026-01-07 15:12:51 - app - INFO - ✅ 生成完成，共创建 0 条待执行记录
2026-01-07 15:12:51 - app - INFO - 下次日志清理时间: 2026-01-08 02:00:00
2026-01-07 15:12:51 - app - INFO - 启动Flask服务: http://0.0.0.0:8520
2026-01-07 15:12:51 - app - INFO - 下次生成账期时间: 2026-01-08 00:00:00, 等待 31629 秒
2026-01-07 15:12:52 - app - INFO - 解密密钥设置成功
2026-01-07 15:12:52 - app - INFO - 解密密钥获取成功
2026-01-07 15:12:52 - app - INFO - 解密密钥获取成功，配置已就绪
2026-01-07 15:12:52 - app - INFO - 配置解密成功
2026-01-07 15:12:52 - app - INFO - 夸克API配置加载成功
2026-01-07 15:12:52 - app - INFO - 夸克API配置加载完成
2026-01-07 15:12:52 - app - INFO - 检查数据库...
2026-01-07 15:12:52 - app - INFO - 数据库检查完成
2026-01-07 15:12:52 - app - INFO - 清理异常中断的任务状态...
2026-01-07 15:12:52 - app - INFO - 升级管理器初始化完成,许可证服务器: http://license.22l2.com
2026-01-07 15:12:52 - app - INFO - Flask应用创建成功
2026-01-07 15:12:52 - app - INFO - 静态文件目录: C:\Data\夸克转存\client\frontend
2026-01-07 15:12:52 - app - INFO - 启动任务调度服务...
2026-01-07 15:12:52 - app - INFO - 检查被中断的影视下载任务...
2026-01-07 15:12:52 - app - INFO - 没有需要恢复的影视下载任务
2026-01-07 15:12:52 - app - INFO - 账期生成循环已启动
2026-01-07 15:12:52 - app - INFO - 账期生成线程已启动
2026-01-07 15:12:52 - app - INFO - 开始生成 2026-01-07 的任务账期
2026-01-07 15:12:52 - app - INFO - 任务执行循环已启动
2026-01-07 15:12:52 - app - INFO - 任务执行线程已启动
2026-01-07 15:12:52 - app - INFO - 日志清理循环已启动
2026-01-07 15:12:52 - app - INFO - 日志清理线程已启动
2026-01-07 15:12:52 - app - INFO - 下次日志清理时间: 2026-01-08 02:00:00
2026-01-07 15:12:52 - app - INFO - 启动Flask服务: http://0.0.0.0:8520
2026-01-07 15:12:52 - app - INFO - ✅ 生成完成，共创建 0 条待执行记录
2026-01-07 15:12:52 - app - INFO - 下次生成账期时间: 2026-01-08 00:00:00, 等待 31628 秒
2026-01-07 15:13:07 - app - INFO - 许可证管理器初始化完成,服务器: http://license.22l2.com
2026-01-07 15:13:07 - app - INFO - 初始化许可证管理器...
2026-01-07 15:13:07 - app - INFO - 许可证管理器初始化完成,服务器: http://license.22l2.com
2026-01-07 15:13:07 - app - INFO - 初始化许可证管理器...
2026-01-07 15:13:08 - app - INFO - 解密密钥设置成功
2026-01-07 15:13:08 - app - INFO - 解密密钥获取成功
2026-01-07 15:13:08 - app - INFO - 解密密钥获取成功，配置已就绪
2026-01-07 15:13:08 - app - INFO - 配置解密成功
2026-01-07 15:13:08 - app - INFO - 夸克API配置加载成功
2026-01-07 15:13:08 - app - INFO - 夸克API配置加载完成
2026-01-07 15:13:08 - app - INFO - 检查数据库...
2026-01-07 15:13:08 - app - INFO - 数据库检查完成
2026-01-07 15:13:08 - app - INFO - 清理异常中断的任务状态...
2026-01-07 15:13:08 - app - INFO - 升级管理器初始化完成,许可证服务器: http://license.22l2.com
2026-01-07 15:13:08 - app - INFO - Flask应用创建成功
2026-01-07 15:13:08 - app - INFO - 静态文件目录: C:\Data\夸克转存\client\frontend
2026-01-07 15:13:08 - app - INFO - 启动任务调度服务...
2026-01-07 15:13:09 - app - INFO - 检查被中断的影视下载任务...
2026-01-07 15:13:09 - app - INFO - 没有需要恢复的影视下载任务
2026-01-07 15:13:09 - app - INFO - 账期生成循环已启动
2026-01-07 15:13:09 - app - INFO - 账期生成线程已启动
2026-01-07 15:13:09 - app - INFO - 开始生成 2026-01-07 的任务账期
2026-01-07 15:13:09 - app - INFO - 任务执行循环已启动
2026-01-07 15:13:09 - app - INFO - 任务执行线程已启动
2026-01-07 15:13:09 - app - INFO - 日志清理循环已启动
2026-01-07 15:13:09 - app - INFO - 日志清理线程已启动
2026-01-07 15:13:09 - app - INFO - 下次日志清理时间: 2026-01-08 02:00:00
2026-01-07 15:13:09 - app - INFO - ✅ 生成完成，共创建 0 条待执行记录
2026-01-07 15:13:09 - app - INFO - 启动Flask服务: http://0.0.0.0:8520
2026-01-07 15:13:09 - app - INFO - 下次生成账期时间: 2026-01-08 00:00:00, 等待 31611 秒
2026-01-07 15:13:09 - app - INFO - 解密密钥设置成功
2026-01-07 15:13:09 - app - INFO - 解密密钥获取成功
2026-01-07 15:13:09 - app - INFO - 解密密钥获取成功，配置已就绪
2026-01-07 15:13:09 - app - WARNING - 加密配置文件不存在,使用默认配置
2026-01-07 15:13:09 - app - WARNING - 配置解密失败,返回空配置
2026-01-07 15:13:09 - app - ERROR - 夸克API配置未加载,请联系管理员获取配置
2026-01-07 15:13:09 - app - ERROR - 夸克API配置加载失败: 夸克API配置未加载,请联系管理员获取配置
2026-01-07 15:13:09 - app - INFO - 检查数据库...
2026-01-07 15:13:09 - app - INFO - 数据库检查完成
2026-01-07 15:13:09 - app - INFO - 清理异常中断的任务状态...
2026-01-07 15:13:09 - app - INFO - 升级管理器初始化完成,许可证服务器: http://license.22l2.com
2026-01-07 15:13:09 - app - INFO - Flask应用创建成功
2026-01-07 15:13:09 - app - INFO - 静态文件目录: C:\Data\夸克转存\client\frontend
2026-01-07 15:13:09 - app - INFO - 启动任务调度服务...
2026-01-07 15:13:09 - app - INFO - 检查被中断的影视下载任务...
2026-01-07 15:13:09 - app - INFO - 没有需要恢复的影视下载任务
2026-01-07 15:13:09 - app - INFO - 账期生成循环已启动
2026-01-07 15:13:09 - app - INFO - 账期生成线程已启动
2026-01-07 15:13:09 - app - INFO - 开始生成 2026-01-07 的任务账期
2026-01-07 15:13:09 - app - INFO - 任务执行循环已启动
2026-01-07 15:13:09 - app - INFO - 任务执行线程已启动
2026-01-07 15:13:09 - app - INFO - 日志清理循环已启动
2026-01-07 15:13:09 - app - INFO - 日志清理线程已启动
2026-01-07 15:13:09 - app - INFO - 下次日志清理时间: 2026-01-08 02:00:00
2026-01-07 15:13:09 - app - INFO - 启动Flask服务: http://0.0.0.0:8520
2026-01-07 15:13:09 - app - INFO - ✅ 生成完成，共创建 0 条待执行记录
2026-01-07 15:13:09 - app - INFO - 下次生成账期时间: 2026-01-08 00:00:00, 等待 31610 秒
2026-01-07 15:13:18 - app - INFO - 许可证管理器初始化完成,服务器: http://license.22l2.com
2026-01-07 15:13:18 - app - INFO - 初始化许可证管理器...
2026-01-07 15:13:19 - app - INFO - 许可证管理器初始化完成,服务器: http://license.22l2.com
2026-01-07 15:13:19 - app - INFO - 初始化许可证管理器...
2026-01-07 15:13:20 - app - INFO - 解密密钥设置成功
2026-01-07 15:13:20 - app - INFO - 解密密钥获取成功
2026-01-07 15:13:20 - app - INFO - 解密密钥获取成功，配置已就绪
2026-01-07 15:13:20 - app - WARNING - 加密配置文件不存在,使用默认配置
2026-01-07 15:13:20 - app - WARNING - 配置解密失败,返回空配置
2026-01-07 15:13:20 - app - ERROR - 夸克API配置未加载,请联系管理员获取配置
2026-01-07 15:13:20 - app - ERROR - 夸克API配置加载失败: 夸克API配置未加载,请联系管理员获取配置
2026-01-07 15:13:20 - app - INFO - 检查数据库...
2026-01-07 15:13:20 - app - INFO - 数据库检查完成
2026-01-07 15:13:20 - app - INFO - 清理异常中断的任务状态...
2026-01-07 15:13:20 - app - INFO - 升级管理器初始化完成,许可证服务器: http://license.22l2.com
2026-01-07 15:13:20 - app - INFO - Flask应用创建成功
2026-01-07 15:13:20 - app - INFO - 静态文件目录: C:\Data\夸克转存\client\frontend
2026-01-07 15:13:20 - app - INFO - 启动任务调度服务...
2026-01-07 15:13:20 - app - INFO - 检查被中断的影视下载任务...
2026-01-07 15:13:20 - app - INFO - 没有需要恢复的影视下载任务
2026-01-07 15:13:20 - app - INFO - 账期生成循环已启动
2026-01-07 15:13:20 - app - INFO - 账期生成线程已启动
2026-01-07 15:13:20 - app - INFO - 开始生成 2026-01-07 的任务账期
2026-01-07 15:13:20 - app - INFO - 任务执行循环已启动
2026-01-07 15:13:20 - app - INFO - 任务执行线程已启动
2026-01-07 15:13:20 - app - INFO - 日志清理循环已启动
2026-01-07 15:13:20 - app - INFO - 日志清理线程已启动
2026-01-07 15:13:20 - app - INFO - 下次日志清理时间: 2026-01-08 02:00:00
2026-01-07 15:13:20 - app - INFO - ✅ 生成完成，共创建 0 条待执行记录
2026-01-07 15:13:20 - app - INFO - 启动Flask服务: http://0.0.0.0:8520
2026-01-07 15:13:20 - app - INFO - 下次生成账期时间: 2026-01-08 00:00:00, 等待 31600 秒
2026-01-07 15:13:20 - app - INFO - 解密密钥设置成功
2026-01-07 15:13:20 - app - INFO - 解密密钥获取成功
2026-01-07 15:13:20 - app - INFO - 解密密钥获取成功，配置已就绪
2026-01-07 15:13:20 - app - INFO - 配置解密成功
2026-01-07 15:13:20 - app - INFO - 夸克API配置加载成功
2026-01-07 15:13:20 - app - INFO - 夸克API配置加载完成
2026-01-07 15:13:20 - app - INFO - 检查数据库...
2026-01-07 15:13:20 - app - INFO - 数据库检查完成
2026-01-07 15:13:20 - app - INFO - 清理异常中断的任务状态...
2026-01-07 15:13:20 - app - INFO - 升级管理器初始化完成,许可证服务器: http://license.22l2.com
2026-01-07 15:13:20 - app - INFO - Flask应用创建成功
2026-01-07 15:13:20 - app - INFO - 静态文件目录: C:\Data\夸克转存\client\frontend
2026-01-07 15:13:20 - app - INFO - 启动任务调度服务...
2026-01-07 15:13:20 - app - INFO - 检查被中断的影视下载任务...
2026-01-07 15:13:20 - app - INFO - 没有需要恢复的影视下载任务
2026-01-07 15:13:20 - app - INFO - 账期生成循环已启动
2026-01-07 15:13:20 - app - INFO - 账期生成线程已启动
2026-01-07 15:13:20 - app - INFO - 开始生成 2026-01-07 的任务账期
2026-01-07 15:13:20 - app - INFO - 任务执行循环已启动
2026-01-07 15:13:20 - app - INFO - 任务执行线程已启动
2026-01-07 15:13:20 - app - INFO - 日志清理循环已启动
2026-01-07 15:13:20 - app - INFO - 日志清理线程已启动
2026-01-07 15:13:20 - app - INFO - 下次日志清理时间: 2026-01-08 02:00:00
2026-01-07 15:13:20 - app - INFO - 启动Flask服务: http://0.0.0.0:8520
2026-01-07 15:13:20 - app - INFO - ✅ 生成完成，共创建 0 条待执行记录
2026-01-07 15:13:20 - app - INFO - 下次生成账期时间: 2026-01-08 00:00:00, 等待 31600 秒
2026-01-07 15:13:47 - app - INFO - 许可证管理器初始化完成,服务器: http://license.22l2.com
2026-01-07 15:13:47 - app - INFO - 初始化许可证管理器...
2026-01-07 15:13:47 - app - INFO - 许可证管理器初始化完成,服务器: http://license.22l2.com
2026-01-07 15:13:47 - app - INFO - 初始化许可证管理器...
2026-01-07 15:13:48 - app - INFO - 解密密钥设置成功
2026-01-07 15:13:48 - app - INFO - 解密密钥获取成功
2026-01-07 15:13:48 - app - INFO - 解密密钥获取成功，配置已就绪
2026-01-07 15:13:48 - app - WARNING - 加密配置文件不存在,使用默认配置
2026-01-07 15:13:48 - app - WARNING - 配置解密失败,返回空配置
2026-01-07 15:13:48 - app - ERROR - 夸克API配置未加载,请联系管理员获取配置
2026-01-07 15:13:48 - app - ERROR - 夸克API配置加载失败: 夸克API配置未加载,请联系管理员获取配置
2026-01-07 15:13:48 - app - INFO - 检查数据库...
2026-01-07 15:13:48 - app - INFO - 数据库检查完成
2026-01-07 15:13:48 - app - INFO - 清理异常中断的任务状态...
2026-01-07 15:13:48 - app - INFO - 升级管理器初始化完成,许可证服务器: http://license.22l2.com
2026-01-07 15:13:48 - app - INFO - Flask应用创建成功
2026-01-07 15:13:48 - app - INFO - 静态文件目录: C:\Data\夸克转存\client\frontend
2026-01-07 15:13:48 - app - INFO - 启动任务调度服务...
2026-01-07 15:13:48 - app - INFO - 检查被中断的影视下载任务...
2026-01-07 15:13:48 - app - INFO - 没有需要恢复的影视下载任务
2026-01-07 15:13:48 - app - INFO - 账期生成循环已启动
2026-01-07 15:13:48 - app - INFO - 账期生成线程已启动
2026-01-07 15:13:48 - app - INFO - 开始生成 2026-01-07 的任务账期
2026-01-07 15:13:48 - app - INFO - 任务执行循环已启动
2026-01-07 15:13:48 - app - INFO - 任务执行线程已启动
2026-01-07 15:13:48 - app - INFO - 日志清理循环已启动
2026-01-07 15:13:48 - app - INFO - 日志清理线程已启动
2026-01-07 15:13:48 - app - INFO - 下次日志清理时间: 2026-01-08 02:00:00
2026-01-07 15:13:48 - app - INFO - ✅ 生成完成，共创建 0 条待执行记录
2026-01-07 15:13:48 - app - INFO - 启动Flask服务: http://0.0.0.0:8520
2026-01-07 15:13:48 - app - INFO - 下次生成账期时间: 2026-01-08 00:00:00, 等待 31571 秒
2026-01-07 15:13:49 - app - INFO - 解密密钥设置成功
2026-01-07 15:13:49 - app - INFO - 解密密钥获取成功
2026-01-07 15:13:49 - app - INFO - 解密密钥获取成功，配置已就绪
2026-01-07 15:13:49 - app - INFO - 配置解密成功
2026-01-07 15:13:49 - app - INFO - 夸克API配置加载成功
2026-01-07 15:13:49 - app - INFO - 夸克API配置加载完成
2026-01-07 15:13:49 - app - INFO - 检查数据库...
2026-01-07 15:13:49 - app - INFO - 数据库检查完成
2026-01-07 15:13:49 - app - INFO - 清理异常中断的任务状态...
2026-01-07 15:13:49 - app - INFO - 升级管理器初始化完成,许可证服务器: http://license.22l2.com
2026-01-07 15:13:49 - app - INFO - Flask应用创建成功
2026-01-07 15:13:49 - app - INFO - 静态文件目录: C:\Data\夸克转存\client\frontend
2026-01-07 15:13:49 - app - INFO - 启动任务调度服务...
2026-01-07 15:13:49 - app - INFO - 检查被中断的影视下载任务...
2026-01-07 15:13:49 - app - INFO - 没有需要恢复的影视下载任务
2026-01-07 15:13:49 - app - INFO - 账期生成循环已启动
2026-01-07 15:13:49 - app - INFO - 账期生成线程已启动
2026-01-07 15:13:49 - app - INFO - 开始生成 2026-01-07 的任务账期
2026-01-07 15:13:49 - app - INFO - 任务执行循环已启动
2026-01-07 15:13:49 - app - INFO - 任务执行线程已启动
2026-01-07 15:13:49 - app - INFO - 日志清理循环已启动
2026-01-07 15:13:49 - app - INFO - 日志清理线程已启动
2026-01-07 15:13:49 - app - INFO - 下次日志清理时间: 2026-01-08 02:00:00
2026-01-07 15:13:49 - app - INFO - ✅ 生成完成，共创建 0 条待执行记录
2026-01-07 15:13:49 - app - INFO - 启动Flask服务: http://0.0.0.0:8520
2026-01-07 15:13:49 - app - INFO - 下次生成账期时间: 2026-01-08 00:00:00, 等待 31571 秒
2026-01-07 15:14:40 - app - INFO - 许可证管理器初始化完成,服务器: http://license.22l2.com
2026-01-07 15:14:40 - app - INFO - 初始化许可证管理器...
2026-01-07 15:14:40 - app - INFO - 许可证管理器初始化完成,服务器: http://license.22l2.com
2026-01-07 15:14:40 - app - INFO - 初始化许可证管理器...
2026-01-07 15:14:42 - app - INFO - 解密密钥设置成功
2026-01-07 15:14:42 - app - INFO - 解密密钥获取成功
2026-01-07 15:14:42 - app - INFO - 解密密钥获取成功，配置已就绪
2026-01-07 15:14:42 - app - WARNING - 加密配置文件不存在,使用默认配置
2026-01-07 15:14:42 - app - WARNING - 配置解密失败,返回空配置
2026-01-07 15:14:42 - app - ERROR - 夸克API配置未加载,请联系管理员获取配置
2026-01-07 15:14:42 - app - ERROR - 夸克API配置加载失败: 夸克API配置未加载,请联系管理员获取配置
2026-01-07 15:14:42 - app - INFO - 检查数据库...
2026-01-07 15:14:42 - app - INFO - 数据库检查完成
2026-01-07 15:14:42 - app - INFO - 清理异常中断的任务状态...
2026-01-07 15:14:42 - app - INFO - 升级管理器初始化完成,许可证服务器: http://license.22l2.com
2026-01-07 15:14:42 - app - INFO - Flask应用创建成功
2026-01-07 15:14:42 - app - INFO - 静态文件目录: C:\Data\夸克转存\client\frontend
2026-01-07 15:14:42 - app - INFO - 启动任务调度服务...
2026-01-07 15:14:42 - app - INFO - 检查被中断的影视下载任务...
2026-01-07 15:14:42 - app - INFO - 没有需要恢复的影视下载任务
2026-01-07 15:14:42 - app - INFO - 账期生成循环已启动
2026-01-07 15:14:42 - app - INFO - 账期生成线程已启动
2026-01-07 15:14:42 - app - INFO - 开始生成 2026-01-07 的任务账期
2026-01-07 15:14:42 - app - INFO - 任务执行循环已启动
2026-01-07 15:14:42 - app - INFO - 任务执行线程已启动
2026-01-07 15:14:42 - app - INFO - 日志清理循环已启动
2026-01-07 15:14:42 - app - INFO - 日志清理线程已启动
2026-01-07 15:14:42 - app - INFO - 下次日志清理时间: 2026-01-08 02:00:00
2026-01-07 15:14:42 - app - INFO - ✅ 生成完成，共创建 0 条待执行记录
2026-01-07 15:14:42 - app - INFO - 启动Flask服务: http://0.0.0.0:8520
2026-01-07 15:14:42 - app - INFO - 下次生成账期时间: 2026-01-08 00:00:00, 等待 31518 秒
2026-01-07 15:14:42 - app - INFO - 解密密钥设置成功
2026-01-07 15:14:42 - app - INFO - 解密密钥获取成功
2026-01-07 15:14:42 - app - INFO - 解密密钥获取成功，配置已就绪
2026-01-07 15:14:42 - app - INFO - 配置解密成功
2026-01-07 15:14:42 - app - INFO - 夸克API配置加载成功
2026-01-07 15:14:42 - app - INFO - 夸克API配置加载完成
2026-01-07 15:14:42 - app - INFO - 检查数据库...
2026-01-07 15:14:42 - app - INFO - 数据库检查完成
2026-01-07 15:14:42 - app - INFO - 清理异常中断的任务状态...
2026-01-07 15:14:42 - app - INFO - 升级管理器初始化完成,许可证服务器: http://license.22l2.com
2026-01-07 15:14:42 - app - INFO - Flask应用创建成功
2026-01-07 15:14:42 - app - INFO - 静态文件目录: C:\Data\夸克转存\client\frontend
2026-01-07 15:14:42 - app - INFO - 启动任务调度服务...
2026-01-07 15:14:42 - app - INFO - 检查被中断的影视下载任务...
2026-01-07 15:14:42 - app - INFO - 没有需要恢复的影视下载任务
2026-01-07 15:14:42 - app - INFO - 账期生成循环已启动
2026-01-07 15:14:42 - app - INFO - 账期生成线程已启动
2026-01-07 15:14:42 - app - INFO - 开始生成 2026-01-07 的任务账期
2026-01-07 15:14:42 - app - INFO - 任务执行循环已启动
2026-01-07 15:14:42 - app - INFO - 任务执行线程已启动
2026-01-07 15:14:42 - app - INFO - ✅ 生成完成，共创建 0 条待执行记录
2026-01-07 15:14:42 - app - INFO - 日志清理循环已启动
2026-01-07 15:14:42 - app - INFO - 下次生成账期时间: 2026-01-08 00:00:00, 等待 31518 秒
2026-01-07 15:14:42 - app - INFO - 日志清理线程已启动
2026-01-07 15:14:42 - app - INFO - 下次日志清理时间: 2026-01-08 02:00:00
2026-01-07 15:14:42 - app - INFO - 启动Flask服务: http://0.0.0.0:8520
2026-01-07 15:16:41 - app - INFO - 许可证管理器初始化完成,服务器: http://license.22l2.com
2026-01-07 15:16:42 - app - INFO - 初始化许可证管理器...
2026-01-07 15:16:42 - app - INFO - 许可证管理器初始化完成,服务器: http://license.22l2.com
2026-01-07 15:16:42 - app - INFO - 初始化许可证管理器...
2026-01-07 15:16:44 - app - INFO - 解密密钥设置成功
2026-01-07 15:16:44 - app - INFO - 解密密钥获取成功
2026-01-07 15:16:44 - app - INFO - 解密密钥获取成功，配置已就绪
2026-01-07 15:16:44 - app - WARNING - 加密配置文件不存在,使用默认配置
2026-01-07 15:16:44 - app - WARNING - 配置解密失败,返回空配置
2026-01-07 15:16:44 - app - ERROR - 夸克API配置未加载,请联系管理员获取配置
2026-01-07 15:16:44 - app - ERROR - 夸克API配置加载失败: 夸克API配置未加载,请联系管理员获取配置
2026-01-07 15:16:44 - app - INFO - 检查数据库...
2026-01-07 15:16:44 - app - INFO - 数据库检查完成
2026-01-07 15:16:44 - app - INFO - 清理异常中断的任务状态...
2026-01-07 15:16:44 - app - INFO - 升级管理器初始化完成,许可证服务器: http://license.22l2.com
2026-01-07 15:16:44 - app - INFO - Flask应用创建成功
2026-01-07 15:16:44 - app - INFO - 静态文件目录: C:\Data\夸克转存\client\frontend
2026-01-07 15:16:44 - app - INFO - 启动任务调度服务...
2026-01-07 15:16:44 - app - INFO - 检查被中断的影视下载任务...
2026-01-07 15:16:44 - app - INFO - 没有需要恢复的影视下载任务
2026-01-07 15:16:44 - app - INFO - 账期生成循环已启动
2026-01-07 15:16:44 - app - INFO - 账期生成线程已启动
2026-01-07 15:16:44 - app - INFO - 开始生成 2026-01-07 的任务账期
2026-01-07 15:16:44 - app - INFO - 任务执行循环已启动
2026-01-07 15:16:44 - app - INFO - 任务执行线程已启动
2026-01-07 15:16:44 - app - INFO - 日志清理循环已启动
2026-01-07 15:16:44 - app - INFO - 日志清理线程已启动
2026-01-07 15:16:44 - app - INFO - 下次日志清理时间: 2026-01-08 02:00:00
2026-01-07 15:16:44 - app - INFO - 启动Flask服务: http://0.0.0.0:8520
2026-01-07 15:16:44 - app - INFO - ✅ 生成完成，共创建 0 条待执行记录
2026-01-07 15:16:44 - app - INFO - 下次生成账期时间: 2026-01-08 00:00:00, 等待 31396 秒
2026-01-07 15:16:47 - app - INFO - 解密密钥设置成功
2026-01-07 15:16:47 - app - INFO - 解密密钥获取成功
2026-01-07 15:16:47 - app - INFO - 解密密钥获取成功，配置已就绪
2026-01-07 15:16:47 - app - INFO - 配置解密成功
2026-01-07 15:16:47 - app - INFO - 夸克API配置加载成功
2026-01-07 15:16:47 - app - INFO - 夸克API配置加载完成
2026-01-07 15:16:47 - app - INFO - 检查数据库...
2026-01-07 15:16:47 - app - INFO - 数据库检查完成
2026-01-07 15:16:47 - app - INFO - 清理异常中断的任务状态...
2026-01-07 15:16:48 - app - INFO - 升级管理器初始化完成,许可证服务器: http://license.22l2.com
2026-01-07 15:16:48 - app - INFO - Flask应用创建成功
2026-01-07 15:16:48 - app - INFO - 静态文件目录: C:\Data\夸克转存\client\frontend
2026-01-07 15:16:48 - app - INFO - 启动任务调度服务...
2026-01-07 15:16:48 - app - INFO - 检查被中断的影视下载任务...
2026-01-07 15:16:48 - app - INFO - 没有需要恢复的影视下载任务
2026-01-07 15:16:48 - app - INFO - 账期生成循环已启动
2026-01-07 15:16:48 - app - INFO - 账期生成线程已启动
2026-01-07 15:16:48 - app - INFO - 开始生成 2026-01-07 的任务账期
2026-01-07 15:16:48 - app - INFO - 任务执行循环已启动
2026-01-07 15:16:48 - app - INFO - 任务执行线程已启动
2026-01-07 15:16:48 - app - INFO - 日志清理循环已启动
2026-01-07 15:16:48 - app - INFO - 日志清理线程已启动
2026-01-07 15:16:48 - app - INFO - 下次日志清理时间: 2026-01-08 02:00:00
2026-01-07 15:16:48 - app - INFO - 启动Flask服务: http://0.0.0.0:8520
2026-01-07 15:16:48 - app - INFO - ✅ 生成完成，共创建 0 条待执行记录
2026-01-07 15:16:48 - app - INFO - 下次生成账期时间: 2026-01-08 00:00:00, 等待 31392 秒
2026-01-07 15:16:57 - app - INFO - 许可证管理器初始化完成,服务器: http://license.22l2.com
2026-01-07 15:16:57 - app - INFO - 初始化许可证管理器...
2026-01-07 15:16:57 - app - INFO - 许可证管理器初始化完成,服务器: http://license.22l2.com
2026-01-07 15:16:57 - app - INFO - 初始化许可证管理器...
2026-01-07 15:16:58 - app - INFO - 解密密钥设置成功
2026-01-07 15:16:58 - app - INFO - 解密密钥获取成功
2026-01-07 15:16:58 - app - INFO - 解密密钥获取成功，配置已就绪
2026-01-07 15:16:58 - app - INFO - 配置解密成功
2026-01-07 15:16:58 - app - INFO - 夸克API配置加载成功
2026-01-07 15:16:58 - app - INFO - 夸克API配置加载完成
2026-01-07 15:16:58 - app - INFO - 检查数据库...
2026-01-07 15:16:58 - app - INFO - 数据库检查完成
2026-01-07 15:16:58 - app - INFO - 清理异常中断的任务状态...
2026-01-07 15:16:58 - app - INFO - 升级管理器初始化完成,许可证服务器: http://license.22l2.com
2026-01-07 15:16:58 - app - INFO - Flask应用创建成功
2026-01-07 15:16:58 - app - INFO - 静态文件目录: C:\Data\夸克转存\client\frontend
2026-01-07 15:16:58 - app - INFO - 启动任务调度服务...
2026-01-07 15:16:58 - app - INFO - 检查被中断的影视下载任务...
2026-01-07 15:16:58 - app - INFO - 没有需要恢复的影视下载任务
2026-01-07 15:16:58 - app - INFO - 账期生成循环已启动
2026-01-07 15:16:58 - app - INFO - 账期生成线程已启动
2026-01-07 15:16:58 - app - INFO - 开始生成 2026-01-07 的任务账期
2026-01-07 15:16:58 - app - INFO - 任务执行循环已启动
2026-01-07 15:16:58 - app - INFO - 任务执行线程已启动
2026-01-07 15:16:58 - app - INFO - 日志清理循环已启动
2026-01-07 15:16:58 - app - INFO - 日志清理线程已启动
2026-01-07 15:16:58 - app - INFO - ✅ 生成完成，共创建 0 条待执行记录
2026-01-07 15:16:58 - app - INFO - 下次日志清理时间: 2026-01-08 02:00:00
2026-01-07 15:16:58 - app - INFO - 启动Flask服务: http://0.0.0.0:8520
2026-01-07 15:16:58 - app - INFO - 下次生成账期时间: 2026-01-08 00:00:00, 等待 31381 秒
2026-01-07 15:16:58 - app - INFO - 解密密钥设置成功
2026-01-07 15:16:58 - app - INFO - 解密密钥获取成功
2026-01-07 15:16:58 - app - INFO - 解密密钥获取成功，配置已就绪
2026-01-07 15:16:58 - app - WARNING - 加密配置文件不存在,使用默认配置
2026-01-07 15:16:58 - app - WARNING - 配置解密失败,返回空配置
2026-01-07 15:16:58 - app - ERROR - 夸克API配置未加载,请联系管理员获取配置
2026-01-07 15:16:58 - app - ERROR - 夸克API配置加载失败: 夸克API配置未加载,请联系管理员获取配置
2026-01-07 15:16:58 - app - INFO - 检查数据库...
2026-01-07 15:16:58 - app - INFO - 数据库检查完成
2026-01-07 15:16:58 - app - INFO - 清理异常中断的任务状态...
2026-01-07 15:16:58 - app - INFO - 升级管理器初始化完成,许可证服务器: http://license.22l2.com
2026-01-07 15:16:58 - app - INFO - Flask应用创建成功
2026-01-07 15:16:58 - app - INFO - 静态文件目录: C:\Data\夸克转存\client\frontend
2026-01-07 15:16:58 - app - INFO - 启动任务调度服务...
2026-01-07 15:16:58 - app - INFO - 检查被中断的影视下载任务...
2026-01-07 15:16:58 - app - INFO - 没有需要恢复的影视下载任务
2026-01-07 15:16:58 - app - INFO - 账期生成循环已启动
2026-01-07 15:16:58 - app - INFO - 账期生成线程已启动
2026-01-07 15:16:58 - app - INFO - 开始生成 2026-01-07 的任务账期
2026-01-07 15:16:58 - app - INFO - 任务执行循环已启动
2026-01-07 15:16:58 - app - INFO - 任务执行线程已启动
2026-01-07 15:16:58 - app - INFO - 日志清理循环已启动
2026-01-07 15:16:58 - app - INFO - 日志清理线程已启动
2026-01-07 15:16:58 - app - INFO - 下次日志清理时间: 2026-01-08 02:00:00
2026-01-07 15:16:58 - app - INFO - 启动Flask服务: http://0.0.0.0:8520
2026-01-07 15:16:58 - app - INFO - ✅ 生成完成，共创建 0 条待执行记录
2026-01-07 15:16:58 - app - INFO - 下次生成账期时间: 2026-01-08 00:00:00, 等待 31381 秒
2026-01-07 15:17:04 - app - INFO - 许可证管理器初始化完成,服务器: http://license.22l2.com
2026-01-07 15:17:04 - app - INFO - 初始化许可证管理器...
2026-01-07 15:17:04 - app - INFO - 许可证管理器初始化完成,服务器: http://license.22l2.com
2026-01-07 15:17:04 - app - INFO - 初始化许可证管理器...
2026-01-07 15:17:06 - app - INFO - 解密密钥设置成功
2026-01-07 15:17:06 - app - INFO - 解密密钥获取成功
2026-01-07 15:17:06 - app - INFO - 解密密钥获取成功，配置已就绪
2026-01-07 15:17:06 - app - INFO - 配置解密成功
2026-01-07 15:17:06 - app - INFO - 夸克API配置加载成功
2026-01-07 15:17:06 - app - INFO - 夸克API配置加载完成
2026-01-07 15:17:06 - app - INFO - 检查数据库...
2026-01-07 15:17:06 - app - INFO - 数据库检查完成
2026-01-07 15:17:06 - app - INFO - 清理异常中断的任务状态...
2026-01-07 15:17:06 - app - INFO - 升级管理器初始化完成,许可证服务器: http://license.22l2.com
2026-01-07 15:17:06 - app - INFO - Flask应用创建成功
2026-01-07 15:17:06 - app - INFO - 静态文件目录: C:\Data\夸克转存\client\frontend
2026-01-07 15:17:06 - app - INFO - 启动任务调度服务...
2026-01-07 15:17:06 - app - INFO - 检查被中断的影视下载任务...
2026-01-07 15:17:06 - app - INFO - 没有需要恢复的影视下载任务
2026-01-07 15:17:06 - app - INFO - 账期生成循环已启动
2026-01-07 15:17:06 - app - INFO - 账期生成线程已启动
2026-01-07 15:17:06 - app - INFO - 开始生成 2026-01-07 的任务账期
2026-01-07 15:17:06 - app - INFO - 任务执行循环已启动
2026-01-07 15:17:06 - app - INFO - 任务执行线程已启动
2026-01-07 15:17:06 - app - INFO - 日志清理循环已启动
2026-01-07 15:17:06 - app - INFO - 日志清理线程已启动
2026-01-07 15:17:06 - app - INFO - 下次日志清理时间: 2026-01-08 02:00:00
2026-01-07 15:17:06 - app - INFO - ✅ 生成完成，共创建 0 条待执行记录
2026-01-07 15:17:06 - app - INFO - 启动Flask服务: http://0.0.0.0:8520
2026-01-07 15:17:06 - app - INFO - 下次生成账期时间: 2026-01-08 00:00:00, 等待 31374 秒
2026-01-07 15:17:07 - app - INFO - 解密密钥设置成功
2026-01-07 15:17:07 - app - INFO - 解密密钥获取成功
2026-01-07 15:17:07 - app - INFO - 解密密钥获取成功，配置已就绪
2026-01-07 15:17:07 - app - WARNING - 加密配置文件不存在,使用默认配置
2026-01-07 15:17:07 - app - WARNING - 配置解密失败,返回空配置
2026-01-07 15:17:07 - app - ERROR - 夸克API配置未加载,请联系管理员获取配置
2026-01-07 15:17:07 - app - ERROR - 夸克API配置加载失败: 夸克API配置未加载,请联系管理员获取配置
2026-01-07 15:17:07 - app - INFO - 检查数据库...
2026-01-07 15:17:07 - app - INFO - 数据库检查完成
2026-01-07 15:17:07 - app - INFO - 清理异常中断的任务状态...
2026-01-07 15:17:07 - app - INFO - 升级管理器初始化完成,许可证服务器: http://license.22l2.com
2026-01-07 15:17:07 - app - INFO - Flask应用创建成功
2026-01-07 15:17:07 - app - INFO - 静态文件目录: C:\Data\夸克转存\client\frontend
2026-01-07 15:17:07 - app - INFO - 启动任务调度服务...
2026-01-07 15:17:07 - app - INFO - 检查被中断的影视下载任务...
2026-01-07 15:17:07 - app - INFO - 没有需要恢复的影视下载任务
2026-01-07 15:17:07 - app - INFO - 账期生成循环已启动
2026-01-07 15:17:07 - app - INFO - 账期生成线程已启动
2026-01-07 15:17:07 - app - INFO - 开始生成 2026-01-07 的任务账期
2026-01-07 15:17:07 - app - INFO - 任务执行循环已启动
2026-01-07 15:17:07 - app - INFO - 任务执行线程已启动
2026-01-07 15:17:07 - app - INFO - 日志清理循环已启动
2026-01-07 15:17:07 - app - INFO - 日志清理线程已启动
2026-01-07 15:17:07 - app - INFO - 下次日志清理时间: 2026-01-08 02:00:00
2026-01-07 15:17:07 - app - INFO - ✅ 生成完成，共创建 0 条待执行记录
2026-01-07 15:17:07 - app - INFO - 启动Flask服务: http://0.0.0.0:8520
2026-01-07 15:17:07 - app - INFO - 下次生成账期时间: 2026-01-08 00:00:00, 等待 31373 秒
2026-01-07 15:17:13 - app - INFO - 许可证管理器初始化完成,服务器: http://license.22l2.com
2026-01-07 15:17:13 - app - INFO - 初始化许可证管理器...
2026-01-07 15:17:14 - app - INFO - 许可证管理器初始化完成,服务器: http://license.22l2.com
2026-01-07 15:17:14 - app - INFO - 初始化许可证管理器...
2026-01-07 15:17:16 - app - INFO - 解密密钥设置成功
2026-01-07 15:17:16 - app - INFO - 解密密钥获取成功
2026-01-07 15:17:16 - app - INFO - 解密密钥获取成功，配置已就绪
2026-01-07 15:17:16 - app - WARNING - 加密配置文件不存在,使用默认配置
2026-01-07 15:17:16 - app - WARNING - 配置解密失败,返回空配置
2026-01-07 15:17:16 - app - ERROR - 夸克API配置未加载,请联系管理员获取配置
2026-01-07 15:17:16 - app - ERROR - 夸克API配置加载失败: 夸克API配置未加载,请联系管理员获取配置
2026-01-07 15:17:16 - app - INFO - 检查数据库...
2026-01-07 15:17:16 - app - INFO - 数据库检查完成
2026-01-07 15:17:16 - app - INFO - 清理异常中断的任务状态...
2026-01-07 15:17:16 - app - INFO - 升级管理器初始化完成,许可证服务器: http://license.22l2.com
2026-01-07 15:17:16 - app - INFO - Flask应用创建成功
2026-01-07 15:17:16 - app - INFO - 静态文件目录: C:\Data\夸克转存\client\frontend
2026-01-07 15:17:16 - app - INFO - 启动任务调度服务...
2026-01-07 15:17:16 - app - INFO - 解密密钥设置成功
2026-01-07 15:17:16 - app - INFO - 检查被中断的影视下载任务...
2026-01-07 15:17:16 - app - INFO - 解密密钥获取成功
2026-01-07 15:17:16 - app - INFO - 解密密钥获取成功，配置已就绪
2026-01-07 15:17:16 - app - INFO - 没有需要恢复的影视下载任务
2026-01-07 15:17:16 - app - INFO - 账期生成循环已启动
2026-01-07 15:17:16 - app - INFO - 账期生成线程已启动
2026-01-07 15:17:16 - app - INFO - 开始生成 2026-01-07 的任务账期
2026-01-07 15:17:16 - app - INFO - 配置解密成功
2026-01-07 15:17:16 - app - INFO - 夸克API配置加载成功
2026-01-07 15:17:16 - app - INFO - 夸克API配置加载完成
2026-01-07 15:17:16 - app - INFO - 任务执行循环已启动
2026-01-07 15:17:16 - app - INFO - 任务执行线程已启动
2026-01-07 15:17:16 - app - INFO - 检查数据库...
2026-01-07 15:17:16 - app - INFO - 数据库检查完成
2026-01-07 15:17:16 - app - INFO - 清理异常中断的任务状态...
2026-01-07 15:17:16 - app - INFO - ✅ 生成完成，共创建 0 条待执行记录
2026-01-07 15:17:16 - app - INFO - 日志清理循环已启动
2026-01-07 15:17:16 - app - INFO - 日志清理线程已启动
2026-01-07 15:17:16 - app - INFO - 下次生成账期时间: 2026-01-08 00:00:00, 等待 31364 秒
2026-01-07 15:17:16 - app - INFO - 下次日志清理时间: 2026-01-08 02:00:00
2026-01-07 15:17:16 - app - INFO - 启动Flask服务: http://0.0.0.0:8520
2026-01-07 15:17:16 - app - INFO - 升级管理器初始化完成,许可证服务器: http://license.22l2.com
2026-01-07 15:17:16 - app - INFO - Flask应用创建成功
2026-01-07 15:17:16 - app - INFO - 静态文件目录: C:\Data\夸克转存\client\frontend
2026-01-07 15:17:16 - app - INFO - 启动任务调度服务...
2026-01-07 15:17:16 - app - INFO - 检查被中断的影视下载任务...
2026-01-07 15:17:16 - app - INFO - 没有需要恢复的影视下载任务
2026-01-07 15:17:16 - app - INFO - 账期生成循环已启动
2026-01-07 15:17:16 - app - INFO - 账期生成线程已启动
2026-01-07 15:17:16 - app - INFO - 开始生成 2026-01-07 的任务账期
2026-01-07 15:17:16 - app - INFO - 任务执行循环已启动
2026-01-07 15:17:16 - app - INFO - 任务执行线程已启动
2026-01-07 15:17:16 - app - INFO - 日志清理循环已启动
2026-01-07 15:17:16 - app - INFO - 日志清理线程已启动
2026-01-07 15:17:16 - app - INFO - 下次日志清理时间: 2026-01-08 02:00:00
2026-01-07 15:17:16 - app - INFO - ✅ 生成完成，共创建 0 条待执行记录
2026-01-07 15:17:16 - app - INFO - 启动Flask服务: http://0.0.0.0:8520
2026-01-07 15:17:16 - app - INFO - 下次生成账期时间: 2026-01-08 00:00:00, 等待 31363 秒
2026-01-07 15:27:09 - app - INFO - 许可证管理器初始化完成,服务器: http://license.22l2.com
2026-01-07 15:27:09 - app - INFO - 初始化许可证管理器...
2026-01-07 15:27:09 - app - INFO - 许可证管理器初始化完成,服务器: http://license.22l2.com
2026-01-07 15:27:09 - app - INFO - 初始化许可证管理器...
2026-01-07 15:27:10 - app - INFO - 解密密钥设置成功
2026-01-07 15:27:10 - app - INFO - 解密密钥获取成功
2026-01-07 15:27:10 - app - INFO - 解密密钥获取成功，配置已就绪
2026-01-07 15:27:10 - app - WARNING - 加密配置文件不存在,使用默认配置
2026-01-07 15:27:10 - app - WARNING - 配置解密失败,返回空配置
2026-01-07 15:27:10 - app - ERROR - 夸克API配置未加载,请联系管理员获取配置
2026-01-07 15:27:10 - app - ERROR - 夸克API配置加载失败: 夸克API配置未加载,请联系管理员获取配置
2026-01-07 15:27:10 - app - INFO - 检查数据库...
2026-01-07 15:27:10 - app - INFO - 数据库检查完成
2026-01-07 15:27:10 - app - INFO - 清理异常中断的任务状态...
2026-01-07 15:27:11 - app - INFO - 升级管理器初始化完成
2026-01-07 15:27:11 - app - INFO - Flask应用创建成功
2026-01-07 15:27:11 - app - INFO - 静态文件目录: C:\Data\夸克转存\client\frontend
2026-01-07 15:27:11 - app - INFO - 启动任务调度服务...
2026-01-07 15:27:11 - app - INFO - 检查被中断的影视下载任务...
2026-01-07 15:27:11 - app - INFO - 没有需要恢复的影视下载任务
2026-01-07 15:27:11 - app - INFO - 账期生成循环已启动
2026-01-07 15:27:11 - app - INFO - 账期生成线程已启动
2026-01-07 15:27:11 - app - INFO - 开始生成 2026-01-07 的任务账期
2026-01-07 15:27:11 - app - INFO - 任务执行循环已启动
2026-01-07 15:27:11 - app - INFO - 任务执行线程已启动
2026-01-07 15:27:11 - app - INFO - 日志清理循环已启动
2026-01-07 15:27:11 - app - INFO - 日志清理线程已启动
2026-01-07 15:27:11 - app - INFO - 下次日志清理时间: 2026-01-08 02:00:00
2026-01-07 15:27:11 - app - INFO - 启动Flask服务: http://0.0.0.0:8520
2026-01-07 15:27:11 - app - INFO - ✅ 生成完成，共创建 0 条待执行记录
2026-01-07 15:27:11 - app - INFO - 下次生成账期时间: 2026-01-08 00:00:00, 等待 30769 秒
2026-01-07 15:27:11 - app - INFO - 解密密钥设置成功
2026-01-07 15:27:11 - app - INFO - 解密密钥获取成功
2026-01-07 15:27:11 - app - INFO - 解密密钥获取成功，配置已就绪
2026-01-07 15:27:11 - app - INFO - 配置解密成功
2026-01-07 15:27:11 - app - INFO - 夸克API配置加载成功
2026-01-07 15:27:11 - app - INFO - 夸克API配置加载完成
2026-01-07 15:27:11 - app - INFO - 检查数据库...
2026-01-07 15:27:11 - app - INFO - 数据库检查完成
2026-01-07 15:27:11 - app - INFO - 清理异常中断的任务状态...
2026-01-07 15:27:11 - app - INFO - 升级管理器初始化完成
2026-01-07 15:27:11 - app - INFO - Flask应用创建成功
2026-01-07 15:27:11 - app - INFO - 静态文件目录: C:\Data\夸克转存\client\frontend
2026-01-07 15:27:11 - app - INFO - 启动任务调度服务...
2026-01-07 15:27:11 - app - INFO - 检查被中断的影视下载任务...
2026-01-07 15:27:11 - app - INFO - 没有需要恢复的影视下载任务
2026-01-07 15:27:11 - app - INFO - 账期生成循环已启动
2026-01-07 15:27:11 - app - INFO - 账期生成线程已启动
2026-01-07 15:27:11 - app - INFO - 开始生成 2026-01-07 的任务账期
2026-01-07 15:27:11 - app - INFO - 任务执行循环已启动
2026-01-07 15:27:11 - app - INFO - 任务执行线程已启动
2026-01-07 15:27:11 - app - INFO - 日志清理循环已启动
2026-01-07 15:27:11 - app - INFO - 日志清理线程已启动
2026-01-07 15:27:11 - app - INFO - 下次日志清理时间: 2026-01-08 02:00:00
2026-01-07 15:27:11 - app - INFO - ✅ 生成完成，共创建 0 条待执行记录
2026-01-07 15:27:11 - app - INFO - 启动Flask服务: http://0.0.0.0:8520
2026-01-07 15:27:11 - app - INFO - 下次生成账期时间: 2026-01-08 00:00:00, 等待 30769 秒
