2026-01-05 09:10:28 - app - ERROR - 解密密钥未设置
2026-01-05 09:10:28 - app - WARNING - 配置解密失败,返回空配置
2026-01-05 09:10:28 - app - ERROR - 夸克API配置未加载,请联系管理员获取配置
2026-01-05 09:10:28 - app - INFO - 许可证管理器初始化完成,服务器: http://license.22l2.com
2026-01-05 09:10:28 - app - INFO - 检查数据库...
2026-01-05 09:10:28 - app - INFO - 数据库检查完成
2026-01-05 09:10:28 - app - INFO - 清理异常中断的任务状态...
2026-01-05 09:10:28 - app - INFO - 升级管理器初始化完成,许可证服务器: http://license.22l2.com
2026-01-05 09:10:28 - app - INFO - Flask应用创建成功
2026-01-05 09:10:28 - app - INFO - 静态文件目录: C:\Data\夸克转存\client\frontend
2026-01-05 09:10:28 - app - INFO - 启动任务调度服务...
2026-01-05 09:10:28 - app - INFO - 检查被中断的影视下载任务...
2026-01-05 09:10:28 - app - INFO - 没有需要恢复的影视下载任务
2026-01-05 09:10:28 - app - INFO - 账期生成循环已启动
2026-01-05 09:10:28 - app - INFO - 账期生成线程已启动
2026-01-05 09:10:28 - app - INFO - 开始生成 2026-01-05 的任务账期
2026-01-05 09:10:28 - app - INFO - 任务执行循环已启动
2026-01-05 09:10:28 - app - INFO - 任务执行线程已启动
2026-01-05 09:10:28 - app - INFO - 日志清理循环已启动
2026-01-05 09:10:28 - app - INFO - 日志清理线程已启动
2026-01-05 09:10:28 - app - INFO - 下次日志清理时间: 2026-01-06 02:00:00
2026-01-05 09:10:28 - app - INFO - ✅ 生成完成，共创建 0 条待执行记录
2026-01-05 09:10:28 - app - INFO - 启动Flask服务: http://0.0.0.0:8520
2026-01-05 09:10:28 - app - INFO - 下次生成账期时间: 2026-01-06 00:00:00, 等待 53371 秒
2026-01-05 09:12:00 - app - ERROR - 解密密钥未设置
2026-01-05 09:12:00 - app - WARNING - 配置解密失败,返回空配置
2026-01-05 09:12:00 - app - ERROR - 夸克API配置未加载,请联系管理员获取配置
2026-01-05 09:12:00 - app - INFO - 许可证管理器初始化完成,服务器: http://license.22l2.com
2026-01-05 09:12:00 - app - INFO - 初始化许可证管理器...
2026-01-05 09:12:02 - app - INFO - 解密密钥设置成功
2026-01-05 09:12:02 - app - INFO - 解密密钥获取成功
2026-01-05 09:12:02 - app - INFO - 解密密钥获取成功，配置已就绪
2026-01-05 09:12:02 - app - INFO - 检查数据库...
2026-01-05 09:12:02 - app - INFO - 数据库检查完成
2026-01-05 09:12:02 - app - INFO - 清理异常中断的任务状态...
2026-01-05 09:12:02 - app - INFO - 升级管理器初始化完成,许可证服务器: http://license.22l2.com
2026-01-05 09:12:02 - app - INFO - Flask应用创建成功
2026-01-05 09:12:02 - app - INFO - 静态文件目录: C:\Data\夸克转存\client\frontend
2026-01-05 09:12:02 - app - INFO - 启动任务调度服务...
2026-01-05 09:12:02 - app - INFO - 检查被中断的影视下载任务...
2026-01-05 09:12:02 - app - INFO - 没有需要恢复的影视下载任务
2026-01-05 09:12:02 - app - INFO - 账期生成循环已启动
2026-01-05 09:12:02 - app - INFO - 账期生成线程已启动
2026-01-05 09:12:02 - app - INFO - 开始生成 2026-01-05 的任务账期
2026-01-05 09:12:02 - app - INFO - 任务执行循环已启动
2026-01-05 09:12:02 - app - INFO - 任务执行线程已启动
2026-01-05 09:12:02 - app - INFO - ✅ 生成完成，共创建 0 条待执行记录
2026-01-05 09:12:02 - app - INFO - 下次生成账期时间: 2026-01-06 00:00:00, 等待 53278 秒
2026-01-05 09:12:02 - app - INFO - 日志清理循环已启动
2026-01-05 09:12:02 - app - INFO - 日志清理线程已启动
2026-01-05 09:12:02 - app - INFO - 下次日志清理时间: 2026-01-06 02:00:00
2026-01-05 09:12:02 - app - INFO - 启动Flask服务: http://0.0.0.0:8520
2026-01-05 09:15:07 - app - INFO - 用户登录成功: admin, session_id: N/A
2026-01-05 09:15:07 - app - INFO - 检查登录状态, session内容: {'_permanent': True, 'user_id': 1, 'username': 'admin'}, cookies: ImmutableMultiDict([('session', 'eyJfcGVybWFuZW50Ijp0cnVlLCJ1c2VyX2lkIjoxLCJ1c2VybmFtZSI6ImFkbWluIn0.aVsQmw.MFoq4Zny_SFmB8KDoYROsCmD8sc')])
2026-01-05 09:15:07 - app - INFO - 检查登录状态, session内容: {'_permanent': True, 'user_id': 1, 'username': 'admin'}, cookies: ImmutableMultiDict([('session', 'eyJfcGVybWFuZW50Ijp0cnVlLCJ1c2VyX2lkIjoxLCJ1c2VybmFtZSI6ImFkbWluIn0.aVsQmw.MFoq4Zny_SFmB8KDoYROsCmD8sc')])
2026-01-05 09:15:10 - app - INFO - 检查更新: 当前版本 2.0.1
2026-01-05 09:15:19 - app - ERROR - 获取今日统计失败: no such table: daily_usage_stats
2026-01-05 09:15:19 - app - INFO - 检查更新成功: {'current_version': '2.0.1', 'has_update': False, 'message': '当前已是最新版本'}
2026-01-05 09:15:19 - app - INFO - 配置解密成功
2026-01-05 09:15:19 - app - ERROR - 夸克API配置未加载,请联系管理员获取配置
2026-01-05 09:15:19 - app - ERROR - 测试账号失败: 夸克API配置未加载,请联系管理员获取配置
2026-01-05 09:15:19 - app - ERROR - 夸克API配置未加载,请联系管理员获取配置
2026-01-05 09:15:19 - app - ERROR - 测试账号失败: 夸克API配置未加载,请联系管理员获取配置
2026-01-05 09:15:38 - app - ERROR - 夸克API配置未加载,请联系管理员获取配置
2026-01-05 09:15:38 - app - ERROR - 测试账号失败: 夸克API配置未加载,请联系管理员获取配置
2026-01-05 09:15:38 - app - ERROR - 夸克API配置未加载,请联系管理员获取配置
2026-01-05 09:15:38 - app - ERROR - 测试账号失败: 夸克API配置未加载,请联系管理员获取配置
2026-01-05 09:16:44 - app - INFO - 配置加密保存成功
2026-01-05 09:16:55 - app - ERROR - 解密密钥未设置
2026-01-05 09:16:55 - app - WARNING - 配置解密失败,返回空配置
2026-01-05 09:16:55 - app - ERROR - 夸克API配置未加载,请联系管理员获取配置
2026-01-05 09:16:56 - app - INFO - 许可证管理器初始化完成,服务器: http://license.22l2.com
2026-01-05 09:16:56 - app - INFO - 初始化许可证管理器...
2026-01-05 09:16:57 - app - INFO - 解密密钥设置成功
2026-01-05 09:16:57 - app - INFO - 解密密钥获取成功
2026-01-05 09:16:57 - app - INFO - 解密密钥获取成功，配置已就绪
2026-01-05 09:16:57 - app - INFO - 检查数据库...
2026-01-05 09:16:57 - app - INFO - 数据库检查完成
2026-01-05 09:16:57 - app - INFO - 清理异常中断的任务状态...
2026-01-05 09:16:57 - app - INFO - 升级管理器初始化完成,许可证服务器: http://license.22l2.com
2026-01-05 09:16:57 - app - INFO - Flask应用创建成功
2026-01-05 09:16:57 - app - INFO - 静态文件目录: C:\Data\夸克转存\client\frontend
2026-01-05 09:16:57 - app - INFO - 启动任务调度服务...
2026-01-05 09:16:57 - app - INFO - 检查被中断的影视下载任务...
2026-01-05 09:16:57 - app - INFO - 没有需要恢复的影视下载任务
2026-01-05 09:16:57 - app - INFO - 账期生成循环已启动
2026-01-05 09:16:57 - app - INFO - 账期生成线程已启动
2026-01-05 09:16:57 - app - INFO - 开始生成 2026-01-05 的任务账期
2026-01-05 09:16:57 - app - INFO - 任务执行循环已启动
2026-01-05 09:16:57 - app - INFO - 任务执行线程已启动
2026-01-05 09:16:57 - app - INFO - 日志清理循环已启动
2026-01-05 09:16:57 - app - INFO - 日志清理线程已启动
2026-01-05 09:16:57 - app - INFO - 下次日志清理时间: 2026-01-06 02:00:00
2026-01-05 09:16:57 - app - INFO - 启动Flask服务: http://0.0.0.0:8520
2026-01-05 09:16:57 - app - INFO - ✅ 生成完成，共创建 0 条待执行记录
2026-01-05 09:16:57 - app - INFO - 下次生成账期时间: 2026-01-06 00:00:00, 等待 52982 秒
2026-01-05 09:17:10 - app - ERROR - 解密密钥未设置
2026-01-05 09:17:10 - app - WARNING - 配置解密失败,返回空配置
2026-01-05 09:17:10 - app - ERROR - 夸克API配置未加载,请联系管理员获取配置
2026-01-05 09:17:10 - app - INFO - 许可证管理器初始化完成,服务器: http://license.22l2.com
2026-01-05 09:17:10 - app - INFO - 初始化许可证管理器...
2026-01-05 09:17:12 - app - INFO - 解密密钥设置成功
2026-01-05 09:17:12 - app - INFO - 解密密钥获取成功
2026-01-05 09:17:12 - app - INFO - 解密密钥获取成功，配置已就绪
2026-01-05 09:17:12 - app - INFO - 检查数据库...
2026-01-05 09:17:12 - app - INFO - 数据库检查完成
2026-01-05 09:17:12 - app - INFO - 清理异常中断的任务状态...
2026-01-05 09:17:12 - app - INFO - 升级管理器初始化完成,许可证服务器: http://license.22l2.com
2026-01-05 09:17:12 - app - INFO - Flask应用创建成功
2026-01-05 09:17:12 - app - INFO - 静态文件目录: C:\Data\夸克转存\client\frontend
2026-01-05 09:17:12 - app - INFO - 启动任务调度服务...
2026-01-05 09:17:12 - app - INFO - 检查被中断的影视下载任务...
2026-01-05 09:17:12 - app - INFO - 没有需要恢复的影视下载任务
2026-01-05 09:17:12 - app - INFO - 账期生成循环已启动
2026-01-05 09:17:12 - app - INFO - 账期生成线程已启动
2026-01-05 09:17:12 - app - INFO - 开始生成 2026-01-05 的任务账期
2026-01-05 09:17:12 - app - INFO - 任务执行循环已启动
2026-01-05 09:17:12 - app - INFO - 任务执行线程已启动
2026-01-05 09:17:12 - app - INFO - 日志清理循环已启动
2026-01-05 09:17:12 - app - INFO - 日志清理线程已启动
2026-01-05 09:17:12 - app - INFO - 下次日志清理时间: 2026-01-06 02:00:00
2026-01-05 09:17:12 - app - INFO - ✅ 生成完成，共创建 0 条待执行记录
2026-01-05 09:17:12 - app - INFO - 启动Flask服务: http://0.0.0.0:8520
2026-01-05 09:17:12 - app - INFO - 下次生成账期时间: 2026-01-06 00:00:00, 等待 52968 秒
2026-01-05 09:17:22 - app - ERROR - 夸克API配置未加载,请联系管理员获取配置
2026-01-05 09:17:22 - app - ERROR - 测试账号失败: 夸克API配置未加载,请联系管理员获取配置
2026-01-05 09:17:22 - app - ERROR - 夸克API配置未加载,请联系管理员获取配置
2026-01-05 09:17:22 - app - ERROR - 测试账号失败: 夸克API配置未加载,请联系管理员获取配置
2026-01-05 09:17:23 - app - INFO - 许可证管理器初始化完成,服务器: http://license.22l2.com
2026-01-05 09:17:23 - app - INFO - 初始化许可证管理器...
2026-01-05 09:17:23 - app - INFO - 许可证管理器初始化完成,服务器: http://license.22l2.com
2026-01-05 09:17:23 - app - INFO - 初始化许可证管理器...
2026-01-05 09:17:24 - app - INFO - 解密密钥设置成功
2026-01-05 09:17:24 - app - INFO - 解密密钥获取成功
2026-01-05 09:17:24 - app - INFO - 解密密钥获取成功，配置已就绪
2026-01-05 09:17:24 - app - INFO - 检查数据库...
2026-01-05 09:17:24 - app - INFO - 数据库检查完成
2026-01-05 09:17:24 - app - INFO - 清理异常中断的任务状态...
2026-01-05 09:17:24 - app - INFO - 升级管理器初始化完成,许可证服务器: http://license.22l2.com
2026-01-05 09:17:24 - app - INFO - Flask应用创建成功
2026-01-05 09:17:24 - app - INFO - 静态文件目录: C:\Data\夸克转存\client\frontend
2026-01-05 09:17:24 - app - INFO - 启动任务调度服务...
2026-01-05 09:17:24 - app - INFO - 检查被中断的影视下载任务...
2026-01-05 09:17:24 - app - INFO - 没有需要恢复的影视下载任务
2026-01-05 09:17:24 - app - INFO - 账期生成循环已启动
2026-01-05 09:17:24 - app - INFO - 账期生成线程已启动
2026-01-05 09:17:24 - app - INFO - 开始生成 2026-01-05 的任务账期
2026-01-05 09:17:24 - app - INFO - 任务执行循环已启动
2026-01-05 09:17:24 - app - INFO - 任务执行线程已启动
2026-01-05 09:17:24 - app - INFO - 日志清理循环已启动
2026-01-05 09:17:24 - app - INFO - 日志清理线程已启动
2026-01-05 09:17:24 - app - INFO - 下次日志清理时间: 2026-01-06 02:00:00
2026-01-05 09:17:24 - app - INFO - 启动Flask服务: http://0.0.0.0:8520
2026-01-05 09:17:24 - app - INFO - ✅ 生成完成，共创建 0 条待执行记录
2026-01-05 09:17:24 - app - INFO - 下次生成账期时间: 2026-01-06 00:00:00, 等待 52955 秒
2026-01-05 09:17:25 - app - INFO - 解密密钥设置成功
2026-01-05 09:17:25 - app - INFO - 解密密钥获取成功
2026-01-05 09:17:25 - app - INFO - 解密密钥获取成功，配置已就绪
2026-01-05 09:17:25 - app - INFO - 检查数据库...
2026-01-05 09:17:25 - app - INFO - 数据库检查完成
2026-01-05 09:17:25 - app - INFO - 清理异常中断的任务状态...
2026-01-05 09:17:26 - app - INFO - 升级管理器初始化完成,许可证服务器: http://license.22l2.com
2026-01-05 09:17:26 - app - INFO - Flask应用创建成功
2026-01-05 09:17:26 - app - INFO - 静态文件目录: C:\Data\夸克转存\client\frontend
2026-01-05 09:17:26 - app - INFO - 启动任务调度服务...
2026-01-05 09:17:26 - app - INFO - 检查被中断的影视下载任务...
2026-01-05 09:17:26 - app - INFO - 没有需要恢复的影视下载任务
2026-01-05 09:17:26 - app - INFO - 账期生成循环已启动
2026-01-05 09:17:26 - app - INFO - 账期生成线程已启动
2026-01-05 09:17:26 - app - INFO - 开始生成 2026-01-05 的任务账期
2026-01-05 09:17:26 - app - INFO - 任务执行循环已启动
2026-01-05 09:17:26 - app - INFO - 任务执行线程已启动
2026-01-05 09:17:26 - app - INFO - 日志清理循环已启动
2026-01-05 09:17:26 - app - INFO - 日志清理线程已启动
2026-01-05 09:17:26 - app - INFO - ✅ 生成完成，共创建 0 条待执行记录
2026-01-05 09:17:26 - app - INFO - 下次日志清理时间: 2026-01-06 02:00:00
2026-01-05 09:17:26 - app - INFO - 启动Flask服务: http://0.0.0.0:8520
2026-01-05 09:17:26 - app - INFO - 下次生成账期时间: 2026-01-06 00:00:00, 等待 52954 秒
2026-01-05 09:17:36 - app - INFO - 许可证管理器初始化完成,服务器: http://license.22l2.com
2026-01-05 09:17:36 - app - INFO - 初始化许可证管理器...
2026-01-05 09:17:36 - app - INFO - 许可证管理器初始化完成,服务器: http://license.22l2.com
2026-01-05 09:17:36 - app - INFO - 初始化许可证管理器...
2026-01-05 09:17:37 - app - INFO - 解密密钥设置成功
2026-01-05 09:17:37 - app - INFO - 解密密钥获取成功
2026-01-05 09:17:37 - app - INFO - 解密密钥获取成功，配置已就绪
2026-01-05 09:17:37 - app - INFO - 配置解密成功
2026-01-05 09:17:37 - app - INFO - 夸克API配置加载成功
2026-01-05 09:17:37 - app - INFO - 夸克API配置加载完成
2026-01-05 09:17:37 - app - INFO - 检查数据库...
2026-01-05 09:17:37 - app - INFO - 数据库检查完成
2026-01-05 09:17:37 - app - INFO - 清理异常中断的任务状态...
2026-01-05 09:17:37 - app - INFO - 升级管理器初始化完成,许可证服务器: http://license.22l2.com
2026-01-05 09:17:37 - app - INFO - Flask应用创建成功
2026-01-05 09:17:37 - app - INFO - 静态文件目录: C:\Data\夸克转存\client\frontend
2026-01-05 09:17:37 - app - INFO - 启动任务调度服务...
2026-01-05 09:17:37 - app - INFO - 检查被中断的影视下载任务...
2026-01-05 09:17:37 - app - INFO - 没有需要恢复的影视下载任务
2026-01-05 09:17:37 - app - INFO - 账期生成循环已启动
2026-01-05 09:17:37 - app - INFO - 账期生成线程已启动
2026-01-05 09:17:37 - app - INFO - 开始生成 2026-01-05 的任务账期
2026-01-05 09:17:37 - app - INFO - 任务执行循环已启动
2026-01-05 09:17:37 - app - INFO - 任务执行线程已启动
2026-01-05 09:17:37 - app - INFO - 日志清理循环已启动
2026-01-05 09:17:37 - app - INFO - 日志清理线程已启动
2026-01-05 09:17:37 - app - INFO - 下次日志清理时间: 2026-01-06 02:00:00
2026-01-05 09:17:37 - app - INFO - 启动Flask服务: http://0.0.0.0:8520
2026-01-05 09:17:37 - app - INFO - ✅ 生成完成，共创建 0 条待执行记录
2026-01-05 09:17:37 - app - INFO - 下次生成账期时间: 2026-01-06 00:00:00, 等待 52943 秒
2026-01-05 09:17:38 - app - INFO - 解密密钥设置成功
2026-01-05 09:17:38 - app - INFO - 解密密钥获取成功
2026-01-05 09:17:38 - app - INFO - 解密密钥获取成功，配置已就绪
2026-01-05 09:17:38 - app - WARNING - 加密配置文件不存在,使用默认配置
2026-01-05 09:17:38 - app - WARNING - 配置解密失败,返回空配置
2026-01-05 09:17:38 - app - ERROR - 夸克API配置未加载,请联系管理员获取配置
2026-01-05 09:17:38 - app - ERROR - 夸克API配置加载失败: 夸克API配置未加载,请联系管理员获取配置
2026-01-05 09:17:38 - app - INFO - 检查数据库...
2026-01-05 09:17:38 - app - INFO - 数据库检查完成
2026-01-05 09:17:38 - app - INFO - 清理异常中断的任务状态...
2026-01-05 09:17:38 - app - INFO - 升级管理器初始化完成,许可证服务器: http://license.22l2.com
2026-01-05 09:17:38 - app - INFO - Flask应用创建成功
2026-01-05 09:17:38 - app - INFO - 静态文件目录: C:\Data\夸克转存\client\frontend
2026-01-05 09:17:38 - app - INFO - 启动任务调度服务...
2026-01-05 09:17:38 - app - INFO - 检查被中断的影视下载任务...
2026-01-05 09:17:38 - app - INFO - 没有需要恢复的影视下载任务
2026-01-05 09:17:38 - app - INFO - 账期生成循环已启动
2026-01-05 09:17:38 - app - INFO - 账期生成线程已启动
2026-01-05 09:17:38 - app - INFO - 开始生成 2026-01-05 的任务账期
2026-01-05 09:17:38 - app - INFO - 任务执行循环已启动
2026-01-05 09:17:38 - app - INFO - 任务执行线程已启动
2026-01-05 09:17:38 - app - INFO - 日志清理循环已启动
2026-01-05 09:17:38 - app - INFO - 日志清理线程已启动
2026-01-05 09:17:38 - app - INFO - 下次日志清理时间: 2026-01-06 02:00:00
2026-01-05 09:17:38 - app - INFO - ✅ 生成完成，共创建 0 条待执行记录
2026-01-05 09:17:38 - app - INFO - 启动Flask服务: http://0.0.0.0:8520
2026-01-05 09:17:38 - app - INFO - 下次生成账期时间: 2026-01-06 00:00:00, 等待 52942 秒
2026-01-05 09:17:46 - app - INFO - 许可证管理器初始化完成,服务器: http://license.22l2.com
2026-01-05 09:17:46 - app - INFO - 初始化许可证管理器...
2026-01-05 09:17:46 - app - INFO - 许可证管理器初始化完成,服务器: http://license.22l2.com
2026-01-05 09:17:46 - app - INFO - 初始化许可证管理器...
2026-01-05 09:17:47 - app - INFO - 解密密钥设置成功
2026-01-05 09:17:47 - app - INFO - 解密密钥获取成功
2026-01-05 09:17:47 - app - INFO - 解密密钥获取成功，配置已就绪
2026-01-05 09:17:47 - app - INFO - 配置解密成功
2026-01-05 09:17:47 - app - INFO - 夸克API配置加载成功
2026-01-05 09:17:47 - app - INFO - 夸克API配置加载完成
2026-01-05 09:17:47 - app - INFO - 检查数据库...
2026-01-05 09:17:47 - app - INFO - 数据库检查完成
2026-01-05 09:17:47 - app - INFO - 清理异常中断的任务状态...
2026-01-05 09:17:47 - app - INFO - 升级管理器初始化完成,许可证服务器: http://license.22l2.com
2026-01-05 09:17:47 - app - INFO - Flask应用创建成功
2026-01-05 09:17:47 - app - INFO - 静态文件目录: C:\Data\夸克转存\client\frontend
2026-01-05 09:17:47 - app - INFO - 启动任务调度服务...
2026-01-05 09:17:47 - app - INFO - 检查被中断的影视下载任务...
2026-01-05 09:17:47 - app - INFO - 没有需要恢复的影视下载任务
2026-01-05 09:17:47 - app - INFO - 账期生成循环已启动
2026-01-05 09:17:47 - app - INFO - 账期生成线程已启动
2026-01-05 09:17:47 - app - INFO - 开始生成 2026-01-05 的任务账期
2026-01-05 09:17:47 - app - INFO - 任务执行循环已启动
2026-01-05 09:17:47 - app - INFO - 任务执行线程已启动
2026-01-05 09:17:47 - app - INFO - 日志清理循环已启动
2026-01-05 09:17:47 - app - INFO - 日志清理线程已启动
2026-01-05 09:17:47 - app - INFO - 下次日志清理时间: 2026-01-06 02:00:00
2026-01-05 09:17:47 - app - INFO - ✅ 生成完成，共创建 0 条待执行记录
2026-01-05 09:17:47 - app - INFO - 启动Flask服务: http://0.0.0.0:8520
2026-01-05 09:17:47 - app - INFO - 下次生成账期时间: 2026-01-06 00:00:00, 等待 52932 秒
2026-01-05 09:17:47 - app - INFO - 解密密钥设置成功
2026-01-05 09:17:47 - app - INFO - 解密密钥获取成功
2026-01-05 09:17:47 - app - INFO - 解密密钥获取成功，配置已就绪
2026-01-05 09:17:47 - app - WARNING - 加密配置文件不存在,使用默认配置
2026-01-05 09:17:47 - app - WARNING - 配置解密失败,返回空配置
2026-01-05 09:17:47 - app - ERROR - 夸克API配置未加载,请联系管理员获取配置
2026-01-05 09:17:47 - app - ERROR - 夸克API配置加载失败: 夸克API配置未加载,请联系管理员获取配置
2026-01-05 09:17:47 - app - INFO - 检查数据库...
2026-01-05 09:17:47 - app - INFO - 数据库检查完成
2026-01-05 09:17:47 - app - INFO - 清理异常中断的任务状态...
2026-01-05 09:17:47 - app - INFO - 升级管理器初始化完成,许可证服务器: http://license.22l2.com
2026-01-05 09:17:47 - app - INFO - Flask应用创建成功
2026-01-05 09:17:47 - app - INFO - 静态文件目录: C:\Data\夸克转存\client\frontend
2026-01-05 09:17:47 - app - INFO - 启动任务调度服务...
2026-01-05 09:17:47 - app - INFO - 检查被中断的影视下载任务...
2026-01-05 09:17:47 - app - INFO - 没有需要恢复的影视下载任务
2026-01-05 09:17:47 - app - INFO - 账期生成循环已启动
2026-01-05 09:17:47 - app - INFO - 账期生成线程已启动
2026-01-05 09:17:47 - app - INFO - 开始生成 2026-01-05 的任务账期
2026-01-05 09:17:47 - app - INFO - 任务执行循环已启动
2026-01-05 09:17:47 - app - INFO - 任务执行线程已启动
2026-01-05 09:17:47 - app - INFO - 日志清理循环已启动
2026-01-05 09:17:47 - app - INFO - 日志清理线程已启动
2026-01-05 09:17:47 - app - INFO - 下次日志清理时间: 2026-01-06 02:00:00
2026-01-05 09:17:47 - app - INFO - 启动Flask服务: http://0.0.0.0:8520
2026-01-05 09:17:47 - app - INFO - ✅ 生成完成，共创建 0 条待执行记录
2026-01-05 09:17:47 - app - INFO - 下次生成账期时间: 2026-01-06 00:00:00, 等待 52932 秒
2026-01-05 09:18:10 - app - INFO - 成功获取账号昵称: 夸父2986
2026-01-05 09:18:11 - app - INFO - 成功获取账号昵称: 夸父2986
2026-01-05 09:23:10 - app - INFO - 许可证管理器初始化完成,服务器: http://license.22l2.com
2026-01-05 09:23:10 - app - INFO - 初始化许可证管理器...
2026-01-05 09:23:11 - app - INFO - 许可证管理器初始化完成,服务器: http://license.22l2.com
2026-01-05 09:23:11 - app - INFO - 初始化许可证管理器...
2026-01-05 09:23:12 - app - INFO - 解密密钥设置成功
2026-01-05 09:23:12 - app - INFO - 解密密钥获取成功
2026-01-05 09:23:12 - app - INFO - 解密密钥获取成功，配置已就绪
2026-01-05 09:23:12 - app - WARNING - 加密配置文件不存在,使用默认配置
2026-01-05 09:23:12 - app - WARNING - 配置解密失败,返回空配置
2026-01-05 09:23:12 - app - ERROR - 夸克API配置未加载,请联系管理员获取配置
2026-01-05 09:23:12 - app - ERROR - 夸克API配置加载失败: 夸克API配置未加载,请联系管理员获取配置
2026-01-05 09:23:12 - app - INFO - 检查数据库...
2026-01-05 09:23:12 - app - INFO - 数据库检查完成
2026-01-05 09:23:12 - app - INFO - 清理异常中断的任务状态...
2026-01-05 09:23:12 - app - INFO - 升级管理器初始化完成,许可证服务器: http://license.22l2.com
2026-01-05 09:23:12 - app - INFO - Flask应用创建成功
2026-01-05 09:23:12 - app - INFO - 静态文件目录: C:\Data\夸克转存\client\frontend
2026-01-05 09:23:12 - app - INFO - 启动任务调度服务...
2026-01-05 09:23:12 - app - INFO - 检查被中断的影视下载任务...
2026-01-05 09:23:12 - app - INFO - 没有需要恢复的影视下载任务
2026-01-05 09:23:12 - app - INFO - 账期生成循环已启动
2026-01-05 09:23:12 - app - INFO - 账期生成线程已启动
2026-01-05 09:23:12 - app - INFO - 开始生成 2026-01-05 的任务账期
2026-01-05 09:23:12 - app - INFO - 任务执行循环已启动
2026-01-05 09:23:12 - app - INFO - 任务执行线程已启动
2026-01-05 09:23:12 - app - INFO - 日志清理循环已启动
2026-01-05 09:23:12 - app - INFO - 日志清理线程已启动
2026-01-05 09:23:12 - app - INFO - ✅ 生成完成，共创建 0 条待执行记录
2026-01-05 09:23:12 - app - INFO - 下次日志清理时间: 2026-01-06 02:00:00
2026-01-05 09:23:12 - app - INFO - 启动Flask服务: http://0.0.0.0:8520
2026-01-05 09:23:12 - app - INFO - 下次生成账期时间: 2026-01-06 00:00:00, 等待 52608 秒
2026-01-05 09:23:13 - app - INFO - 解密密钥设置成功
2026-01-05 09:23:13 - app - INFO - 解密密钥获取成功
2026-01-05 09:23:13 - app - INFO - 解密密钥获取成功，配置已就绪
2026-01-05 09:23:13 - app - INFO - 配置解密成功
2026-01-05 09:23:13 - app - INFO - 夸克API配置加载成功
2026-01-05 09:23:13 - app - INFO - 夸克API配置加载完成
2026-01-05 09:23:13 - app - INFO - 检查数据库...
2026-01-05 09:23:13 - app - INFO - 数据库检查完成
2026-01-05 09:23:13 - app - INFO - 清理异常中断的任务状态...
2026-01-05 09:23:13 - app - INFO - 升级管理器初始化完成,许可证服务器: http://license.22l2.com
2026-01-05 09:23:13 - app - INFO - Flask应用创建成功
2026-01-05 09:23:13 - app - INFO - 静态文件目录: C:\Data\夸克转存\client\frontend
2026-01-05 09:23:13 - app - INFO - 启动任务调度服务...
2026-01-05 09:23:13 - app - INFO - 检查被中断的影视下载任务...
2026-01-05 09:23:13 - app - INFO - 没有需要恢复的影视下载任务
2026-01-05 09:23:13 - app - INFO - 账期生成循环已启动
2026-01-05 09:23:13 - app - INFO - 账期生成线程已启动
2026-01-05 09:23:13 - app - INFO - 开始生成 2026-01-05 的任务账期
2026-01-05 09:23:13 - app - INFO - 任务执行循环已启动
2026-01-05 09:23:13 - app - INFO - 任务执行线程已启动
2026-01-05 09:23:13 - app - INFO - ✅ 生成完成，共创建 0 条待执行记录
2026-01-05 09:23:13 - app - INFO - 日志清理循环已启动
2026-01-05 09:23:13 - app - INFO - 日志清理线程已启动
2026-01-05 09:23:13 - app - INFO - 下次生成账期时间: 2026-01-06 00:00:00, 等待 52607 秒
2026-01-05 09:23:13 - app - INFO - 下次日志清理时间: 2026-01-06 02:00:00
2026-01-05 09:23:13 - app - INFO - 启动Flask服务: http://0.0.0.0:8520
2026-01-05 09:31:03 - app - INFO - 许可证管理器初始化完成,服务器: http://license.22l2.com
2026-01-05 09:31:03 - app - INFO - 初始化许可证管理器...
2026-01-05 09:31:03 - app - INFO - 许可证管理器初始化完成,服务器: http://license.22l2.com
2026-01-05 09:31:03 - app - INFO - 初始化许可证管理器...
2026-01-05 09:31:06 - app - INFO - 解密密钥设置成功
2026-01-05 09:31:06 - app - INFO - 解密密钥获取成功
2026-01-05 09:31:06 - app - INFO - 解密密钥获取成功，配置已就绪
2026-01-05 09:31:06 - app - INFO - 配置解密成功
2026-01-05 09:31:06 - app - INFO - 夸克API配置加载成功
2026-01-05 09:31:06 - app - INFO - 夸克API配置加载完成
2026-01-05 09:31:06 - app - INFO - 检查数据库...
2026-01-05 09:31:06 - app - INFO - 数据库检查完成
2026-01-05 09:31:06 - app - INFO - 清理异常中断的任务状态...
2026-01-05 09:31:07 - app - INFO - 升级管理器初始化完成,许可证服务器: http://license.22l2.com
2026-01-05 09:31:07 - app - INFO - Flask应用创建成功
2026-01-05 09:31:07 - app - INFO - 静态文件目录: C:\Data\夸克转存\client\frontend
2026-01-05 09:31:07 - app - INFO - 启动任务调度服务...
2026-01-05 09:31:07 - app - INFO - 解密密钥设置成功
2026-01-05 09:31:07 - app - INFO - 解密密钥获取成功
2026-01-05 09:31:07 - app - INFO - 检查被中断的影视下载任务...
2026-01-05 09:31:07 - app - INFO - 解密密钥获取成功，配置已就绪
2026-01-05 09:31:07 - app - WARNING - 加密配置文件不存在,使用默认配置
2026-01-05 09:31:07 - app - WARNING - 配置解密失败,返回空配置
2026-01-05 09:31:07 - app - ERROR - 夸克API配置未加载,请联系管理员获取配置
2026-01-05 09:31:07 - app - ERROR - 夸克API配置加载失败: 夸克API配置未加载,请联系管理员获取配置
2026-01-05 09:31:07 - app - INFO - 没有需要恢复的影视下载任务
2026-01-05 09:31:07 - app - INFO - 检查数据库...
2026-01-05 09:31:07 - app - INFO - 数据库检查完成
2026-01-05 09:31:07 - app - INFO - 清理异常中断的任务状态...
2026-01-05 09:31:07 - app - INFO - 账期生成循环已启动
2026-01-05 09:31:07 - app - INFO - 账期生成线程已启动
2026-01-05 09:31:07 - app - INFO - 开始生成 2026-01-05 的任务账期
2026-01-05 09:31:07 - app - INFO - 任务执行循环已启动
2026-01-05 09:31:07 - app - INFO - 任务执行线程已启动
2026-01-05 09:31:07 - app - INFO - ✅ 生成完成，共创建 0 条待执行记录
2026-01-05 09:31:07 - app - INFO - 下次生成账期时间: 2026-01-06 00:00:00, 等待 52133 秒
2026-01-05 09:31:07 - app - INFO - 日志清理循环已启动
2026-01-05 09:31:07 - app - INFO - 日志清理线程已启动
2026-01-05 09:31:07 - app - INFO - 下次日志清理时间: 2026-01-06 02:00:00
2026-01-05 09:31:07 - app - INFO - 启动Flask服务: http://0.0.0.0:8520
2026-01-05 09:31:07 - app - INFO - 升级管理器初始化完成,许可证服务器: http://license.22l2.com
2026-01-05 09:31:07 - app - INFO - Flask应用创建成功
2026-01-05 09:31:07 - app - INFO - 静态文件目录: C:\Data\夸克转存\client\frontend
2026-01-05 09:31:07 - app - INFO - 启动任务调度服务...
2026-01-05 09:31:07 - app - INFO - 检查被中断的影视下载任务...
2026-01-05 09:31:07 - app - INFO - 没有需要恢复的影视下载任务
2026-01-05 09:31:07 - app - INFO - 账期生成循环已启动
2026-01-05 09:31:07 - app - INFO - 账期生成线程已启动
2026-01-05 09:31:07 - app - INFO - 开始生成 2026-01-05 的任务账期
2026-01-05 09:31:07 - app - INFO - 任务执行循环已启动
2026-01-05 09:31:07 - app - INFO - 任务执行线程已启动
2026-01-05 09:31:07 - app - INFO - ✅ 生成完成，共创建 0 条待执行记录
2026-01-05 09:31:07 - app - INFO - 日志清理循环已启动
2026-01-05 09:31:07 - app - INFO - 日志清理线程已启动
2026-01-05 09:31:07 - app - INFO - 下次生成账期时间: 2026-01-06 00:00:00, 等待 52132 秒
2026-01-05 09:31:07 - app - INFO - 下次日志清理时间: 2026-01-06 02:00:00
2026-01-05 09:31:07 - app - INFO - 启动Flask服务: http://0.0.0.0:8520
2026-01-05 12:45:28 - app - INFO - 许可证管理器初始化完成,服务器: http://license.22l2.com
2026-01-05 12:45:28 - app - INFO - 初始化许可证管理器...
2026-01-05 12:45:28 - app - INFO - 许可证管理器初始化完成,服务器: http://license.22l2.com
2026-01-05 12:45:28 - app - INFO - 初始化许可证管理器...
2026-01-05 12:45:30 - app - INFO - 解密密钥设置成功
2026-01-05 12:45:30 - app - INFO - 解密密钥获取成功
2026-01-05 12:45:30 - app - INFO - 解密密钥获取成功，配置已就绪
2026-01-05 12:45:30 - app - WARNING - 加密配置文件不存在,使用默认配置
2026-01-05 12:45:30 - app - WARNING - 配置解密失败,返回空配置
2026-01-05 12:45:30 - app - ERROR - 夸克API配置未加载,请联系管理员获取配置
2026-01-05 12:45:30 - app - ERROR - 夸克API配置加载失败: 夸克API配置未加载,请联系管理员获取配置
2026-01-05 12:45:30 - app - INFO - 检查数据库...
2026-01-05 12:45:30 - app - INFO - 数据库检查完成
2026-01-05 12:45:30 - app - INFO - 清理异常中断的任务状态...
2026-01-05 12:45:30 - app - INFO - 升级管理器初始化完成,许可证服务器: http://license.22l2.com
2026-01-05 12:45:30 - app - INFO - Flask应用创建成功
2026-01-05 12:45:30 - app - INFO - 静态文件目录: C:\Data\夸克转存\client\frontend
2026-01-05 12:45:30 - app - INFO - 启动任务调度服务...
2026-01-05 12:45:30 - app - INFO - 检查被中断的影视下载任务...
2026-01-05 12:45:30 - app - INFO - 没有需要恢复的影视下载任务
2026-01-05 12:45:30 - app - INFO - 账期生成循环已启动
2026-01-05 12:45:30 - app - INFO - 账期生成线程已启动
2026-01-05 12:45:30 - app - INFO - 开始生成 2026-01-05 的任务账期
2026-01-05 12:45:30 - app - INFO - 任务执行循环已启动
2026-01-05 12:45:30 - app - INFO - 任务执行线程已启动
2026-01-05 12:45:30 - app - INFO - 日志清理循环已启动
2026-01-05 12:45:30 - app - INFO - 日志清理线程已启动
2026-01-05 12:45:30 - app - INFO - 下次日志清理时间: 2026-01-06 02:00:00
2026-01-05 12:45:30 - app - INFO - 启动Flask服务: http://0.0.0.0:8520
2026-01-05 12:45:30 - app - INFO - ✅ 生成完成，共创建 0 条待执行记录
2026-01-05 12:45:30 - app - INFO - 下次生成账期时间: 2026-01-06 00:00:00, 等待 40469 秒
2026-01-05 12:45:30 - app - INFO - 解密密钥设置成功
2026-01-05 12:45:30 - app - INFO - 解密密钥获取成功
2026-01-05 12:45:30 - app - INFO - 解密密钥获取成功，配置已就绪
2026-01-05 12:45:30 - app - INFO - 配置解密成功
2026-01-05 12:45:30 - app - INFO - 夸克API配置加载成功
2026-01-05 12:45:30 - app - INFO - 夸克API配置加载完成
2026-01-05 12:45:30 - app - INFO - 检查数据库...
2026-01-05 12:45:30 - app - INFO - 数据库检查完成
2026-01-05 12:45:30 - app - INFO - 清理异常中断的任务状态...
2026-01-05 12:45:30 - app - INFO - 升级管理器初始化完成,许可证服务器: http://license.22l2.com
2026-01-05 12:45:30 - app - INFO - Flask应用创建成功
2026-01-05 12:45:30 - app - INFO - 静态文件目录: C:\Data\夸克转存\client\frontend
2026-01-05 12:45:30 - app - INFO - 启动任务调度服务...
2026-01-05 12:45:30 - app - INFO - 检查被中断的影视下载任务...
2026-01-05 12:45:30 - app - INFO - 没有需要恢复的影视下载任务
2026-01-05 12:45:30 - app - INFO - 账期生成循环已启动
2026-01-05 12:45:30 - app - INFO - 账期生成线程已启动
2026-01-05 12:45:30 - app - INFO - 开始生成 2026-01-05 的任务账期
2026-01-05 12:45:30 - app - INFO - 任务执行循环已启动
2026-01-05 12:45:30 - app - INFO - 任务执行线程已启动
2026-01-05 12:45:30 - app - INFO - 日志清理循环已启动
2026-01-05 12:45:30 - app - INFO - 日志清理线程已启动
2026-01-05 12:45:30 - app - INFO - 下次日志清理时间: 2026-01-06 02:00:00
2026-01-05 12:45:30 - app - INFO - ✅ 生成完成，共创建 0 条待执行记录
2026-01-05 12:45:30 - app - INFO - 启动Flask服务: http://0.0.0.0:8520
2026-01-05 12:45:30 - app - INFO - 下次生成账期时间: 2026-01-06 00:00:00, 等待 40469 秒
2026-01-05 12:45:40 - app - INFO - 许可证管理器初始化完成,服务器: http://license.22l2.com
2026-01-05 12:45:40 - app - INFO - 初始化许可证管理器...
2026-01-05 12:45:41 - app - INFO - 许可证管理器初始化完成,服务器: http://license.22l2.com
2026-01-05 12:45:41 - app - INFO - 初始化许可证管理器...
2026-01-05 12:45:42 - app - INFO - 解密密钥设置成功
2026-01-05 12:45:42 - app - INFO - 解密密钥获取成功
2026-01-05 12:45:42 - app - INFO - 解密密钥获取成功，配置已就绪
2026-01-05 12:45:42 - app - INFO - 配置解密成功
2026-01-05 12:45:42 - app - INFO - 夸克API配置加载成功
2026-01-05 12:45:42 - app - INFO - 夸克API配置加载完成
2026-01-05 12:45:42 - app - INFO - 检查数据库...
2026-01-05 12:45:42 - app - INFO - 数据库检查完成
2026-01-05 12:45:42 - app - INFO - 清理异常中断的任务状态...
2026-01-05 12:45:42 - app - INFO - 升级管理器初始化完成,许可证服务器: http://license.22l2.com
2026-01-05 12:45:42 - app - INFO - Flask应用创建成功
2026-01-05 12:45:42 - app - INFO - 静态文件目录: C:\Data\夸克转存\client\frontend
2026-01-05 12:45:42 - app - INFO - 启动任务调度服务...
2026-01-05 12:45:42 - app - INFO - 检查被中断的影视下载任务...
2026-01-05 12:45:42 - app - INFO - 没有需要恢复的影视下载任务
2026-01-05 12:45:42 - app - INFO - 账期生成循环已启动
2026-01-05 12:45:42 - app - INFO - 账期生成线程已启动
2026-01-05 12:45:42 - app - INFO - 开始生成 2026-01-05 的任务账期
2026-01-05 12:45:42 - app - INFO - 任务执行循环已启动
2026-01-05 12:45:42 - app - INFO - 任务执行线程已启动
2026-01-05 12:45:42 - app - INFO - 日志清理循环已启动
2026-01-05 12:45:42 - app - INFO - ✅ 生成完成，共创建 0 条待执行记录
2026-01-05 12:45:42 - app - INFO - 日志清理线程已启动
2026-01-05 12:45:42 - app - INFO - 下次日志清理时间: 2026-01-06 02:00:00
2026-01-05 12:45:42 - app - INFO - 下次生成账期时间: 2026-01-06 00:00:00, 等待 40457 秒
2026-01-05 12:45:42 - app - INFO - 启动Flask服务: http://0.0.0.0:8520
2026-01-05 12:45:43 - app - INFO - 解密密钥设置成功
2026-01-05 12:45:43 - app - INFO - 解密密钥获取成功
2026-01-05 12:45:43 - app - INFO - 解密密钥获取成功，配置已就绪
2026-01-05 12:45:43 - app - WARNING - 加密配置文件不存在,使用默认配置
2026-01-05 12:45:43 - app - WARNING - 配置解密失败,返回空配置
2026-01-05 12:45:43 - app - ERROR - 夸克API配置未加载,请联系管理员获取配置
2026-01-05 12:45:43 - app - ERROR - 夸克API配置加载失败: 夸克API配置未加载,请联系管理员获取配置
2026-01-05 12:45:43 - app - INFO - 检查数据库...
2026-01-05 12:45:43 - app - INFO - 数据库检查完成
2026-01-05 12:45:43 - app - INFO - 清理异常中断的任务状态...
2026-01-05 12:45:43 - app - INFO - 升级管理器初始化完成,许可证服务器: http://license.22l2.com
2026-01-05 12:45:43 - app - INFO - Flask应用创建成功
2026-01-05 12:45:43 - app - INFO - 静态文件目录: C:\Data\夸克转存\client\frontend
2026-01-05 12:45:43 - app - INFO - 启动任务调度服务...
2026-01-05 12:45:43 - app - INFO - 检查被中断的影视下载任务...
2026-01-05 12:45:43 - app - INFO - 没有需要恢复的影视下载任务
2026-01-05 12:45:43 - app - INFO - 账期生成循环已启动
2026-01-05 12:45:43 - app - INFO - 账期生成线程已启动
2026-01-05 12:45:43 - app - INFO - 开始生成 2026-01-05 的任务账期
2026-01-05 12:45:43 - app - INFO - 任务执行循环已启动
2026-01-05 12:45:43 - app - INFO - 任务执行线程已启动
2026-01-05 12:45:43 - app - INFO - ✅ 生成完成，共创建 0 条待执行记录
2026-01-05 12:45:43 - app - INFO - 日志清理循环已启动
2026-01-05 12:45:43 - app - INFO - 日志清理线程已启动
2026-01-05 12:45:43 - app - INFO - 下次生成账期时间: 2026-01-06 00:00:00, 等待 40456 秒
2026-01-05 12:45:43 - app - INFO - 下次日志清理时间: 2026-01-06 02:00:00
2026-01-05 12:45:43 - app - INFO - 启动Flask服务: http://0.0.0.0:8520
2026-01-05 12:55:35 - app - INFO - 许可证管理器初始化完成,服务器: http://license.22l2.com
2026-01-05 12:55:35 - app - INFO - 许可证管理器初始化完成,服务器: http://license.22l2.com
2026-01-05 12:55:35 - app - INFO - 初始化许可证管理器...
2026-01-05 12:55:35 - app - INFO - 初始化许可证管理器...
2026-01-05 12:55:36 - app - INFO - 解密密钥设置成功
2026-01-05 12:55:36 - app - INFO - 解密密钥获取成功
2026-01-05 12:55:36 - app - INFO - 解密密钥获取成功，配置已就绪
2026-01-05 12:55:36 - app - INFO - 配置解密成功
2026-01-05 12:55:36 - app - INFO - 夸克API配置加载成功
2026-01-05 12:55:36 - app - INFO - 夸克API配置加载完成
2026-01-05 12:55:36 - app - INFO - 检查数据库...
2026-01-05 12:55:36 - app - INFO - 数据库检查完成
2026-01-05 12:55:36 - app - INFO - 清理异常中断的任务状态...
2026-01-05 12:55:36 - app - INFO - 解密密钥设置成功
2026-01-05 12:55:36 - app - INFO - 解密密钥获取成功
2026-01-05 12:55:36 - app - INFO - 解密密钥获取成功，配置已就绪
2026-01-05 12:55:36 - app - WARNING - 加密配置文件不存在,使用默认配置
2026-01-05 12:55:36 - app - WARNING - 配置解密失败,返回空配置
2026-01-05 12:55:36 - app - ERROR - 夸克API配置未加载,请联系管理员获取配置
2026-01-05 12:55:36 - app - ERROR - 夸克API配置加载失败: 夸克API配置未加载,请联系管理员获取配置
2026-01-05 12:55:36 - app - INFO - 检查数据库...
2026-01-05 12:55:36 - app - INFO - 数据库检查完成
2026-01-05 12:55:36 - app - INFO - 清理异常中断的任务状态...
2026-01-05 12:55:36 - app - INFO - 升级管理器初始化完成,许可证服务器: http://license.22l2.com
2026-01-05 12:55:37 - app - INFO - Flask应用创建成功
2026-01-05 12:55:37 - app - INFO - 静态文件目录: C:\Data\夸克转存\client\frontend
2026-01-05 12:55:37 - app - INFO - 启动任务调度服务...
2026-01-05 12:55:37 - app - INFO - 检查被中断的影视下载任务...
2026-01-05 12:55:37 - app - INFO - 升级管理器初始化完成,许可证服务器: http://license.22l2.com
2026-01-05 12:55:37 - app - INFO - 没有需要恢复的影视下载任务
2026-01-05 12:55:37 - app - INFO - 账期生成循环已启动
2026-01-05 12:55:37 - app - INFO - 账期生成线程已启动
2026-01-05 12:55:37 - app - INFO - 开始生成 2026-01-05 的任务账期
2026-01-05 12:55:37 - app - INFO - 任务执行循环已启动
2026-01-05 12:55:37 - app - INFO - 任务执行线程已启动
2026-01-05 12:55:37 - app - INFO - ✅ 生成完成，共创建 0 条待执行记录
2026-01-05 12:55:37 - app - INFO - 下次生成账期时间: 2026-01-06 00:00:00, 等待 39863 秒
2026-01-05 12:55:37 - app - INFO - 日志清理循环已启动
2026-01-05 12:55:37 - app - INFO - 日志清理线程已启动
2026-01-05 12:55:37 - app - INFO - 下次日志清理时间: 2026-01-06 02:00:00
2026-01-05 12:55:37 - app - INFO - 启动Flask服务: http://0.0.0.0:8520
2026-01-05 12:55:37 - app - INFO - Flask应用创建成功
2026-01-05 12:55:37 - app - INFO - 静态文件目录: C:\Data\夸克转存\client\frontend
2026-01-05 12:55:37 - app - INFO - 启动任务调度服务...
2026-01-05 12:55:37 - app - INFO - 检查被中断的影视下载任务...
2026-01-05 12:55:37 - app - INFO - 没有需要恢复的影视下载任务
2026-01-05 12:55:37 - app - INFO - 账期生成循环已启动
2026-01-05 12:55:37 - app - INFO - 账期生成线程已启动
2026-01-05 12:55:37 - app - INFO - 开始生成 2026-01-05 的任务账期
2026-01-05 12:55:37 - app - INFO - 任务执行循环已启动
2026-01-05 12:55:37 - app - INFO - 任务执行线程已启动
2026-01-05 12:55:37 - app - INFO - 日志清理循环已启动
2026-01-05 12:55:37 - app - INFO - 日志清理线程已启动
2026-01-05 12:55:37 - app - INFO - ✅ 生成完成，共创建 0 条待执行记录
2026-01-05 12:55:37 - app - INFO - 下次日志清理时间: 2026-01-06 02:00:00
2026-01-05 12:55:37 - app - INFO - 启动Flask服务: http://0.0.0.0:8520
2026-01-05 12:55:37 - app - INFO - 下次生成账期时间: 2026-01-06 00:00:00, 等待 39863 秒
2026-01-05 12:56:25 - app - INFO - 许可证管理器初始化完成,服务器: http://license.22l2.com
2026-01-05 12:56:25 - app - INFO - 许可证管理器初始化完成,服务器: http://license.22l2.com
2026-01-05 12:56:25 - app - INFO - 初始化许可证管理器...
2026-01-05 12:56:25 - app - INFO - 初始化许可证管理器...
2026-01-05 12:56:27 - app - INFO - 解密密钥设置成功
2026-01-05 12:56:27 - app - INFO - 解密密钥获取成功
2026-01-05 12:56:27 - app - INFO - 解密密钥获取成功，配置已就绪
2026-01-05 12:56:27 - app - INFO - 配置解密成功
2026-01-05 12:56:27 - app - INFO - 夸克API配置加载成功
2026-01-05 12:56:27 - app - INFO - 夸克API配置加载完成
2026-01-05 12:56:27 - app - INFO - 检查数据库...
2026-01-05 12:56:27 - app - INFO - 数据库检查完成
2026-01-05 12:56:27 - app - INFO - 清理异常中断的任务状态...
2026-01-05 12:56:27 - app - INFO - 升级管理器初始化完成,许可证服务器: http://license.22l2.com
2026-01-05 12:56:27 - app - INFO - Flask应用创建成功
2026-01-05 12:56:27 - app - INFO - 静态文件目录: C:\Data\夸克转存\client\frontend
2026-01-05 12:56:27 - app - INFO - 启动任务调度服务...
2026-01-05 12:56:27 - app - INFO - 检查被中断的影视下载任务...
2026-01-05 12:56:27 - app - INFO - 没有需要恢复的影视下载任务
2026-01-05 12:56:27 - app - INFO - 账期生成循环已启动
2026-01-05 12:56:27 - app - INFO - 账期生成线程已启动
2026-01-05 12:56:27 - app - INFO - 开始生成 2026-01-05 的任务账期
2026-01-05 12:56:27 - app - INFO - 任务执行循环已启动
2026-01-05 12:56:27 - app - INFO - 任务执行线程已启动
2026-01-05 12:56:27 - app - INFO - ✅ 生成完成，共创建 0 条待执行记录
2026-01-05 12:56:27 - app - INFO - 日志清理循环已启动
2026-01-05 12:56:27 - app - INFO - 日志清理线程已启动
2026-01-05 12:56:27 - app - INFO - 下次生成账期时间: 2026-01-06 00:00:00, 等待 39812 秒
2026-01-05 12:56:27 - app - INFO - 启动Flask服务: http://0.0.0.0:8520
2026-01-05 12:56:27 - app - INFO - 下次日志清理时间: 2026-01-06 02:00:00
2026-01-05 12:56:27 - app - INFO - 解密密钥设置成功
2026-01-05 12:56:27 - app - INFO - 解密密钥获取成功
2026-01-05 12:56:27 - app - INFO - 解密密钥获取成功，配置已就绪
2026-01-05 12:56:27 - app - WARNING - 加密配置文件不存在,使用默认配置
2026-01-05 12:56:27 - app - WARNING - 配置解密失败,返回空配置
2026-01-05 12:56:27 - app - ERROR - 夸克API配置未加载,请联系管理员获取配置
2026-01-05 12:56:27 - app - ERROR - 夸克API配置加载失败: 夸克API配置未加载,请联系管理员获取配置
2026-01-05 12:56:27 - app - INFO - 检查数据库...
2026-01-05 12:56:27 - app - INFO - 数据库检查完成
2026-01-05 12:56:27 - app - INFO - 清理异常中断的任务状态...
2026-01-05 12:56:27 - app - INFO - 升级管理器初始化完成,许可证服务器: http://license.22l2.com
2026-01-05 12:56:27 - app - INFO - Flask应用创建成功
2026-01-05 12:56:27 - app - INFO - 静态文件目录: C:\Data\夸克转存\client\frontend
2026-01-05 12:56:27 - app - INFO - 启动任务调度服务...
2026-01-05 12:56:28 - app - INFO - 检查被中断的影视下载任务...
2026-01-05 12:56:28 - app - INFO - 没有需要恢复的影视下载任务
2026-01-05 12:56:28 - app - INFO - 账期生成循环已启动
2026-01-05 12:56:28 - app - INFO - 账期生成线程已启动
2026-01-05 12:56:28 - app - INFO - 开始生成 2026-01-05 的任务账期
2026-01-05 12:56:28 - app - INFO - 任务执行循环已启动
2026-01-05 12:56:28 - app - INFO - 任务执行线程已启动
2026-01-05 12:56:28 - app - INFO - 日志清理循环已启动
2026-01-05 12:56:28 - app - INFO - 日志清理线程已启动
2026-01-05 12:56:28 - app - INFO - 下次日志清理时间: 2026-01-06 02:00:00
2026-01-05 12:56:28 - app - INFO - 启动Flask服务: http://0.0.0.0:8520
2026-01-05 12:56:28 - app - INFO - ✅ 生成完成，共创建 0 条待执行记录
2026-01-05 12:56:28 - app - INFO - 下次生成账期时间: 2026-01-06 00:00:00, 等待 39812 秒
2026-01-05 12:56:39 - app - INFO - 许可证管理器初始化完成,服务器: http://license.22l2.com
2026-01-05 12:56:39 - app - INFO - 初始化许可证管理器...
2026-01-05 12:56:40 - app - INFO - 许可证管理器初始化完成,服务器: http://license.22l2.com
2026-01-05 12:56:40 - app - INFO - 初始化许可证管理器...
2026-01-05 12:56:42 - app - INFO - 解密密钥设置成功
2026-01-05 12:56:42 - app - INFO - 解密密钥获取成功
2026-01-05 12:56:42 - app - INFO - 解密密钥获取成功，配置已就绪
2026-01-05 12:56:42 - app - INFO - 配置解密成功
2026-01-05 12:56:42 - app - INFO - 夸克API配置加载成功
2026-01-05 12:56:42 - app - INFO - 夸克API配置加载完成
2026-01-05 12:56:42 - app - INFO - 检查数据库...
2026-01-05 12:56:42 - app - INFO - 数据库检查完成
2026-01-05 12:56:42 - app - INFO - 清理异常中断的任务状态...
2026-01-05 12:56:42 - app - INFO - 升级管理器初始化完成,许可证服务器: http://license.22l2.com
2026-01-05 12:56:42 - app - INFO - Flask应用创建成功
2026-01-05 12:56:42 - app - INFO - 静态文件目录: C:\Data\夸克转存\client\frontend
2026-01-05 12:56:42 - app - INFO - 启动任务调度服务...
2026-01-05 12:56:42 - app - INFO - 检查被中断的影视下载任务...
2026-01-05 12:56:42 - app - INFO - 没有需要恢复的影视下载任务
2026-01-05 12:56:42 - app - INFO - 账期生成循环已启动
2026-01-05 12:56:42 - app - INFO - 账期生成线程已启动
2026-01-05 12:56:42 - app - INFO - 开始生成 2026-01-05 的任务账期
2026-01-05 12:56:42 - app - INFO - 任务执行循环已启动
2026-01-05 12:56:42 - app - INFO - 任务执行线程已启动
2026-01-05 12:56:42 - app - INFO - 日志清理循环已启动
2026-01-05 12:56:42 - app - INFO - 日志清理线程已启动
2026-01-05 12:56:42 - app - INFO - 下次日志清理时间: 2026-01-06 02:00:00
2026-01-05 12:56:42 - app - INFO - ✅ 生成完成，共创建 0 条待执行记录
2026-01-05 12:56:42 - app - INFO - 启动Flask服务: http://0.0.0.0:8520
2026-01-05 12:56:42 - app - INFO - 下次生成账期时间: 2026-01-06 00:00:00, 等待 39798 秒
2026-01-05 12:56:42 - app - INFO - 解密密钥设置成功
2026-01-05 12:56:42 - app - INFO - 解密密钥获取成功
2026-01-05 12:56:42 - app - INFO - 解密密钥获取成功，配置已就绪
2026-01-05 12:56:42 - app - WARNING - 加密配置文件不存在,使用默认配置
2026-01-05 12:56:42 - app - WARNING - 配置解密失败,返回空配置
2026-01-05 12:56:42 - app - ERROR - 夸克API配置未加载,请联系管理员获取配置
2026-01-05 12:56:42 - app - ERROR - 夸克API配置加载失败: 夸克API配置未加载,请联系管理员获取配置
2026-01-05 12:56:42 - app - INFO - 检查数据库...
2026-01-05 12:56:42 - app - INFO - 数据库检查完成
2026-01-05 12:56:42 - app - INFO - 清理异常中断的任务状态...
2026-01-05 12:56:42 - app - INFO - 升级管理器初始化完成,许可证服务器: http://license.22l2.com
2026-01-05 12:56:42 - app - INFO - Flask应用创建成功
2026-01-05 12:56:42 - app - INFO - 静态文件目录: C:\Data\夸克转存\client\frontend
2026-01-05 12:56:42 - app - INFO - 启动任务调度服务...
2026-01-05 12:56:42 - app - INFO - 检查被中断的影视下载任务...
2026-01-05 12:56:42 - app - INFO - 没有需要恢复的影视下载任务
2026-01-05 12:56:42 - app - INFO - 账期生成循环已启动
2026-01-05 12:56:42 - app - INFO - 账期生成线程已启动
2026-01-05 12:56:42 - app - INFO - 开始生成 2026-01-05 的任务账期
2026-01-05 12:56:42 - app - INFO - 任务执行循环已启动
2026-01-05 12:56:42 - app - INFO - 任务执行线程已启动
2026-01-05 12:56:42 - app - INFO - ✅ 生成完成，共创建 0 条待执行记录
2026-01-05 12:56:42 - app - INFO - 下次生成账期时间: 2026-01-06 00:00:00, 等待 39797 秒
2026-01-05 12:56:42 - app - INFO - 日志清理循环已启动
2026-01-05 12:56:42 - app - INFO - 日志清理线程已启动
2026-01-05 12:56:42 - app - INFO - 下次日志清理时间: 2026-01-06 02:00:00
2026-01-05 12:56:42 - app - INFO - 启动Flask服务: http://0.0.0.0:8520
2026-01-05 12:56:57 - app - INFO - 许可证管理器初始化完成,服务器: http://license.22l2.com
2026-01-05 12:56:57 - app - INFO - 初始化许可证管理器...
2026-01-05 12:56:58 - app - INFO - 许可证管理器初始化完成,服务器: http://license.22l2.com
2026-01-05 12:56:58 - app - INFO - 初始化许可证管理器...
2026-01-05 12:56:59 - app - INFO - 解密密钥设置成功
2026-01-05 12:56:59 - app - INFO - 解密密钥获取成功
2026-01-05 12:56:59 - app - INFO - 解密密钥获取成功，配置已就绪
2026-01-05 12:56:59 - app - INFO - 配置解密成功
2026-01-05 12:56:59 - app - INFO - 夸克API配置加载成功
2026-01-05 12:56:59 - app - INFO - 夸克API配置加载完成
2026-01-05 12:56:59 - app - INFO - 检查数据库...
2026-01-05 12:56:59 - app - INFO - 数据库检查完成
2026-01-05 12:56:59 - app - INFO - 清理异常中断的任务状态...
2026-01-05 12:56:59 - app - INFO - 升级管理器初始化完成,许可证服务器: http://license.22l2.com
2026-01-05 12:56:59 - app - INFO - Flask应用创建成功
2026-01-05 12:56:59 - app - INFO - 静态文件目录: C:\Data\夸克转存\client\frontend
2026-01-05 12:56:59 - app - INFO - 启动任务调度服务...
2026-01-05 12:56:59 - app - INFO - 检查被中断的影视下载任务...
2026-01-05 12:56:59 - app - INFO - 没有需要恢复的影视下载任务
2026-01-05 12:56:59 - app - INFO - 账期生成循环已启动
2026-01-05 12:56:59 - app - INFO - 账期生成线程已启动
2026-01-05 12:56:59 - app - INFO - 开始生成 2026-01-05 的任务账期
2026-01-05 12:56:59 - app - INFO - 任务执行循环已启动
2026-01-05 12:56:59 - app - INFO - 任务执行线程已启动
2026-01-05 12:56:59 - app - INFO - 日志清理循环已启动
2026-01-05 12:56:59 - app - INFO - 日志清理线程已启动
2026-01-05 12:56:59 - app - INFO - 下次日志清理时间: 2026-01-06 02:00:00
2026-01-05 12:56:59 - app - INFO - ✅ 生成完成，共创建 0 条待执行记录
2026-01-05 12:56:59 - app - INFO - 启动Flask服务: http://0.0.0.0:8520
2026-01-05 12:56:59 - app - INFO - 下次生成账期时间: 2026-01-06 00:00:00, 等待 39780 秒
2026-01-05 12:56:59 - app - INFO - 解密密钥设置成功
2026-01-05 12:56:59 - app - INFO - 解密密钥获取成功
2026-01-05 12:56:59 - app - INFO - 解密密钥获取成功，配置已就绪
2026-01-05 12:56:59 - app - WARNING - 加密配置文件不存在,使用默认配置
2026-01-05 12:56:59 - app - WARNING - 配置解密失败,返回空配置
2026-01-05 12:56:59 - app - ERROR - 夸克API配置未加载,请联系管理员获取配置
2026-01-05 12:56:59 - app - ERROR - 夸克API配置加载失败: 夸克API配置未加载,请联系管理员获取配置
2026-01-05 12:56:59 - app - INFO - 检查数据库...
2026-01-05 12:56:59 - app - INFO - 数据库检查完成
2026-01-05 12:56:59 - app - INFO - 清理异常中断的任务状态...
2026-01-05 12:56:59 - app - INFO - 升级管理器初始化完成,许可证服务器: http://license.22l2.com
2026-01-05 12:56:59 - app - INFO - Flask应用创建成功
2026-01-05 12:56:59 - app - INFO - 静态文件目录: C:\Data\夸克转存\client\frontend
2026-01-05 12:56:59 - app - INFO - 启动任务调度服务...
2026-01-05 12:56:59 - app - INFO - 检查被中断的影视下载任务...
2026-01-05 12:56:59 - app - INFO - 没有需要恢复的影视下载任务
2026-01-05 12:56:59 - app - INFO - 账期生成循环已启动
2026-01-05 12:56:59 - app - INFO - 账期生成线程已启动
2026-01-05 12:56:59 - app - INFO - 开始生成 2026-01-05 的任务账期
2026-01-05 12:56:59 - app - INFO - 任务执行循环已启动
2026-01-05 12:56:59 - app - INFO - 任务执行线程已启动
2026-01-05 12:56:59 - app - INFO - 日志清理循环已启动
2026-01-05 12:56:59 - app - INFO - 日志清理线程已启动
2026-01-05 12:56:59 - app - INFO - 下次日志清理时间: 2026-01-06 02:00:00
2026-01-05 12:56:59 - app - INFO - 启动Flask服务: http://0.0.0.0:8520
2026-01-05 12:56:59 - app - INFO - ✅ 生成完成，共创建 0 条待执行记录
2026-01-05 12:56:59 - app - INFO - 下次生成账期时间: 2026-01-06 00:00:00, 等待 39780 秒
2026-01-05 12:57:37 - app - INFO - 许可证管理器初始化完成,服务器: http://license.22l2.com
2026-01-05 12:57:37 - app - INFO - 许可证管理器初始化完成,服务器: http://license.22l2.com
2026-01-05 12:57:37 - app - INFO - 初始化许可证管理器...
2026-01-05 12:57:37 - app - INFO - 初始化许可证管理器...
2026-01-05 12:57:39 - app - INFO - 解密密钥设置成功
2026-01-05 12:57:39 - app - INFO - 解密密钥获取成功
2026-01-05 12:57:39 - app - INFO - 解密密钥获取成功，配置已就绪
2026-01-05 12:57:39 - app - WARNING - 加密配置文件不存在,使用默认配置
2026-01-05 12:57:39 - app - WARNING - 配置解密失败,返回空配置
2026-01-05 12:57:39 - app - ERROR - 夸克API配置未加载,请联系管理员获取配置
2026-01-05 12:57:39 - app - ERROR - 夸克API配置加载失败: 夸克API配置未加载,请联系管理员获取配置
2026-01-05 12:57:39 - app - INFO - 检查数据库...
2026-01-05 12:57:39 - app - INFO - 数据库检查完成
2026-01-05 12:57:39 - app - INFO - 清理异常中断的任务状态...
2026-01-05 12:57:39 - app - INFO - 升级管理器初始化完成,许可证服务器: http://license.22l2.com
2026-01-05 12:57:39 - app - INFO - Flask应用创建成功
2026-01-05 12:57:39 - app - INFO - 静态文件目录: C:\Data\夸克转存\client\frontend
2026-01-05 12:57:39 - app - INFO - 启动任务调度服务...
2026-01-05 12:57:39 - app - INFO - 检查被中断的影视下载任务...
2026-01-05 12:57:39 - app - INFO - 没有需要恢复的影视下载任务
2026-01-05 12:57:39 - app - INFO - 账期生成循环已启动
2026-01-05 12:57:39 - app - INFO - 账期生成线程已启动
2026-01-05 12:57:39 - app - INFO - 开始生成 2026-01-05 的任务账期
2026-01-05 12:57:39 - app - INFO - 任务执行循环已启动
2026-01-05 12:57:39 - app - INFO - 任务执行线程已启动
2026-01-05 12:57:39 - app - INFO - 日志清理循环已启动
2026-01-05 12:57:39 - app - INFO - 日志清理线程已启动
2026-01-05 12:57:39 - app - INFO - 下次日志清理时间: 2026-01-06 02:00:00
2026-01-05 12:57:39 - app - INFO - 启动Flask服务: http://0.0.0.0:8520
2026-01-05 12:57:39 - app - INFO - ✅ 生成完成，共创建 0 条待执行记录
2026-01-05 12:57:39 - app - INFO - 下次生成账期时间: 2026-01-06 00:00:00, 等待 39741 秒
2026-01-05 12:57:39 - app - INFO - 解密密钥设置成功
2026-01-05 12:57:39 - app - INFO - 解密密钥获取成功
2026-01-05 12:57:39 - app - INFO - 解密密钥获取成功，配置已就绪
2026-01-05 12:57:39 - app - INFO - 配置解密成功
2026-01-05 12:57:39 - app - INFO - 夸克API配置加载成功
2026-01-05 12:57:39 - app - INFO - 夸克API配置加载完成
2026-01-05 12:57:39 - app - INFO - 检查数据库...
2026-01-05 12:57:39 - app - INFO - 数据库检查完成
2026-01-05 12:57:39 - app - INFO - 清理异常中断的任务状态...
2026-01-05 12:57:39 - app - INFO - 升级管理器初始化完成,许可证服务器: http://license.22l2.com
2026-01-05 12:57:39 - app - INFO - Flask应用创建成功
2026-01-05 12:57:39 - app - INFO - 静态文件目录: C:\Data\夸克转存\client\frontend
2026-01-05 12:57:39 - app - INFO - 启动任务调度服务...
2026-01-05 12:57:39 - app - INFO - 检查被中断的影视下载任务...
2026-01-05 12:57:39 - app - INFO - 没有需要恢复的影视下载任务
2026-01-05 12:57:39 - app - INFO - 账期生成循环已启动
2026-01-05 12:57:39 - app - INFO - 账期生成线程已启动
2026-01-05 12:57:39 - app - INFO - 开始生成 2026-01-05 的任务账期
2026-01-05 12:57:39 - app - INFO - 任务执行循环已启动
2026-01-05 12:57:39 - app - INFO - 任务执行线程已启动
2026-01-05 12:57:39 - app - INFO - 日志清理循环已启动
2026-01-05 12:57:39 - app - INFO - 日志清理线程已启动
2026-01-05 12:57:39 - app - INFO - 下次日志清理时间: 2026-01-06 02:00:00
2026-01-05 12:57:39 - app - INFO - ✅ 生成完成，共创建 0 条待执行记录
2026-01-05 12:57:39 - app - INFO - 启动Flask服务: http://0.0.0.0:8520
2026-01-05 12:57:39 - app - INFO - 下次生成账期时间: 2026-01-06 00:00:00, 等待 39740 秒
2026-01-05 12:57:57 - app - INFO - 许可证管理器初始化完成,服务器: http://license.22l2.com
2026-01-05 12:57:57 - app - INFO - 许可证管理器初始化完成,服务器: http://license.22l2.com
2026-01-05 12:57:57 - app - INFO - 初始化许可证管理器...
2026-01-05 12:57:57 - app - INFO - 初始化许可证管理器...
2026-01-05 12:57:59 - app - INFO - 解密密钥设置成功
2026-01-05 12:57:59 - app - INFO - 解密密钥获取成功
2026-01-05 12:57:59 - app - INFO - 解密密钥获取成功，配置已就绪
2026-01-05 12:57:59 - app - INFO - 配置解密成功
2026-01-05 12:57:59 - app - INFO - 夸克API配置加载成功
2026-01-05 12:57:59 - app - INFO - 夸克API配置加载完成
2026-01-05 12:57:59 - app - INFO - 检查数据库...
2026-01-05 12:57:59 - app - INFO - 数据库检查完成
2026-01-05 12:57:59 - app - INFO - 解密密钥设置成功
2026-01-05 12:57:59 - app - INFO - 清理异常中断的任务状态...
2026-01-05 12:57:59 - app - INFO - 解密密钥获取成功
2026-01-05 12:57:59 - app - INFO - 解密密钥获取成功，配置已就绪
2026-01-05 12:57:59 - app - WARNING - 加密配置文件不存在,使用默认配置
2026-01-05 12:57:59 - app - WARNING - 配置解密失败,返回空配置
2026-01-05 12:57:59 - app - ERROR - 夸克API配置未加载,请联系管理员获取配置
2026-01-05 12:57:59 - app - ERROR - 夸克API配置加载失败: 夸克API配置未加载,请联系管理员获取配置
2026-01-05 12:57:59 - app - INFO - 检查数据库...
2026-01-05 12:57:59 - app - INFO - 数据库检查完成
2026-01-05 12:57:59 - app - INFO - 清理异常中断的任务状态...
2026-01-05 12:57:59 - app - INFO - 升级管理器初始化完成,许可证服务器: http://license.22l2.com
2026-01-05 12:57:59 - app - INFO - 升级管理器初始化完成,许可证服务器: http://license.22l2.com
2026-01-05 12:57:59 - app - INFO - Flask应用创建成功
2026-01-05 12:57:59 - app - INFO - 静态文件目录: C:\Data\夸克转存\client\frontend
2026-01-05 12:57:59 - app - INFO - 启动任务调度服务...
2026-01-05 12:57:59 - app - INFO - Flask应用创建成功
2026-01-05 12:57:59 - app - INFO - 静态文件目录: C:\Data\夸克转存\client\frontend
2026-01-05 12:57:59 - app - INFO - 启动任务调度服务...
2026-01-05 12:57:59 - app - INFO - 检查被中断的影视下载任务...
2026-01-05 12:57:59 - app - INFO - 没有需要恢复的影视下载任务
2026-01-05 12:57:59 - app - INFO - 账期生成循环已启动
2026-01-05 12:57:59 - app - INFO - 账期生成线程已启动
2026-01-05 12:57:59 - app - INFO - 开始生成 2026-01-05 的任务账期
2026-01-05 12:57:59 - app - INFO - 任务执行循环已启动
2026-01-05 12:57:59 - app - INFO - 任务执行线程已启动
2026-01-05 12:57:59 - app - INFO - 日志清理循环已启动
2026-01-05 12:57:59 - app - INFO - 日志清理线程已启动
2026-01-05 12:57:59 - app - INFO - 下次日志清理时间: 2026-01-06 02:00:00
2026-01-05 12:57:59 - app - INFO - ✅ 生成完成，共创建 0 条待执行记录
2026-01-05 12:57:59 - app - INFO - 检查被中断的影视下载任务...
2026-01-05 12:57:59 - app - INFO - 启动Flask服务: http://0.0.0.0:8520
2026-01-05 12:57:59 - app - INFO - 下次生成账期时间: 2026-01-06 00:00:00, 等待 39720 秒
2026-01-05 12:57:59 - app - INFO - 没有需要恢复的影视下载任务
2026-01-05 12:57:59 - app - INFO - 账期生成循环已启动
2026-01-05 12:57:59 - app - INFO - 账期生成线程已启动
2026-01-05 12:57:59 - app - INFO - 开始生成 2026-01-05 的任务账期
2026-01-05 12:57:59 - app - INFO - 任务执行循环已启动
2026-01-05 12:57:59 - app - INFO - 任务执行线程已启动
2026-01-05 12:57:59 - app - INFO - 日志清理循环已启动
2026-01-05 12:57:59 - app - INFO - 日志清理线程已启动
2026-01-05 12:57:59 - app - INFO - ✅ 生成完成，共创建 0 条待执行记录
2026-01-05 12:57:59 - app - INFO - 下次日志清理时间: 2026-01-06 02:00:00
2026-01-05 12:57:59 - app - INFO - 启动Flask服务: http://0.0.0.0:8520
2026-01-05 12:57:59 - app - INFO - 下次生成账期时间: 2026-01-06 00:00:00, 等待 39720 秒
2026-01-05 12:58:16 - app - INFO - 许可证管理器初始化完成,服务器: http://license.22l2.com
2026-01-05 12:58:16 - app - INFO - 许可证管理器初始化完成,服务器: http://license.22l2.com
2026-01-05 12:58:16 - app - INFO - 初始化许可证管理器...
2026-01-05 12:58:16 - app - INFO - 初始化许可证管理器...
2026-01-05 12:58:18 - app - INFO - 解密密钥设置成功
2026-01-05 12:58:18 - app - INFO - 解密密钥获取成功
2026-01-05 12:58:18 - app - INFO - 解密密钥获取成功，配置已就绪
2026-01-05 12:58:18 - app - WARNING - 加密配置文件不存在,使用默认配置
2026-01-05 12:58:18 - app - WARNING - 配置解密失败,返回空配置
2026-01-05 12:58:18 - app - ERROR - 夸克API配置未加载,请联系管理员获取配置
2026-01-05 12:58:18 - app - ERROR - 夸克API配置加载失败: 夸克API配置未加载,请联系管理员获取配置
2026-01-05 12:58:18 - app - INFO - 检查数据库...
2026-01-05 12:58:18 - app - INFO - 数据库检查完成
2026-01-05 12:58:18 - app - INFO - 清理异常中断的任务状态...
2026-01-05 12:58:18 - app - INFO - 升级管理器初始化完成,许可证服务器: http://license.22l2.com
2026-01-05 12:58:18 - app - INFO - Flask应用创建成功
2026-01-05 12:58:18 - app - INFO - 静态文件目录: C:\Data\夸克转存\client\frontend
2026-01-05 12:58:18 - app - INFO - 启动任务调度服务...
2026-01-05 12:58:18 - app - INFO - 解密密钥设置成功
2026-01-05 12:58:18 - app - INFO - 解密密钥获取成功
2026-01-05 12:58:18 - app - INFO - 解密密钥获取成功，配置已就绪
2026-01-05 12:58:18 - app - INFO - 配置解密成功
2026-01-05 12:58:18 - app - INFO - 夸克API配置加载成功
2026-01-05 12:58:18 - app - INFO - 夸克API配置加载完成
2026-01-05 12:58:18 - app - INFO - 检查数据库...
2026-01-05 12:58:18 - app - INFO - 数据库检查完成
2026-01-05 12:58:18 - app - INFO - 清理异常中断的任务状态...
2026-01-05 12:58:18 - app - INFO - 检查被中断的影视下载任务...
2026-01-05 12:58:18 - app - INFO - 没有需要恢复的影视下载任务
2026-01-05 12:58:18 - app - INFO - 账期生成循环已启动
2026-01-05 12:58:18 - app - INFO - 账期生成线程已启动
2026-01-05 12:58:18 - app - INFO - 开始生成 2026-01-05 的任务账期
2026-01-05 12:58:18 - app - INFO - 任务执行循环已启动
2026-01-05 12:58:18 - app - INFO - 任务执行线程已启动
2026-01-05 12:58:18 - app - INFO - 日志清理循环已启动
2026-01-05 12:58:18 - app - INFO - 日志清理线程已启动
2026-01-05 12:58:18 - app - INFO - 下次日志清理时间: 2026-01-06 02:00:00
2026-01-05 12:58:18 - app - INFO - ✅ 生成完成，共创建 0 条待执行记录
2026-01-05 12:58:18 - app - INFO - 启动Flask服务: http://0.0.0.0:8520
2026-01-05 12:58:18 - app - INFO - 下次生成账期时间: 2026-01-06 00:00:00, 等待 39702 秒
2026-01-05 12:58:18 - app - INFO - 升级管理器初始化完成,许可证服务器: http://license.22l2.com
2026-01-05 12:58:18 - app - INFO - Flask应用创建成功
2026-01-05 12:58:18 - app - INFO - 静态文件目录: C:\Data\夸克转存\client\frontend
2026-01-05 12:58:18 - app - INFO - 启动任务调度服务...
2026-01-05 12:58:18 - app - INFO - 检查被中断的影视下载任务...
2026-01-05 12:58:18 - app - INFO - 没有需要恢复的影视下载任务
2026-01-05 12:58:18 - app - INFO - 账期生成循环已启动
2026-01-05 12:58:18 - app - INFO - 账期生成线程已启动
2026-01-05 12:58:18 - app - INFO - 开始生成 2026-01-05 的任务账期
2026-01-05 12:58:18 - app - INFO - 任务执行循环已启动
2026-01-05 12:58:18 - app - INFO - 任务执行线程已启动
2026-01-05 12:58:18 - app - INFO - 日志清理循环已启动
2026-01-05 12:58:18 - app - INFO - 日志清理线程已启动
2026-01-05 12:58:18 - app - INFO - ✅ 生成完成，共创建 0 条待执行记录
2026-01-05 12:58:18 - app - INFO - 下次日志清理时间: 2026-01-06 02:00:00
2026-01-05 12:58:18 - app - INFO - 启动Flask服务: http://0.0.0.0:8520
2026-01-05 12:58:18 - app - INFO - 下次生成账期时间: 2026-01-06 00:00:00, 等待 39702 秒
2026-01-05 13:13:15 - app - INFO - 许可证管理器初始化完成,服务器: http://license.22l2.com
2026-01-05 13:13:15 - app - INFO - 初始化许可证管理器...
2026-01-05 13:13:15 - app - INFO - 许可证管理器初始化完成,服务器: http://license.22l2.com
2026-01-05 13:13:15 - app - INFO - 初始化许可证管理器...
2026-01-05 13:13:17 - app - INFO - 解密密钥设置成功
2026-01-05 13:13:17 - app - INFO - 解密密钥获取成功
2026-01-05 13:13:17 - app - INFO - 解密密钥获取成功，配置已就绪
2026-01-05 13:13:17 - app - WARNING - 加密配置文件不存在,使用默认配置
2026-01-05 13:13:17 - app - WARNING - 配置解密失败,返回空配置
2026-01-05 13:13:17 - app - ERROR - 夸克API配置未加载,请联系管理员获取配置
2026-01-05 13:13:17 - app - ERROR - 夸克API配置加载失败: 夸克API配置未加载,请联系管理员获取配置
2026-01-05 13:13:17 - app - INFO - 检查数据库...
2026-01-05 13:13:17 - app - INFO - 数据库检查完成
2026-01-05 13:13:17 - app - INFO - 清理异常中断的任务状态...
2026-01-05 13:13:17 - app - INFO - 升级管理器初始化完成,许可证服务器: http://license.22l2.com
2026-01-05 13:13:17 - app - INFO - Flask应用创建成功
2026-01-05 13:13:17 - app - INFO - 静态文件目录: C:\Data\夸克转存\client\frontend
2026-01-05 13:13:17 - app - INFO - 启动任务调度服务...
2026-01-05 13:13:17 - app - INFO - 检查被中断的影视下载任务...
2026-01-05 13:13:17 - app - INFO - 没有需要恢复的影视下载任务
2026-01-05 13:13:17 - app - INFO - 账期生成循环已启动
2026-01-05 13:13:17 - app - INFO - 账期生成线程已启动
2026-01-05 13:13:17 - app - INFO - 开始生成 2026-01-05 的任务账期
2026-01-05 13:13:17 - app - INFO - 任务执行循环已启动
2026-01-05 13:13:17 - app - INFO - 任务执行线程已启动
2026-01-05 13:13:17 - app - INFO - 日志清理循环已启动
2026-01-05 13:13:17 - app - INFO - 日志清理线程已启动
2026-01-05 13:13:17 - app - INFO - 下次日志清理时间: 2026-01-06 02:00:00
2026-01-05 13:13:17 - app - INFO - ✅ 生成完成，共创建 0 条待执行记录
2026-01-05 13:13:17 - app - INFO - 启动Flask服务: http://0.0.0.0:8520
2026-01-05 13:13:17 - app - INFO - 下次生成账期时间: 2026-01-06 00:00:00, 等待 38803 秒
2026-01-05 13:13:17 - app - INFO - 解密密钥设置成功
2026-01-05 13:13:17 - app - INFO - 解密密钥获取成功
2026-01-05 13:13:17 - app - INFO - 解密密钥获取成功，配置已就绪
2026-01-05 13:13:17 - app - INFO - 配置解密成功
2026-01-05 13:13:17 - app - INFO - 夸克API配置加载成功
2026-01-05 13:13:17 - app - INFO - 夸克API配置加载完成
2026-01-05 13:13:17 - app - INFO - 检查数据库...
2026-01-05 13:13:17 - app - INFO - 数据库检查完成
2026-01-05 13:13:17 - app - INFO - 清理异常中断的任务状态...
2026-01-05 13:13:17 - app - INFO - 升级管理器初始化完成,许可证服务器: http://license.22l2.com
2026-01-05 13:13:17 - app - INFO - Flask应用创建成功
2026-01-05 13:13:17 - app - INFO - 静态文件目录: C:\Data\夸克转存\client\frontend
2026-01-05 13:13:17 - app - INFO - 启动任务调度服务...
2026-01-05 13:13:17 - app - INFO - 检查被中断的影视下载任务...
2026-01-05 13:13:17 - app - INFO - 没有需要恢复的影视下载任务
2026-01-05 13:13:17 - app - INFO - 账期生成循环已启动
2026-01-05 13:13:17 - app - INFO - 账期生成线程已启动
2026-01-05 13:13:17 - app - INFO - 开始生成 2026-01-05 的任务账期
2026-01-05 13:13:17 - app - INFO - 任务执行循环已启动
2026-01-05 13:13:17 - app - INFO - 任务执行线程已启动
2026-01-05 13:13:17 - app - INFO - 日志清理循环已启动
2026-01-05 13:13:17 - app - INFO - 日志清理线程已启动
2026-01-05 13:13:17 - app - INFO - 下次日志清理时间: 2026-01-06 02:00:00
2026-01-05 13:13:17 - app - INFO - ✅ 生成完成，共创建 0 条待执行记录
2026-01-05 13:13:17 - app - INFO - 启动Flask服务: http://0.0.0.0:8520
2026-01-05 13:13:17 - app - INFO - 下次生成账期时间: 2026-01-06 00:00:00, 等待 38802 秒
2026-01-05 13:25:13 - app - INFO - 配置加密保存成功
2026-01-05 13:28:33 - app - INFO - 许可证管理器初始化完成,服务器: http://license.22l2.com
2026-01-05 13:28:33 - app - INFO - 初始化许可证管理器...
2026-01-05 13:28:34 - app - INFO - 许可证管理器初始化完成,服务器: http://license.22l2.com
2026-01-05 13:28:34 - app - INFO - 初始化许可证管理器...
2026-01-05 13:28:36 - app - INFO - 解密密钥设置成功
2026-01-05 13:28:36 - app - INFO - 解密密钥获取成功
2026-01-05 13:28:36 - app - INFO - 解密密钥获取成功，配置已就绪
2026-01-05 13:28:36 - app - INFO - 配置解密成功
2026-01-05 13:28:36 - app - INFO - 夸克API配置加载成功
2026-01-05 13:28:36 - app - INFO - 夸克API配置加载完成
2026-01-05 13:28:36 - app - INFO - 检查数据库...
2026-01-05 13:28:36 - app - INFO - 数据库检查完成
2026-01-05 13:28:36 - app - INFO - 清理异常中断的任务状态...
2026-01-05 13:28:36 - app - INFO - 升级管理器初始化完成,许可证服务器: http://license.22l2.com
2026-01-05 13:28:36 - app - INFO - Flask应用创建成功
2026-01-05 13:28:36 - app - INFO - 静态文件目录: C:\Data\夸克转存\client\frontend
2026-01-05 13:28:36 - app - INFO - 启动任务调度服务...
2026-01-05 13:28:36 - app - INFO - 检查被中断的影视下载任务...
2026-01-05 13:28:36 - app - INFO - 没有需要恢复的影视下载任务
2026-01-05 13:28:36 - app - INFO - 账期生成循环已启动
2026-01-05 13:28:36 - app - INFO - 账期生成线程已启动
2026-01-05 13:28:36 - app - INFO - 开始生成 2026-01-05 的任务账期
2026-01-05 13:28:36 - app - INFO - 任务执行循环已启动
2026-01-05 13:28:36 - app - INFO - 任务执行线程已启动
2026-01-05 13:28:36 - app - INFO - ✅ 生成完成，共创建 0 条待执行记录
2026-01-05 13:28:36 - app - INFO - 日志清理循环已启动
2026-01-05 13:28:36 - app - INFO - 日志清理线程已启动
2026-01-05 13:28:36 - app - INFO - 下次生成账期时间: 2026-01-06 00:00:00, 等待 37883 秒
2026-01-05 13:28:36 - app - INFO - 下次日志清理时间: 2026-01-06 02:00:00
2026-01-05 13:28:36 - app - INFO - 启动Flask服务: http://0.0.0.0:8520
2026-01-05 13:28:38 - app - INFO - 解密密钥设置成功
2026-01-05 13:28:38 - app - INFO - 解密密钥获取成功
2026-01-05 13:28:38 - app - INFO - 解密密钥获取成功，配置已就绪
2026-01-05 13:28:38 - app - WARNING - 加密配置文件不存在,使用默认配置
2026-01-05 13:28:38 - app - WARNING - 配置解密失败,返回空配置
2026-01-05 13:28:38 - app - ERROR - 夸克API配置未加载,请联系管理员获取配置
2026-01-05 13:28:38 - app - ERROR - 夸克API配置加载失败: 夸克API配置未加载,请联系管理员获取配置
2026-01-05 13:28:38 - app - INFO - 检查数据库...
2026-01-05 13:28:38 - app - INFO - 数据库检查完成
2026-01-05 13:28:38 - app - INFO - 清理异常中断的任务状态...
2026-01-05 13:28:38 - app - INFO - 升级管理器初始化完成,许可证服务器: http://license.22l2.com
2026-01-05 13:28:38 - app - INFO - Flask应用创建成功
2026-01-05 13:28:38 - app - INFO - 静态文件目录: C:\Data\夸克转存\client\frontend
2026-01-05 13:28:38 - app - INFO - 启动任务调度服务...
2026-01-05 13:28:38 - app - INFO - 检查被中断的影视下载任务...
2026-01-05 13:28:38 - app - INFO - 没有需要恢复的影视下载任务
2026-01-05 13:28:38 - app - INFO - 账期生成循环已启动
2026-01-05 13:28:38 - app - INFO - 账期生成线程已启动
2026-01-05 13:28:38 - app - INFO - 开始生成 2026-01-05 的任务账期
2026-01-05 13:28:38 - app - INFO - 任务执行循环已启动
2026-01-05 13:28:38 - app - INFO - 任务执行线程已启动
2026-01-05 13:28:38 - app - INFO - 日志清理循环已启动
2026-01-05 13:28:38 - app - INFO - 下次日志清理时间: 2026-01-06 02:00:00
2026-01-05 13:28:38 - app - INFO - ✅ 生成完成，共创建 0 条待执行记录
2026-01-05 13:28:38 - app - INFO - 日志清理线程已启动
2026-01-05 13:28:38 - app - INFO - 下次生成账期时间: 2026-01-06 00:00:00, 等待 37882 秒
2026-01-05 13:28:38 - app - INFO - 启动Flask服务: http://0.0.0.0:8520
2026-01-05 13:37:57 - app - INFO - 许可证管理器初始化完成,服务器: http://license.22l2.com
2026-01-05 13:37:57 - app - INFO - 许可证管理器初始化完成,服务器: http://license.22l2.com
2026-01-05 13:37:57 - app - INFO - 初始化许可证管理器...
2026-01-05 13:37:57 - app - INFO - 初始化许可证管理器...
2026-01-05 13:37:58 - app - INFO - 解密密钥设置成功
2026-01-05 13:37:58 - app - INFO - 解密密钥获取成功
2026-01-05 13:37:58 - app - INFO - 解密密钥获取成功，配置已就绪
2026-01-05 13:37:58 - app - INFO - 配置解密成功
2026-01-05 13:37:58 - app - INFO - 夸克API配置加载成功
2026-01-05 13:37:58 - app - INFO - 夸克API配置加载完成
2026-01-05 13:37:58 - app - INFO - 检查数据库...
2026-01-05 13:37:58 - app - INFO - 数据库检查完成
2026-01-05 13:37:58 - app - INFO - 清理异常中断的任务状态...
2026-01-05 13:37:58 - app - INFO - 解密密钥设置成功
2026-01-05 13:37:58 - app - INFO - 解密密钥获取成功
2026-01-05 13:37:58 - app - INFO - 解密密钥获取成功，配置已就绪
2026-01-05 13:37:58 - app - WARNING - 加密配置文件不存在,使用默认配置
2026-01-05 13:37:58 - app - WARNING - 配置解密失败,返回空配置
2026-01-05 13:37:58 - app - ERROR - 夸克API配置未加载,请联系管理员获取配置
2026-01-05 13:37:58 - app - ERROR - 夸克API配置加载失败: 夸克API配置未加载,请联系管理员获取配置
2026-01-05 13:37:58 - app - INFO - 检查数据库...
2026-01-05 13:37:58 - app - INFO - 数据库检查完成
2026-01-05 13:37:58 - app - INFO - 清理异常中断的任务状态...
2026-01-05 13:37:58 - app - INFO - 升级管理器初始化完成,许可证服务器: http://license.22l2.com
2026-01-05 13:37:58 - app - INFO - Flask应用创建成功
2026-01-05 13:37:58 - app - INFO - 静态文件目录: C:\Data\夸克转存\client\frontend
2026-01-05 13:37:58 - app - INFO - 启动任务调度服务...
2026-01-05 13:37:58 - app - INFO - 升级管理器初始化完成,许可证服务器: http://license.22l2.com
2026-01-05 13:37:58 - app - INFO - Flask应用创建成功
2026-01-05 13:37:58 - app - INFO - 静态文件目录: C:\Data\夸克转存\client\frontend
2026-01-05 13:37:58 - app - INFO - 启动任务调度服务...
2026-01-05 13:37:58 - app - INFO - 检查被中断的影视下载任务...
2026-01-05 13:37:58 - app - INFO - 没有需要恢复的影视下载任务
2026-01-05 13:37:58 - app - INFO - 账期生成循环已启动
2026-01-05 13:37:58 - app - INFO - 账期生成线程已启动
2026-01-05 13:37:58 - app - INFO - 开始生成 2026-01-05 的任务账期
2026-01-05 13:37:58 - app - INFO - 任务执行循环已启动
2026-01-05 13:37:58 - app - INFO - 任务执行线程已启动
2026-01-05 13:37:58 - app - INFO - 日志清理循环已启动
2026-01-05 13:37:58 - app - INFO - 日志清理线程已启动
2026-01-05 13:37:58 - app - INFO - ✅ 生成完成，共创建 0 条待执行记录
2026-01-05 13:37:58 - app - INFO - 下次日志清理时间: 2026-01-06 02:00:00
2026-01-05 13:37:58 - app - INFO - 启动Flask服务: http://0.0.0.0:8520
2026-01-05 13:37:58 - app - INFO - 下次生成账期时间: 2026-01-06 00:00:00, 等待 37322 秒
2026-01-05 13:37:58 - app - INFO - 检查被中断的影视下载任务...
2026-01-05 13:37:58 - app - INFO - 没有需要恢复的影视下载任务
2026-01-05 13:37:58 - app - INFO - 账期生成循环已启动
2026-01-05 13:37:58 - app - INFO - 账期生成线程已启动
2026-01-05 13:37:58 - app - INFO - 开始生成 2026-01-05 的任务账期
2026-01-05 13:37:58 - app - INFO - 任务执行循环已启动
2026-01-05 13:37:58 - app - INFO - 任务执行线程已启动
2026-01-05 13:37:58 - app - INFO - 日志清理循环已启动
2026-01-05 13:37:58 - app - INFO - 日志清理线程已启动
2026-01-05 13:37:58 - app - INFO - 下次日志清理时间: 2026-01-06 02:00:00
2026-01-05 13:37:58 - app - INFO - 启动Flask服务: http://0.0.0.0:8520
2026-01-05 13:37:58 - app - INFO - ✅ 生成完成，共创建 0 条待执行记录
2026-01-05 13:37:58 - app - INFO - 下次生成账期时间: 2026-01-06 00:00:00, 等待 37322 秒
2026-01-05 18:32:50 - app - INFO - 用户登录成功: admin, session_id: N/A
2026-01-05 18:32:51 - app - INFO - 检查登录状态, session内容: {'_permanent': True, 'user_id': 1, 'username': 'admin'}, cookies: ImmutableMultiDict([('session', 'eyJfcGVybWFuZW50Ijp0cnVlLCJ1c2VyX2lkIjoxLCJ1c2VybmFtZSI6ImFkbWluIn0.aVuTUw.n1ba0ianEbVXLEC-1vxgJJ_lXqI')])
2026-01-05 18:32:51 - app - INFO - 检查登录状态, session内容: {'_permanent': True, 'user_id': 1, 'username': 'admin'}, cookies: ImmutableMultiDict([('session', 'eyJfcGVybWFuZW50Ijp0cnVlLCJ1c2VyX2lkIjoxLCJ1c2VybmFtZSI6ImFkbWluIn0.aVuTUw.n1ba0ianEbVXLEC-1vxgJJ_lXqI')])
2026-01-05 18:32:53 - app - INFO - 检查更新: 当前版本 2.0.3
2026-01-05 18:33:03 - app - INFO - 检查更新成功: {'has_update': False, 'message': '当前已是最新版本'}
2026-01-05 18:34:39 - app - ERROR - 获取今日统计失败: no such table: daily_usage_stats
2026-01-05 18:41:37 - app - INFO - 许可证管理器初始化完成,服务器: http://license.22l2.com
2026-01-05 18:41:37 - app - INFO - 许可证管理器初始化完成,服务器: http://license.22l2.com
2026-01-05 18:41:37 - app - INFO - 初始化许可证管理器...
2026-01-05 18:41:37 - app - INFO - 初始化许可证管理器...
2026-01-05 18:41:39 - app - INFO - 解密密钥设置成功
2026-01-05 18:41:39 - app - INFO - 解密密钥获取成功
2026-01-05 18:41:39 - app - INFO - 解密密钥设置成功
2026-01-05 18:41:39 - app - INFO - 解密密钥获取成功，配置已就绪
2026-01-05 18:41:39 - app - INFO - 解密密钥获取成功
2026-01-05 18:41:39 - app - INFO - 解密密钥获取成功，配置已就绪
2026-01-05 18:41:39 - app - WARNING - 加密配置文件不存在,使用默认配置
2026-01-05 18:41:39 - app - WARNING - 配置解密失败,返回空配置
2026-01-05 18:41:39 - app - ERROR - 夸克API配置未加载,请联系管理员获取配置
2026-01-05 18:41:39 - app - ERROR - 夸克API配置加载失败: 夸克API配置未加载,请联系管理员获取配置
2026-01-05 18:41:39 - app - INFO - 配置解密成功
2026-01-05 18:41:39 - app - INFO - 夸克API配置加载成功
2026-01-05 18:41:39 - app - INFO - 检查数据库...
2026-01-05 18:41:39 - app - INFO - 夸克API配置加载完成
2026-01-05 18:41:39 - app - INFO - 检查数据库...
2026-01-05 18:41:39 - app - INFO - 数据库检查完成
2026-01-05 18:41:39 - app - INFO - 数据库检查完成
2026-01-05 18:41:39 - app - INFO - 清理异常中断的任务状态...
2026-01-05 18:41:39 - app - INFO - 清理异常中断的任务状态...
2026-01-05 18:41:39 - app - INFO - 升级管理器初始化完成,许可证服务器: http://license.22l2.com
2026-01-05 18:41:39 - app - INFO - Flask应用创建成功
2026-01-05 18:41:39 - app - INFO - 静态文件目录: C:\Data\夸克转存\client\frontend
2026-01-05 18:41:39 - app - INFO - 启动任务调度服务...
2026-01-05 18:41:39 - app - INFO - 升级管理器初始化完成,许可证服务器: http://license.22l2.com
2026-01-05 18:41:39 - app - INFO - Flask应用创建成功
2026-01-05 18:41:39 - app - INFO - 静态文件目录: C:\Data\夸克转存\client\frontend
2026-01-05 18:41:39 - app - INFO - 启动任务调度服务...
2026-01-05 18:41:39 - app - INFO - 检查被中断的影视下载任务...
2026-01-05 18:41:39 - app - INFO - 没有需要恢复的影视下载任务
2026-01-05 18:41:39 - app - INFO - 账期生成循环已启动
2026-01-05 18:41:39 - app - INFO - 账期生成线程已启动
2026-01-05 18:41:39 - app - INFO - 开始生成 2026-01-05 的任务账期
2026-01-05 18:41:39 - app - INFO - 任务执行循环已启动
2026-01-05 18:41:39 - app - INFO - 任务执行线程已启动
2026-01-05 18:41:39 - app - INFO - 日志清理循环已启动
2026-01-05 18:41:39 - app - INFO - 日志清理线程已启动
2026-01-05 18:41:39 - app - INFO - 下次日志清理时间: 2026-01-06 02:00:00
2026-01-05 18:41:39 - app - INFO - 启动Flask服务: http://0.0.0.0:8520
2026-01-05 18:41:39 - app - INFO - ✅ 生成完成，共创建 0 条待执行记录
2026-01-05 18:41:39 - app - INFO - 下次生成账期时间: 2026-01-06 00:00:00, 等待 19101 秒
2026-01-05 18:41:39 - app - INFO - 检查被中断的影视下载任务...
2026-01-05 18:41:39 - app - INFO - 没有需要恢复的影视下载任务
2026-01-05 18:41:39 - app - INFO - 账期生成循环已启动
2026-01-05 18:41:39 - app - INFO - 账期生成线程已启动
2026-01-05 18:41:39 - app - INFO - 开始生成 2026-01-05 的任务账期
2026-01-05 18:41:39 - app - INFO - 任务执行循环已启动
2026-01-05 18:41:39 - app - INFO - 任务执行线程已启动
2026-01-05 18:41:39 - app - INFO - 日志清理循环已启动
2026-01-05 18:41:39 - app - INFO - 日志清理线程已启动
2026-01-05 18:41:39 - app - INFO - 下次日志清理时间: 2026-01-06 02:00:00
2026-01-05 18:41:39 - app - INFO - ✅ 生成完成，共创建 0 条待执行记录
2026-01-05 18:41:39 - app - INFO - 启动Flask服务: http://0.0.0.0:8520
2026-01-05 18:41:39 - app - INFO - 下次生成账期时间: 2026-01-06 00:00:00, 等待 19101 秒
2026-01-05 18:41:45 - app - INFO - 许可证管理器初始化完成,服务器: http://license.22l2.com
2026-01-05 18:41:45 - app - INFO - 许可证管理器初始化完成,服务器: http://license.22l2.com
2026-01-05 18:41:45 - app - INFO - 初始化许可证管理器...
2026-01-05 18:41:45 - app - INFO - 初始化许可证管理器...
2026-01-05 18:41:46 - app - INFO - 解密密钥设置成功
2026-01-05 18:41:46 - app - INFO - 解密密钥获取成功
2026-01-05 18:41:46 - app - INFO - 解密密钥获取成功，配置已就绪
2026-01-05 18:41:46 - app - INFO - 配置解密成功
2026-01-05 18:41:46 - app - INFO - 夸克API配置加载成功
2026-01-05 18:41:46 - app - INFO - 夸克API配置加载完成
2026-01-05 18:41:46 - app - INFO - 检查数据库...
2026-01-05 18:41:46 - app - INFO - 数据库检查完成
2026-01-05 18:41:46 - app - INFO - 清理异常中断的任务状态...
2026-01-05 18:41:46 - app - INFO - 升级管理器初始化完成,许可证服务器: http://license.22l2.com
2026-01-05 18:41:46 - app - INFO - Flask应用创建成功
2026-01-05 18:41:46 - app - INFO - 静态文件目录: C:\Data\夸克转存\client\frontend
2026-01-05 18:41:46 - app - INFO - 启动任务调度服务...
2026-01-05 18:41:46 - app - INFO - 检查被中断的影视下载任务...
2026-01-05 18:41:46 - app - INFO - 没有需要恢复的影视下载任务
2026-01-05 18:41:46 - app - INFO - 账期生成循环已启动
2026-01-05 18:41:46 - app - INFO - 账期生成线程已启动
2026-01-05 18:41:46 - app - INFO - 开始生成 2026-01-05 的任务账期
2026-01-05 18:41:46 - app - INFO - 任务执行循环已启动
2026-01-05 18:41:46 - app - INFO - 任务执行线程已启动
2026-01-05 18:41:46 - app - INFO - ✅ 生成完成，共创建 0 条待执行记录
2026-01-05 18:41:46 - app - INFO - 日志清理循环已启动
2026-01-05 18:41:46 - app - INFO - 日志清理线程已启动
2026-01-05 18:41:46 - app - INFO - 下次生成账期时间: 2026-01-06 00:00:00, 等待 19093 秒
2026-01-05 18:41:46 - app - INFO - 下次日志清理时间: 2026-01-06 02:00:00
2026-01-05 18:41:46 - app - INFO - 启动Flask服务: http://0.0.0.0:8520
2026-01-05 18:41:47 - app - INFO - 解密密钥设置成功
2026-01-05 18:41:47 - app - INFO - 解密密钥获取成功
2026-01-05 18:41:47 - app - INFO - 解密密钥获取成功，配置已就绪
2026-01-05 18:41:47 - app - WARNING - 加密配置文件不存在,使用默认配置
2026-01-05 18:41:47 - app - WARNING - 配置解密失败,返回空配置
2026-01-05 18:41:47 - app - ERROR - 夸克API配置未加载,请联系管理员获取配置
2026-01-05 18:41:47 - app - ERROR - 夸克API配置加载失败: 夸克API配置未加载,请联系管理员获取配置
2026-01-05 18:41:47 - app - INFO - 检查数据库...
2026-01-05 18:41:47 - app - INFO - 数据库检查完成
2026-01-05 18:41:47 - app - INFO - 清理异常中断的任务状态...
2026-01-05 18:41:47 - app - INFO - 升级管理器初始化完成,许可证服务器: http://license.22l2.com
2026-01-05 18:41:47 - app - INFO - Flask应用创建成功
2026-01-05 18:41:47 - app - INFO - 静态文件目录: C:\Data\夸克转存\client\frontend
2026-01-05 18:41:47 - app - INFO - 启动任务调度服务...
2026-01-05 18:41:47 - app - INFO - 检查被中断的影视下载任务...
2026-01-05 18:41:47 - app - INFO - 没有需要恢复的影视下载任务
2026-01-05 18:41:47 - app - INFO - 账期生成循环已启动
2026-01-05 18:41:47 - app - INFO - 账期生成线程已启动
2026-01-05 18:41:47 - app - INFO - 开始生成 2026-01-05 的任务账期
2026-01-05 18:41:47 - app - INFO - 任务执行循环已启动
2026-01-05 18:41:47 - app - INFO - 任务执行线程已启动
2026-01-05 18:41:47 - app - INFO - 日志清理循环已启动
2026-01-05 18:41:47 - app - INFO - 日志清理线程已启动
2026-01-05 18:41:47 - app - INFO - 下次日志清理时间: 2026-01-06 02:00:00
2026-01-05 18:41:47 - app - INFO - 启动Flask服务: http://0.0.0.0:8520
2026-01-05 18:41:47 - app - INFO - ✅ 生成完成，共创建 0 条待执行记录
2026-01-05 18:41:47 - app - INFO - 下次生成账期时间: 2026-01-06 00:00:00, 等待 19092 秒
2026-01-05 18:42:13 - app - INFO - 许可证管理器初始化完成,服务器: http://license.22l2.com
2026-01-05 18:42:13 - app - INFO - 许可证管理器初始化完成,服务器: http://license.22l2.com
2026-01-05 18:42:13 - app - INFO - 初始化许可证管理器...
2026-01-05 18:42:13 - app - INFO - 初始化许可证管理器...
2026-01-05 18:42:14 - app - INFO - 解密密钥设置成功
2026-01-05 18:42:14 - app - INFO - 解密密钥获取成功
2026-01-05 18:42:14 - app - INFO - 解密密钥获取成功，配置已就绪
2026-01-05 18:42:14 - app - INFO - 配置解密成功
2026-01-05 18:42:14 - app - INFO - 夸克API配置加载成功
2026-01-05 18:42:14 - app - INFO - 夸克API配置加载完成
2026-01-05 18:42:14 - app - INFO - 检查数据库...
2026-01-05 18:42:14 - app - INFO - 数据库检查完成
2026-01-05 18:42:14 - app - INFO - 清理异常中断的任务状态...
2026-01-05 18:42:14 - app - INFO - 解密密钥设置成功
2026-01-05 18:42:14 - app - INFO - 解密密钥获取成功
2026-01-05 18:42:14 - app - INFO - 解密密钥获取成功，配置已就绪
2026-01-05 18:42:14 - app - WARNING - 加密配置文件不存在,使用默认配置
2026-01-05 18:42:14 - app - WARNING - 配置解密失败,返回空配置
2026-01-05 18:42:14 - app - ERROR - 夸克API配置未加载,请联系管理员获取配置
2026-01-05 18:42:14 - app - ERROR - 夸克API配置加载失败: 夸克API配置未加载,请联系管理员获取配置
2026-01-05 18:42:14 - app - INFO - 检查数据库...
2026-01-05 18:42:14 - app - INFO - 数据库检查完成
2026-01-05 18:42:14 - app - INFO - 清理异常中断的任务状态...
2026-01-05 18:42:14 - app - INFO - 升级管理器初始化完成,许可证服务器: http://license.22l2.com
2026-01-05 18:42:14 - app - INFO - Flask应用创建成功
2026-01-05 18:42:14 - app - INFO - 静态文件目录: C:\Data\夸克转存\client\frontend
2026-01-05 18:42:14 - app - INFO - 启动任务调度服务...
2026-01-05 18:42:14 - app - INFO - 检查被中断的影视下载任务...
2026-01-05 18:42:14 - app - INFO - 升级管理器初始化完成,许可证服务器: http://license.22l2.com
2026-01-05 18:42:14 - app - INFO - 没有需要恢复的影视下载任务
2026-01-05 18:42:14 - app - INFO - 账期生成循环已启动
2026-01-05 18:42:14 - app - INFO - 账期生成线程已启动
2026-01-05 18:42:14 - app - INFO - 开始生成 2026-01-05 的任务账期
2026-01-05 18:42:14 - app - INFO - 任务执行循环已启动
2026-01-05 18:42:14 - app - INFO - 任务执行线程已启动
2026-01-05 18:42:14 - app - INFO - ✅ 生成完成，共创建 0 条待执行记录
2026-01-05 18:42:14 - app - INFO - 日志清理循环已启动
2026-01-05 18:42:14 - app - INFO - 下次生成账期时间: 2026-01-06 00:00:00, 等待 19066 秒
2026-01-05 18:42:14 - app - INFO - 日志清理线程已启动
2026-01-05 18:42:14 - app - INFO - 下次日志清理时间: 2026-01-06 02:00:00
2026-01-05 18:42:14 - app - INFO - 启动Flask服务: http://0.0.0.0:8520
2026-01-05 18:42:14 - app - INFO - Flask应用创建成功
2026-01-05 18:42:14 - app - INFO - 静态文件目录: C:\Data\夸克转存\client\frontend
2026-01-05 18:42:14 - app - INFO - 启动任务调度服务...
2026-01-05 18:42:14 - app - INFO - 检查被中断的影视下载任务...
2026-01-05 18:42:14 - app - INFO - 没有需要恢复的影视下载任务
2026-01-05 18:42:14 - app - INFO - 账期生成循环已启动
2026-01-05 18:42:14 - app - INFO - 账期生成线程已启动
2026-01-05 18:42:14 - app - INFO - 开始生成 2026-01-05 的任务账期
2026-01-05 18:42:14 - app - INFO - 任务执行循环已启动
2026-01-05 18:42:14 - app - INFO - 任务执行线程已启动
2026-01-05 18:42:14 - app - INFO - 日志清理循环已启动
2026-01-05 18:42:14 - app - INFO - 日志清理线程已启动
2026-01-05 18:42:14 - app - INFO - ✅ 生成完成，共创建 0 条待执行记录
2026-01-05 18:42:14 - app - INFO - 下次日志清理时间: 2026-01-06 02:00:00
2026-01-05 18:42:14 - app - INFO - 启动Flask服务: http://0.0.0.0:8520
2026-01-05 18:42:14 - app - INFO - 下次生成账期时间: 2026-01-06 00:00:00, 等待 19066 秒
2026-01-05 18:42:23 - app - INFO - 许可证管理器初始化完成,服务器: http://license.22l2.com
2026-01-05 18:42:23 - app - INFO - 初始化许可证管理器...
2026-01-05 18:42:24 - app - INFO - 许可证管理器初始化完成,服务器: http://license.22l2.com
2026-01-05 18:42:24 - app - INFO - 初始化许可证管理器...
2026-01-05 18:42:25 - app - INFO - 解密密钥设置成功
2026-01-05 18:42:25 - app - INFO - 解密密钥获取成功
2026-01-05 18:42:25 - app - INFO - 解密密钥获取成功，配置已就绪
2026-01-05 18:42:25 - app - WARNING - 加密配置文件不存在,使用默认配置
2026-01-05 18:42:25 - app - WARNING - 配置解密失败,返回空配置
2026-01-05 18:42:25 - app - ERROR - 夸克API配置未加载,请联系管理员获取配置
2026-01-05 18:42:25 - app - ERROR - 夸克API配置加载失败: 夸克API配置未加载,请联系管理员获取配置
2026-01-05 18:42:25 - app - INFO - 检查数据库...
2026-01-05 18:42:25 - app - INFO - 数据库检查完成
2026-01-05 18:42:25 - app - INFO - 清理异常中断的任务状态...
2026-01-05 18:42:25 - app - INFO - 升级管理器初始化完成,许可证服务器: http://license.22l2.com
2026-01-05 18:42:25 - app - INFO - Flask应用创建成功
2026-01-05 18:42:25 - app - INFO - 静态文件目录: C:\Data\夸克转存\client\frontend
2026-01-05 18:42:25 - app - INFO - 启动任务调度服务...
2026-01-05 18:42:25 - app - INFO - 检查被中断的影视下载任务...
2026-01-05 18:42:25 - app - INFO - 没有需要恢复的影视下载任务
2026-01-05 18:42:25 - app - INFO - 账期生成循环已启动
2026-01-05 18:42:25 - app - INFO - 账期生成线程已启动
2026-01-05 18:42:25 - app - INFO - 开始生成 2026-01-05 的任务账期
2026-01-05 18:42:25 - app - INFO - 任务执行循环已启动
2026-01-05 18:42:25 - app - INFO - 任务执行线程已启动
2026-01-05 18:42:25 - app - INFO - ✅ 生成完成，共创建 0 条待执行记录
2026-01-05 18:42:25 - app - INFO - 日志清理循环已启动
2026-01-05 18:42:25 - app - INFO - 日志清理线程已启动
2026-01-05 18:42:25 - app - INFO - 下次生成账期时间: 2026-01-06 00:00:00, 等待 19054 秒
2026-01-05 18:42:25 - app - INFO - 下次日志清理时间: 2026-01-06 02:00:00
2026-01-05 18:42:25 - app - INFO - 启动Flask服务: http://0.0.0.0:8520
2026-01-05 18:42:26 - app - INFO - 解密密钥设置成功
2026-01-05 18:42:26 - app - INFO - 解密密钥获取成功
2026-01-05 18:42:26 - app - INFO - 解密密钥获取成功，配置已就绪
2026-01-05 18:42:26 - app - INFO - 配置解密成功
2026-01-05 18:42:26 - app - INFO - 夸克API配置加载成功
2026-01-05 18:42:26 - app - INFO - 夸克API配置加载完成
2026-01-05 18:42:26 - app - INFO - 检查数据库...
2026-01-05 18:42:26 - app - INFO - 数据库检查完成
2026-01-05 18:42:26 - app - INFO - 清理异常中断的任务状态...
2026-01-05 18:42:26 - app - INFO - 升级管理器初始化完成,许可证服务器: http://license.22l2.com
2026-01-05 18:42:26 - app - INFO - Flask应用创建成功
2026-01-05 18:42:26 - app - INFO - 静态文件目录: C:\Data\夸克转存\client\frontend
2026-01-05 18:42:26 - app - INFO - 启动任务调度服务...
2026-01-05 18:42:26 - app - INFO - 检查被中断的影视下载任务...
2026-01-05 18:42:26 - app - INFO - 没有需要恢复的影视下载任务
2026-01-05 18:42:26 - app - INFO - 账期生成循环已启动
2026-01-05 18:42:26 - app - INFO - 账期生成线程已启动
2026-01-05 18:42:26 - app - INFO - 开始生成 2026-01-05 的任务账期
2026-01-05 18:42:26 - app - INFO - 任务执行循环已启动
2026-01-05 18:42:26 - app - INFO - 任务执行线程已启动
2026-01-05 18:42:26 - app - INFO - 日志清理循环已启动
2026-01-05 18:42:26 - app - INFO - 日志清理线程已启动
2026-01-05 18:42:26 - app - INFO - 下次日志清理时间: 2026-01-06 02:00:00
2026-01-05 18:42:26 - app - INFO - ✅ 生成完成，共创建 0 条待执行记录
2026-01-05 18:42:26 - app - INFO - 启动Flask服务: http://0.0.0.0:8520
2026-01-05 18:42:26 - app - INFO - 下次生成账期时间: 2026-01-06 00:00:00, 等待 19054 秒
2026-01-05 18:42:35 - app - INFO - 许可证管理器初始化完成,服务器: http://license.22l2.com
2026-01-05 18:42:35 - app - INFO - 初始化许可证管理器...
2026-01-05 18:42:35 - app - INFO - 许可证管理器初始化完成,服务器: http://license.22l2.com
2026-01-05 18:42:35 - app - INFO - 初始化许可证管理器...
2026-01-05 18:42:35 - app - INFO - 解密密钥设置成功
2026-01-05 18:42:35 - app - INFO - 解密密钥获取成功
2026-01-05 18:42:35 - app - INFO - 解密密钥获取成功，配置已就绪
2026-01-05 18:42:35 - app - WARNING - 加密配置文件不存在,使用默认配置
2026-01-05 18:42:35 - app - WARNING - 配置解密失败,返回空配置
2026-01-05 18:42:35 - app - ERROR - 夸克API配置未加载,请联系管理员获取配置
2026-01-05 18:42:35 - app - ERROR - 夸克API配置加载失败: 夸克API配置未加载,请联系管理员获取配置
2026-01-05 18:42:35 - app - INFO - 检查数据库...
2026-01-05 18:42:35 - app - INFO - 数据库检查完成
2026-01-05 18:42:35 - app - INFO - 清理异常中断的任务状态...
2026-01-05 18:42:35 - app - INFO - 升级管理器初始化完成,许可证服务器: http://license.22l2.com
2026-01-05 18:42:35 - app - INFO - Flask应用创建成功
2026-01-05 18:42:35 - app - INFO - 静态文件目录: C:\Data\夸克转存\client\frontend
2026-01-05 18:42:35 - app - INFO - 启动任务调度服务...
2026-01-05 18:42:36 - app - INFO - 检查被中断的影视下载任务...
2026-01-05 18:42:36 - app - INFO - 没有需要恢复的影视下载任务
2026-01-05 18:42:36 - app - INFO - 账期生成循环已启动
2026-01-05 18:42:36 - app - INFO - 账期生成线程已启动
2026-01-05 18:42:36 - app - INFO - 开始生成 2026-01-05 的任务账期
2026-01-05 18:42:36 - app - INFO - 任务执行循环已启动
2026-01-05 18:42:36 - app - INFO - 任务执行线程已启动
2026-01-05 18:42:36 - app - INFO - 日志清理循环已启动
2026-01-05 18:42:36 - app - INFO - 日志清理线程已启动
2026-01-05 18:42:36 - app - INFO - 下次日志清理时间: 2026-01-06 02:00:00
2026-01-05 18:42:36 - app - INFO - 启动Flask服务: http://0.0.0.0:8520
2026-01-05 18:42:36 - app - INFO - ✅ 生成完成，共创建 0 条待执行记录
2026-01-05 18:42:36 - app - INFO - 下次生成账期时间: 2026-01-06 00:00:00, 等待 19044 秒
2026-01-05 18:42:36 - app - INFO - 解密密钥设置成功
2026-01-05 18:42:36 - app - INFO - 解密密钥获取成功
2026-01-05 18:42:36 - app - INFO - 解密密钥获取成功，配置已就绪
2026-01-05 18:42:36 - app - INFO - 配置解密成功
2026-01-05 18:42:36 - app - INFO - 夸克API配置加载成功
2026-01-05 18:42:36 - app - INFO - 夸克API配置加载完成
2026-01-05 18:42:36 - app - INFO - 检查数据库...
2026-01-05 18:42:36 - app - INFO - 数据库检查完成
2026-01-05 18:42:36 - app - INFO - 清理异常中断的任务状态...
2026-01-05 18:42:36 - app - INFO - 升级管理器初始化完成,许可证服务器: http://license.22l2.com
2026-01-05 18:42:36 - app - INFO - Flask应用创建成功
2026-01-05 18:42:36 - app - INFO - 静态文件目录: C:\Data\夸克转存\client\frontend
2026-01-05 18:42:36 - app - INFO - 启动任务调度服务...
2026-01-05 18:42:36 - app - INFO - 检查被中断的影视下载任务...
2026-01-05 18:42:36 - app - INFO - 没有需要恢复的影视下载任务
2026-01-05 18:42:36 - app - INFO - 账期生成循环已启动
2026-01-05 18:42:36 - app - INFO - 账期生成线程已启动
2026-01-05 18:42:36 - app - INFO - 开始生成 2026-01-05 的任务账期
2026-01-05 18:42:36 - app - INFO - 任务执行循环已启动
2026-01-05 18:42:36 - app - INFO - 任务执行线程已启动
2026-01-05 18:42:36 - app - INFO - 日志清理循环已启动
2026-01-05 18:42:36 - app - INFO - 日志清理线程已启动
2026-01-05 18:42:36 - app - INFO - 下次日志清理时间: 2026-01-06 02:00:00
2026-01-05 18:42:36 - app - INFO - ✅ 生成完成，共创建 0 条待执行记录
2026-01-05 18:42:36 - app - INFO - 启动Flask服务: http://0.0.0.0:8520
2026-01-05 18:42:36 - app - INFO - 下次生成账期时间: 2026-01-06 00:00:00, 等待 19043 秒
2026-01-05 18:42:46 - app - INFO - 许可证管理器初始化完成,服务器: http://license.22l2.com
2026-01-05 18:42:46 - app - INFO - 初始化许可证管理器...
2026-01-05 18:42:46 - app - INFO - 许可证管理器初始化完成,服务器: http://license.22l2.com
2026-01-05 18:42:46 - app - INFO - 初始化许可证管理器...
2026-01-05 18:42:47 - app - INFO - 解密密钥设置成功
2026-01-05 18:42:47 - app - INFO - 解密密钥获取成功
2026-01-05 18:42:47 - app - INFO - 解密密钥获取成功，配置已就绪
2026-01-05 18:42:47 - app - INFO - 配置解密成功
2026-01-05 18:42:47 - app - INFO - 夸克API配置加载成功
2026-01-05 18:42:47 - app - INFO - 夸克API配置加载完成
2026-01-05 18:42:47 - app - INFO - 检查数据库...
2026-01-05 18:42:47 - app - INFO - 数据库检查完成
2026-01-05 18:42:47 - app - INFO - 清理异常中断的任务状态...
2026-01-05 18:42:47 - app - INFO - 升级管理器初始化完成,许可证服务器: http://license.22l2.com
2026-01-05 18:42:47 - app - INFO - Flask应用创建成功
2026-01-05 18:42:47 - app - INFO - 静态文件目录: C:\Data\夸克转存\client\frontend
2026-01-05 18:42:47 - app - INFO - 启动任务调度服务...
2026-01-05 18:42:47 - app - INFO - 检查被中断的影视下载任务...
2026-01-05 18:42:47 - app - INFO - 没有需要恢复的影视下载任务
2026-01-05 18:42:47 - app - INFO - 账期生成循环已启动
2026-01-05 18:42:47 - app - INFO - 账期生成线程已启动
2026-01-05 18:42:47 - app - INFO - 开始生成 2026-01-05 的任务账期
2026-01-05 18:42:47 - app - INFO - 任务执行循环已启动
2026-01-05 18:42:47 - app - INFO - 任务执行线程已启动
2026-01-05 18:42:47 - app - INFO - ✅ 生成完成，共创建 0 条待执行记录
2026-01-05 18:42:47 - app - INFO - 下次生成账期时间: 2026-01-06 00:00:00, 等待 19033 秒
2026-01-05 18:42:47 - app - INFO - 日志清理循环已启动
2026-01-05 18:42:47 - app - INFO - 日志清理线程已启动
2026-01-05 18:42:47 - app - INFO - 下次日志清理时间: 2026-01-06 02:00:00
2026-01-05 18:42:47 - app - INFO - 启动Flask服务: http://0.0.0.0:8520
2026-01-05 18:42:47 - app - INFO - 解密密钥设置成功
2026-01-05 18:42:47 - app - INFO - 解密密钥获取成功
2026-01-05 18:42:47 - app - INFO - 解密密钥获取成功，配置已就绪
2026-01-05 18:42:47 - app - WARNING - 加密配置文件不存在,使用默认配置
2026-01-05 18:42:47 - app - WARNING - 配置解密失败,返回空配置
2026-01-05 18:42:47 - app - ERROR - 夸克API配置未加载,请联系管理员获取配置
2026-01-05 18:42:47 - app - ERROR - 夸克API配置加载失败: 夸克API配置未加载,请联系管理员获取配置
2026-01-05 18:42:47 - app - INFO - 检查数据库...
2026-01-05 18:42:47 - app - INFO - 数据库检查完成
2026-01-05 18:42:47 - app - INFO - 清理异常中断的任务状态...
2026-01-05 18:42:47 - app - INFO - 升级管理器初始化完成,许可证服务器: http://license.22l2.com
2026-01-05 18:42:47 - app - INFO - Flask应用创建成功
2026-01-05 18:42:47 - app - INFO - 静态文件目录: C:\Data\夸克转存\client\frontend
2026-01-05 18:42:47 - app - INFO - 启动任务调度服务...
2026-01-05 18:42:47 - app - INFO - 检查被中断的影视下载任务...
2026-01-05 18:42:47 - app - INFO - 没有需要恢复的影视下载任务
2026-01-05 18:42:47 - app - INFO - 账期生成循环已启动
2026-01-05 18:42:47 - app - INFO - 账期生成线程已启动
2026-01-05 18:42:47 - app - INFO - 开始生成 2026-01-05 的任务账期
2026-01-05 18:42:47 - app - INFO - 任务执行循环已启动
2026-01-05 18:42:47 - app - INFO - 任务执行线程已启动
2026-01-05 18:42:47 - app - INFO - 日志清理循环已启动
2026-01-05 18:42:47 - app - INFO - 日志清理线程已启动
2026-01-05 18:42:47 - app - INFO - 下次日志清理时间: 2026-01-06 02:00:00
2026-01-05 18:42:47 - app - INFO - ✅ 生成完成，共创建 0 条待执行记录
2026-01-05 18:42:47 - app - INFO - 启动Flask服务: http://0.0.0.0:8520
2026-01-05 18:42:47 - app - INFO - 下次生成账期时间: 2026-01-06 00:00:00, 等待 19032 秒
2026-01-05 18:42:55 - app - INFO - 许可证管理器初始化完成,服务器: http://license.22l2.com
2026-01-05 18:42:55 - app - INFO - 初始化许可证管理器...
2026-01-05 18:42:55 - app - INFO - 许可证管理器初始化完成,服务器: http://license.22l2.com
2026-01-05 18:42:55 - app - INFO - 初始化许可证管理器...
2026-01-05 18:42:56 - app - INFO - 解密密钥设置成功
2026-01-05 18:42:56 - app - INFO - 解密密钥获取成功
2026-01-05 18:42:56 - app - INFO - 解密密钥获取成功，配置已就绪
2026-01-05 18:42:56 - app - INFO - 配置解密成功
2026-01-05 18:42:56 - app - INFO - 夸克API配置加载成功
2026-01-05 18:42:56 - app - INFO - 夸克API配置加载完成
2026-01-05 18:42:56 - app - INFO - 检查数据库...
2026-01-05 18:42:56 - app - INFO - 数据库检查完成
2026-01-05 18:42:56 - app - INFO - 清理异常中断的任务状态...
2026-01-05 18:42:56 - app - INFO - 解密密钥设置成功
2026-01-05 18:42:56 - app - INFO - 解密密钥获取成功
2026-01-05 18:42:56 - app - INFO - 解密密钥获取成功，配置已就绪
2026-01-05 18:42:56 - app - WARNING - 加密配置文件不存在,使用默认配置
2026-01-05 18:42:56 - app - WARNING - 配置解密失败,返回空配置
2026-01-05 18:42:56 - app - ERROR - 夸克API配置未加载,请联系管理员获取配置
2026-01-05 18:42:56 - app - ERROR - 夸克API配置加载失败: 夸克API配置未加载,请联系管理员获取配置
2026-01-05 18:42:56 - app - INFO - 检查数据库...
2026-01-05 18:42:56 - app - INFO - 数据库检查完成
2026-01-05 18:42:56 - app - INFO - 清理异常中断的任务状态...
2026-01-05 18:42:56 - app - INFO - 升级管理器初始化完成,许可证服务器: http://license.22l2.com
2026-01-05 18:42:56 - app - INFO - Flask应用创建成功
2026-01-05 18:42:56 - app - INFO - 静态文件目录: C:\Data\夸克转存\client\frontend
2026-01-05 18:42:56 - app - INFO - 启动任务调度服务...
2026-01-05 18:42:56 - app - INFO - 升级管理器初始化完成,许可证服务器: http://license.22l2.com
2026-01-05 18:42:56 - app - INFO - Flask应用创建成功
2026-01-05 18:42:56 - app - INFO - 静态文件目录: C:\Data\夸克转存\client\frontend
2026-01-05 18:42:56 - app - INFO - 启动任务调度服务...
2026-01-05 18:42:56 - app - INFO - 检查被中断的影视下载任务...
2026-01-05 18:42:56 - app - INFO - 没有需要恢复的影视下载任务
2026-01-05 18:42:56 - app - INFO - 账期生成循环已启动
2026-01-05 18:42:56 - app - INFO - 账期生成线程已启动
2026-01-05 18:42:56 - app - INFO - 开始生成 2026-01-05 的任务账期
2026-01-05 18:42:56 - app - INFO - 任务执行循环已启动
2026-01-05 18:42:56 - app - INFO - ✅ 生成完成，共创建 0 条待执行记录
2026-01-05 18:42:56 - app - INFO - 任务执行线程已启动
2026-01-05 18:42:56 - app - INFO - 下次生成账期时间: 2026-01-06 00:00:00, 等待 19023 秒
2026-01-05 18:42:56 - app - INFO - 日志清理循环已启动
2026-01-05 18:42:56 - app - INFO - 日志清理线程已启动
2026-01-05 18:42:56 - app - INFO - 下次日志清理时间: 2026-01-06 02:00:00
2026-01-05 18:42:56 - app - INFO - 启动Flask服务: http://0.0.0.0:8520
2026-01-05 18:42:56 - app - INFO - 检查被中断的影视下载任务...
2026-01-05 18:42:57 - app - INFO - 没有需要恢复的影视下载任务
2026-01-05 18:42:57 - app - INFO - 账期生成循环已启动
2026-01-05 18:42:57 - app - INFO - 账期生成线程已启动
2026-01-05 18:42:57 - app - INFO - 开始生成 2026-01-05 的任务账期
2026-01-05 18:42:57 - app - INFO - 任务执行循环已启动
2026-01-05 18:42:57 - app - INFO - 任务执行线程已启动
2026-01-05 18:42:57 - app - INFO - 日志清理循环已启动
2026-01-05 18:42:57 - app - INFO - 日志清理线程已启动
2026-01-05 18:42:57 - app - INFO - ✅ 生成完成，共创建 0 条待执行记录
2026-01-05 18:42:57 - app - INFO - 下次日志清理时间: 2026-01-06 02:00:00
2026-01-05 18:42:57 - app - INFO - 启动Flask服务: http://0.0.0.0:8520
2026-01-05 18:42:57 - app - INFO - 下次生成账期时间: 2026-01-06 00:00:00, 等待 19023 秒
2026-01-06 09:13:26 - app - INFO - 开始生成 2026-01-06 的任务账期
2026-01-06 09:13:26 - app - INFO - ✅ 生成完成，共创建 0 条待执行记录
2026-01-06 09:13:26 - app - INFO - 下次生成账期时间: 2026-01-07 00:00:00, 等待 53193 秒
2026-01-06 09:13:26 - app - INFO - 开始生成 2026-01-06 的任务账期
2026-01-06 09:13:26 - app - INFO - ✅ 生成完成，共创建 0 条待执行记录
2026-01-06 09:13:26 - app - INFO - 下次生成账期时间: 2026-01-07 00:00:00, 等待 53193 秒
2026-01-06 09:13:29 - app - INFO - 开始生成 2026-01-06 的任务账期
2026-01-06 09:13:29 - app - INFO - ✅ 生成完成，共创建 0 条待执行记录
2026-01-06 09:13:29 - app - INFO - 下次生成账期时间: 2026-01-07 00:00:00, 等待 53191 秒
2026-01-07 10:31:49 - app - INFO - 开始生成 2026-01-07 的任务账期
2026-01-07 10:31:49 - app - INFO - ✅ 生成完成，共创建 0 条待执行记录
2026-01-07 10:31:49 - app - INFO - 下次生成账期时间: 2026-01-08 00:00:00, 等待 48491 秒
2026-01-07 10:31:51 - app - INFO - 开始生成 2026-01-07 的任务账期
2026-01-07 10:31:51 - app - INFO - ✅ 生成完成，共创建 0 条待执行记录
2026-01-07 10:31:51 - app - INFO - 下次生成账期时间: 2026-01-08 00:00:00, 等待 48488 秒
2026-01-07 12:40:46 - app - INFO - 开始清理超过 30 天的调度日志
2026-01-07 12:40:46 - app - INFO - 没有需要清理的调度日志
2026-01-07 12:40:46 - app - INFO - 下次日志清理时间: 2026-01-08 02:00:00
2026-01-07 12:40:48 - app - INFO - 开始清理超过 30 天的调度日志
2026-01-07 12:40:48 - app - INFO - 开始清理超过 30 天的调度日志
2026-01-07 12:40:48 - app - INFO - 没有需要清理的调度日志
2026-01-07 12:40:48 - app - INFO - 下次日志清理时间: 2026-01-08 02:00:00
2026-01-07 12:40:48 - app - INFO - 没有需要清理的调度日志
2026-01-07 12:40:48 - app - INFO - 下次日志清理时间: 2026-01-08 02:00:00
